--------- beginning of crash
10-17 09:31:19.517 26369 26474 F libc    : Fatal signal 11 (SIGSEGV), code 1 (SEGV_MAPERR), fault addr 0x0 in tid 26474 (RenderThread), pid 26369 (terregistration)
10-17 09:33:22.268 26975 26975 E AndroidRuntime: FATAL EXCEPTION: main
10-17 09:33:22.268 26975 26975 E AndroidRuntime: Process: com.nomadconsultants.caucusvoterregistration, PID: 26975
10-17 09:33:22.268 26975 26975 E AndroidRuntime: java.lang.RuntimeException: Failure delivering result ResultInfo{who=null, request=66873, result=-1, data=Intent { (has extras) }} to activity {com.nomadconsultants.caucusvoterregistration/com.nomadconsultants.caucusvoterregistration.MainActivity}: java.lang.ArrayIndexOutOfBoundsException: length=1; index=7
10-17 09:33:22.268 26975 26975 E AndroidRuntime: 	at android.app.ActivityThread.deliverResults(ActivityThread.java:4596)
10-17 09:33:22.268 26975 26975 E AndroidRuntime: 	at android.app.ActivityThread.handleSendResult(ActivityThread.java:4638)
10-17 09:33:22.268 26975 26975 E AndroidRuntime: 	at android.app.servertransaction.ActivityResultItem.execute(ActivityResultItem.java:49)
10-17 09:33:22.268 26975 26975 E AndroidRuntime: 	at android.app.servertransaction.TransactionExecutor.executeCallbacks(TransactionExecutor.java:108)
10-17 09:33:22.268 26975 26975 E AndroidRuntime: 	at android.app.servertransaction.TransactionExecutor.execute(TransactionExecutor.java:68)
10-17 09:33:22.268 26975 26975 E AndroidRuntime: 	at android.app.ActivityThread$H.handleMessage(ActivityThread.java:1976)
10-17 09:33:22.268 26975 26975 E AndroidRuntime: 	at android.os.Handler.dispatchMessage(Handler.java:106)
10-17 09:33:22.268 26975 26975 E AndroidRuntime: 	at android.os.Looper.loop(Looper.java:193)
10-17 09:33:22.268 26975 26975 E AndroidRuntime: 	at android.app.ActivityThread.main(ActivityThread.java:6912)
10-17 09:33:22.268 26975 26975 E AndroidRuntime: 	at java.lang.reflect.Method.invoke(Native Method)
10-17 09:33:22.268 26975 26975 E AndroidRuntime: 	at com.android.internal.os.RuntimeInit$MethodAndArgsCaller.run(RuntimeInit.java:493)
10-17 09:33:22.268 26975 26975 E AndroidRuntime: 	at com.android.internal.os.ZygoteInit.main(ZygoteInit.java:860)
10-17 09:33:22.268 26975 26975 E AndroidRuntime: Caused by: java.lang.ArrayIndexOutOfBoundsException: length=1; index=7
10-17 09:33:22.268 26975 26975 E AndroidRuntime: 	at com.nomadconsultants.caucusvoterregistration.ui.StartScanFragment.searchScanResult(StartScanFragment.java:214)
10-17 09:33:22.268 26975 26975 E AndroidRuntime: 	at com.nomadconsultants.caucusvoterregistration.ui.StartScanFragment.handleScanResultIntent(StartScanFragment.java:164)
10-17 09:33:22.268 26975 26975 E AndroidRuntime: 	at com.nomadconsultants.caucusvoterregistration.ui.StartScanFragment.onActivityResult(StartScanFragment.java:153)
10-17 09:33:22.268 26975 26975 E AndroidRuntime: 	at androidx.fragment.app.FragmentActivity.onActivityResult(FragmentActivity.java:160)
10-17 09:33:22.268 26975 26975 E AndroidRuntime: 	at android.app.Activity.dispatchActivityResult(Activity.java:7472)
10-17 09:33:22.268 26975 26975 E AndroidRuntime: 	at android.app.ActivityThread.deliverResults(ActivityThread.java:4589)
10-17 09:33:22.268 26975 26975 E AndroidRuntime: 	... 11 more
11-03 07:57:43.999 21514 21514 F libc    : Fatal signal 11 (SIGSEGV), code 1 (SEGV_MAPERR), fault addr 0x1c in tid 21514 (analytics.outly), pid 21514 (analytics.outly)
11-03 07:57:44.175 13175 13175 F DEBUG   : *** *** *** *** *** *** *** *** *** *** *** *** *** *** *** ***
11-03 07:57:44.176 13175 13175 F DEBUG   : Build fingerprint: 'motorola/payton_fi/payton_sprout:9/PPWS29.69-39-6-1/3b3f1:user/release-keys'
11-03 07:57:44.176 13175 13175 F DEBUG   : Revision: 'p4'
11-03 07:57:44.176 13175 13175 F DEBUG   : ABI: 'arm'
11-03 07:57:44.176 13175 13175 F DEBUG   : pid: 21514, tid: 21514, name: analytics.outly  >>> com.outsideanalytics.outly <<<
11-03 07:57:44.176 13175 13175 F DEBUG   : signal 11 (SIGSEGV), code 1 (SEGV_MAPERR), fault addr 0x1c
11-03 07:57:44.176 13175 13175 F DEBUG   : Cause: null pointer dereference
11-03 07:57:44.176 13175 13175 F DEBUG   :     r0  0000001c  r1  ffb26e2c  r2  ffb26e20  r3  00000000
11-03 07:57:44.176 13175 13175 F DEBUG   :     r4  00000000  r5  d1d290a0  r6  00000000  r7  00000000
11-03 07:57:44.176 13175 13175 F DEBUG   :     r8  e30f43fc  r9  d1d03ac0  r10 00000000  r11 f00f6ca8
11-03 07:57:44.176 13175 13175 F DEBUG   :     ip  00000001  sp  ffb26e10  lr  e2f33155  pc  e2e9b67c
11-03 07:57:44.418 13175 13175 F DEBUG   : 
11-03 07:57:44.418 13175 13175 F DEBUG   : backtrace:
11-03 07:57:44.418 13175 13175 F DEBUG   :     #00 pc 000e467c  /system/vendor/lib/egl/libGLESv2_adreno.so (EsxFramebufferObject::DetachAll(EsxContext*)+56)
11-03 07:57:44.419 13175 13175 F DEBUG   :     #01 pc 0017c151  /system/vendor/lib/egl/libGLESv2_adreno.so (EglContext::UnmakeCurrentEsx()+224)
11-03 07:57:44.419 13175 13175 F DEBUG   :     #02 pc 0017c039  /system/vendor/lib/egl/libGLESv2_adreno.so (EglContext::UnmakeCurrent()+72)
11-03 07:57:44.419 13175 13175 F DEBUG   :     #03 pc 0017cc1b  /system/vendor/lib/egl/libGLESv2_adreno.so (EglThreadList::SearchCurrentDisplayAndUnmake(EglDisplay*)+150)
11-03 07:57:44.419 13175 13175 F DEBUG   :     #04 pc 0017c8f3  /system/vendor/lib/egl/libGLESv2_adreno.so (EglDisplay::Terminate(int)+98)
11-03 07:57:44.419 13175 13175 F DEBUG   :     #05 pc 00175ee7  /system/vendor/lib/egl/libGLESv2_adreno.so (EglApi::Terminate(void*)+50)
11-03 07:57:44.419 13175 13175 F DEBUG   :     #06 pc 0000924b  /system/lib/libEGL.so (android::egl_display_t::terminate()+70)
11-03 07:57:44.419 13175 13175 F DEBUG   :     #07 pc 0004717f  /system/lib/libgui.so (android::GLConsumer::EglImage::~EglImage()+42)
11-03 07:57:44.419 13175 13175 F DEBUG   :     #08 pc 00047055  /system/lib/libgui.so (android::GLConsumer::abandonLocked()+42)
11-03 07:57:44.419 13175 13175 F DEBUG   :     #09 pc 00040383  /system/lib/libgui.so (android::ConsumerBase::onLastStrongRef(void const*)+26)
11-03 07:57:44.419 13175 13175 F DEBUG   :     #10 pc 000deeab  /system/lib/libandroid_runtime.so (android::SurfaceTexture_release(_JNIEnv*, _jobject*)+50)
11-03 07:57:44.419 13175 13175 F DEBUG   :     #11 pc 003b2e83  /system/framework/arm/boot-framework.oat (offset 0x3ad000) (android.graphics.Camera.nativeConstructor [DEDUPED]+74)
11-03 07:57:44.419 13175 13175 F DEBUG   :     #12 pc 006f7909  /system/framework/arm/boot-framework.oat (offset 0x3ad000) (android.graphics.SurfaceTexture.release+40)
11-03 07:57:44.419 13175 13175 F DEBUG   :     #13 pc 00b17a45  /system/framework/arm/boot-framework.oat (offset 0x3ad000) (android.view.TextureView.releaseSurfaceTexture+220)
11-03 07:57:44.419 13175 13175 F DEBUG   :     #14 pc 00b183ed  /system/framework/arm/boot-framework.oat (offset 0x3ad000) (android.view.TextureView.onDetachedFromWindowInternal+268)
11-03 07:57:44.419 13175 13175 F DEBUG   :     #15 pc 00a7d7e1  /system/framework/arm/boot-framework.oat (offset 0x3ad000) (android.view.View.dispatchDetachedFromWindow+144)
11-03 07:57:44.419 13175 13175 F DEBUG   :     #16 pc 00b1e1e9  /system/framework/arm/boot-framework.oat (offset 0x3ad000) (android.view.ViewGroup.dispatchDetachedFromWindow+232)
11-03 07:57:44.419 13175 13175 F DEBUG   :     #17 pc 00b1e1e9  /system/framework/arm/boot-framework.oat (offset 0x3ad000) (android.view.ViewGroup.dispatchDetachedFromWindow+232)
11-03 07:57:44.419 13175 13175 F DEBUG   :     #18 pc 00b1e1e9  /system/framework/arm/boot-framework.oat (offset 0x3ad000) (android.view.ViewGroup.dispatchDetachedFromWindow+232)
11-03 07:57:44.419 13175 13175 F DEBUG   :     #19 pc 00b1e1e9  /system/framework/arm/boot-framework.oat (offset 0x3ad000) (android.view.ViewGroup.dispatchDetachedFromWindow+232)
11-03 07:57:44.419 13175 13175 F DEBUG   :     #20 pc 00b1e1e9  /system/framework/arm/boot-framework.oat (offset 0x3ad000) (android.view.ViewGroup.dispatchDetachedFromWindow+232)
11-03 07:57:44.419 13175 13175 F DEBUG   :     #21 pc 00b1e1e9  /system/framework/arm/boot-framework.oat (offset 0x3ad000) (android.view.ViewGroup.dispatchDetachedFromWindow+232)
11-03 07:57:44.419 13175 13175 F DEBUG   :     #22 pc 00b1e1e9  /system/framework/arm/boot-framework.oat (offset 0x3ad000) (android.view.ViewGroup.dispatchDetachedFromWindow+232)
11-03 07:57:44.419 13175 13175 F DEBUG   :     #23 pc 00b1e1e9  /system/framework/arm/boot-framework.oat (offset 0x3ad000) (android.view.ViewGroup.dispatchDetachedFromWindow+232)
11-03 07:57:44.419 13175 13175 F DEBUG   :     #24 pc 00b1e1e9  /system/framework/arm/boot-framework.oat (offset 0x3ad000) (android.view.ViewGroup.dispatchDetachedFromWindow+232)
11-03 07:57:44.419 13175 13175 F DEBUG   :     #25 pc 00b1e1e9  /system/framework/arm/boot-framework.oat (offset 0x3ad000) (android.view.ViewGroup.dispatchDetachedFromWindow+232)
11-03 07:57:44.419 13175 13175 F DEBUG   :     #26 pc 00b1e1e9  /system/framework/arm/boot-framework.oat (offset 0x3ad000) (android.view.ViewGroup.dispatchDetachedFromWindow+232)
11-03 07:57:44.419 13175 13175 F DEBUG   :     #27 pc 00b1e1e9  /system/framework/arm/boot-framework.oat (offset 0x3ad000) (android.view.ViewGroup.dispatchDetachedFromWindow+232)
11-03 07:57:44.419 13175 13175 F DEBUG   :     #28 pc 00b1e1e9  /system/framework/arm/boot-framework.oat (offset 0x3ad000) (android.view.ViewGroup.dispatchDetachedFromWindow+232)
11-03 07:57:44.419 13175 13175 F DEBUG   :     #29 pc 00aa5bbb  /system/framework/arm/boot-framework.oat (offset 0x3ad000) (android.view.ViewRootImpl.dispatchDetachedFromWindow+178)
11-03 07:57:44.419 13175 13175 F DEBUG   :     #30 pc 00aa628f  /system/framework/arm/boot-framework.oat (offset 0x3ad000) (android.view.ViewRootImpl.doDie+102)
11-03 07:57:44.419 13175 13175 F DEBUG   :     #31 pc 00aa5673  /system/framework/arm/boot-framework.oat (offset 0x3ad000) (android.view.ViewRootImpl.die+58)
11-03 07:57:44.419 13175 13175 F DEBUG   :     #32 pc 009c7385  /system/framework/arm/boot-framework.oat (offset 0x3ad000) (android.view.WindowManagerGlobal.removeViewLocked+244)
11-03 07:57:44.420 13175 13175 F DEBUG   :     #33 pc 009c8365  /system/framework/arm/boot-framework.oat (offset 0x3ad000) (android.view.WindowManagerGlobal.removeView+180)
11-03 07:57:44.420 13175 13175 F DEBUG   :     #34 pc 00b27871  /system/framework/arm/boot-framework.oat (offset 0x3ad000) (android.view.WindowManagerImpl.removeViewImmediate+56)
11-03 07:57:44.420 13175 13175 F DEBUG   :     #35 pc 00768bc9  /system/framework/arm/boot-framework.oat (offset 0x3ad000) (android.app.ActivityThread.handleDestroyActivity+272)
11-03 07:57:44.420 13175 13175 F DEBUG   :     #36 pc 008ff0c7  /system/framework/arm/boot-framework.oat (offset 0x3ad000) (android.app.servertransaction.DestroyActivityItem.execute+118)
11-03 07:57:44.420 13175 13175 F DEBUG   :     #37 pc 006961dd  /system/framework/arm/boot-framework.oat (offset 0x3ad000) (android.app.servertransaction.TransactionExecutor.executeLifecycleState+308)
11-03 07:57:44.420 13175 13175 F DEBUG   :     #38 pc 00696755  /system/framework/arm/boot-framework.oat (offset 0x3ad000) (android.app.servertransaction.TransactionExecutor.execute+236)
11-03 07:57:44.420 13175 13175 F DEBUG   :     #39 pc 00759349  /system/framework/arm/boot-framework.oat (offset 0x3ad000) (android.app.ActivityThread$H.handleMessage+1520)
11-03 07:57:44.420 13175 13175 F DEBUG   :     #40 pc 00913c69  /system/framework/arm/boot-framework.oat (offset 0x3ad000) (android.os.Handler.dispatchMessage+136)
11-03 07:57:44.420 13175 13175 F DEBUG   :     #41 pc 00916363  /system/framework/arm/boot-framework.oat (offset 0x3ad000) (android.os.Looper.loop+1162)
11-03 07:57:44.420 13175 13175 F DEBUG   :     #42 pc 00763ef7  /system/framework/arm/boot-framework.oat (offset 0x3ad000) (android.app.ActivityThread.main+782)
11-03 07:57:44.420 13175 13175 F DEBUG   :     #43 pc 0040f175  /system/lib/libart.so (art_quick_invoke_stub_internal+68)
11-03 07:57:44.420 13175 13175 F DEBUG   :     #44 pc 003e866b  /system/lib/libart.so (art_quick_invoke_static_stub+222)
11-03 07:57:44.420 13175 13175 F DEBUG   :     #45 pc 000a1027  /system/lib/libart.so (art::ArtMethod::Invoke(art::Thread*, unsigned int*, unsigned int, art::JValue*, char const*)+154)
11-03 07:57:44.420 13175 13175 F DEBUG   :     #46 pc 003494b5  /system/lib/libart.so (art::(anonymous namespace)::InvokeWithArgArray(art::ScopedObjectAccessAlreadyRunnable const&, art::ArtMethod*, art::(anonymous namespace)::ArgArray*, art::JValue*, char const*)+52)
11-03 07:57:44.420 13175 13175 F DEBUG   :     #47 pc 0034a905  /system/lib/libart.so (art::InvokeMethod(art::ScopedObjectAccessAlreadyRunnable const&, _jobject*, _jobject*, _jobject*, unsigned int)+1024)
11-03 07:57:44.420 13175 13175 F DEBUG   :     #48 pc 002fcabd  /system/lib/libart.so (art::Method_invoke(_JNIEnv*, _jobject*, _jobject*, _jobjectArray*)+40)
11-03 07:57:44.420 13175 13175 F DEBUG   :     #49 pc 0011226f  /system/framework/arm/boot-core-oj.oat (offset 0x10c000) (java.lang.Class.getDeclaredMethodInternal [DEDUPED]+110)
11-03 07:57:44.420 13175 13175 F DEBUG   :     #50 pc 00a0ffeb  /system/framework/arm/boot-framework.oat (offset 0x3ad000) (com.android.internal.os.RuntimeInit$MethodAndArgsCaller.run+114)
11-03 07:57:44.420 13175 13175 F DEBUG   :     #51 pc 00a15f4d  /system/framework/arm/boot-framework.oat (offset 0x3ad000) (com.android.internal.os.ZygoteInit.main+2836)
11-03 07:57:44.420 13175 13175 F DEBUG   :     #52 pc 0040f175  /system/lib/libart.so (art_quick_invoke_stub_internal+68)
11-03 07:57:44.420 13175 13175 F DEBUG   :     #53 pc 003e866b  /system/lib/libart.so (art_quick_invoke_static_stub+222)
11-03 07:57:44.420 13175 13175 F DEBUG   :     #54 pc 000a1027  /system/lib/libart.so (art::ArtMethod::Invoke(art::Thread*, unsigned int*, unsigned int, art::JValue*, char const*)+154)
11-03 07:57:44.420 13175 13175 F DEBUG   :     #55 pc 003494b5  /system/lib/libart.so (art::(anonymous namespace)::InvokeWithArgArray(art::ScopedObjectAccessAlreadyRunnable const&, art::ArtMethod*, art::(anonymous namespace)::ArgArray*, art::JValue*, char const*)+52)
11-03 07:57:44.420 13175 13175 F DEBUG   :     #56 pc 003492df  /system/lib/libart.so (art::InvokeWithVarArgs(art::ScopedObjectAccessAlreadyRunnable const&, _jobject*, _jmethodID*, std::__va_list)+310)
11-03 07:57:44.420 13175 13175 F DEBUG   :     #57 pc 0028fb01  /system/lib/libart.so (art::JNI::CallStaticVoidMethodV(_JNIEnv*, _jclass*, _jmethodID*, std::__va_list)+444)
11-03 07:57:44.420 13175 13175 F DEBUG   :     #58 pc 0006cf8b  /system/lib/libandroid_runtime.so (_JNIEnv::CallStaticVoidMethod(_jclass*, _jmethodID*, ...)+30)
11-03 07:57:44.421 13175 13175 F DEBUG   :     #59 pc 0006f1e3  /system/lib/libandroid_runtime.so (android::AndroidRuntime::start(char const*, android::Vector<android::String8> const&, bool)+458)
11-03 07:57:44.421 13175 13175 F DEBUG   :     #60 pc 000019e1  /system/bin/app_process32 (main+728)
11-03 07:57:44.421 13175 13175 F DEBUG   :     #61 pc 0008affd  /system/lib/libc.so (__libc_init+48)
11-03 07:57:44.421 13175 13175 F DEBUG   :     #62 pc 000016c7  /system/bin/app_process32 (_start_main+38)
11-03 07:57:44.421 13175 13175 F DEBUG   :     #63 pc 00000306  <anonymous:f3d69000>
--------- beginning of system
11-04 08:07:26.198  1756  8511 I chatty  : uid=1000(system) Binder:1756_1B expire 1 line
11-04 08:07:26.258  1756  5957 I chatty  : uid=1000(system) Binder:1756_15 expire 3 lines
11-04 08:08:18.202  1756  1756 I chatty  : uid=1000 system_server expire 21 lines
11-04 08:08:24.715  1266  1448 E storaged: getDiskStats failed with result NOT_SUPPORTED and size 0
11-04 08:08:31.228  1756  2806 I chatty  : uid=1000(system) uteStateMachine expire 10 lines
11-04 08:08:31.308  3282  9338 D ProcSpeedReader: Failed to read freq stats from null
11-04 08:08:31.344  3282  9338 D ProcSpeedReader: Failed to read freq stats from null
11-04 08:08:38.551  1756  4264 I chatty  : uid=1000(system) Binder:1756_11 expire 17 lines
11-04 08:08:45.999  1756  2807 I chatty  : uid=1000(system) CallAudioModeSt expire 11 lines
11-04 08:08:46.148  1756  1756 I chatty  : uid=1000 system_server expire 10 lines
11-04 08:08:46.158  1756  5957 I chatty  : uid=1000(system) Binder:1756_15 expire 13 lines
11-04 08:08:46.265  1756  1949 I chatty  : uid=1000(system) ActivityManager expire 16 lines
11-04 08:08:46.269  1756  2806 I chatty  : uid=1000(system) uteStateMachine expire 10 lines
11-04 08:08:46.287  2747  2747 I Telephony: TelephonyConnectionService: notifyCreateConnectionComplete TC@72_1: (...->CSW.hCCC)->CS.crCoC->H.CS.crCoC@E-E-E-kcY
11-04 08:08:46.314  1756 16668 I chatty  : uid=1000(system) Binder:1756_20 expire 25 lines
11-04 08:08:46.320  1756  8145 I chatty  : uid=1000(system) Binder:1756_18 expire 6 lines
11-04 08:08:46.344  3282  9338 D ProcSpeedReader: Failed to read freq stats from null
11-04 08:08:46.418  3282  9338 D ProcSpeedReader: Failed to read freq stats from null
11-04 08:08:46.573 31268 31268 E ActivityThread: Failed to find provider info for google.ims.sipmsgprovider
11-04 08:08:46.599 31268 31307 E ActivityThread: Failed to find provider info for google.ims.sipmsgprovider
11-04 08:08:47.000  1756  1967 I chatty  : uid=1000(system) android.display expire 4 lines
11-04 08:08:47.063  1756  8511 I chatty  : uid=1000(system) Binder:1756_1B expire 4 lines
11-04 08:08:55.090  1756  9657 I chatty  : uid=1000(system) Binder:1756_1D expire 10 lines
11-04 08:09:23.018  1756  2282 I chatty  : uid=1000(system) UEventObserver expire 10 lines
11-04 08:09:24.398  1266  1448 E storaged: getDiskStats failed with result NOT_SUPPORTED and size 0
11-04 08:09:25.507  1756  5957 I chatty  : uid=1000(system) Binder:1756_15 expire 7 lines
11-04 08:09:25.512  1756  4264 I chatty  : uid=1000(system) Binder:1756_11 expire 19 lines
11-04 08:09:25.594  1756  1756 I chatty  : uid=1000 system_server expire 11 lines
11-04 08:10:08.860  1756  2806 I chatty  : uid=1000(system) uteStateMachine expire 13 lines
11-04 08:10:08.869  1756  2800 I chatty  : uid=1000(system) BluetoothRouteM expire 1 line
11-04 08:10:08.890  1756 32229 I chatty  : uid=1000 system_server expire 1 line
11-04 08:10:08.922  1756  1951 I chatty  : uid=1000(system) ActivityManager expire 4 lines
11-04 08:10:09.294  3282  9338 D ProcSpeedReader: Failed to read freq stats from null
11-04 08:10:09.362  3282  9338 D ProcSpeedReader: Failed to read freq stats from null
11-04 08:10:24.400  1266  1448 E storaged: getDiskStats failed with result NOT_SUPPORTED and size 0
11-04 08:11:24.405  1266  1448 E storaged: getDiskStats failed with result NOT_SUPPORTED and size 0
11-04 08:11:48.748  1756 11788 I chatty  : uid=1000(system) Binder:1756_1E expire 4 lines
11-04 08:11:57.618  1756  2432 I chatty  : uid=1000(system) InputDispatcher expire 2 lines
11-04 08:11:57.625  3282  9338 D ProcSpeedReader: Failed to read freq stats from null
11-04 08:11:57.642  3282  9338 D ProcSpeedReader: Failed to read freq stats from null
11-04 08:11:57.721  1756  1949 I chatty  : uid=1000(system) ActivityManager expire 8 lines
11-04 08:12:01.871  1756 16668 I chatty  : uid=1000(system) Binder:1756_20 expire 4 lines
11-04 08:12:01.913  3282  9338 D ProcSpeedReader: Failed to read freq stats from null
11-04 08:12:01.928  3282  9338 D ProcSpeedReader: Failed to read freq stats from null
11-04 08:12:01.952  3282  9338 D ProcSpeedReader: Failed to read freq stats from null
11-04 08:12:01.999  3282  9338 D ProcSpeedReader: Failed to read freq stats from null
11-04 08:12:06.403  3282  9338 D ProcSpeedReader: Failed to read freq stats from null
11-04 08:12:06.433  3282  9338 D ProcSpeedReader: Failed to read freq stats from null
11-04 08:12:24.407  1266  1448 E storaged: getDiskStats failed with result NOT_SUPPORTED and size 0
11-04 08:13:24.408  1266  1448 E storaged: getDiskStats failed with result NOT_SUPPORTED and size 0
11-04 08:14:03.569  1756  1953 I chatty  : uid=1000(system) batterystats-wo expire 1 line
11-04 08:14:24.409  1266  1448 E storaged: getDiskStats failed with result NOT_SUPPORTED and size 0
11-04 08:14:56.424  1756  2806 I chatty  : uid=1000(system) uteStateMachine expire 9 lines
11-04 08:15:24.410  1266  1448 E storaged: getDiskStats failed with result NOT_SUPPORTED and size 0
11-04 08:15:29.176  1756  4264 I chatty  : uid=1000(system) Binder:1756_11 expire 3 lines
11-04 08:16:24.411  1266  1448 E storaged: getDiskStats failed with result NOT_SUPPORTED and size 0
11-04 08:16:27.192  1756  2282 I chatty  : uid=1000(system) UEventObserver expire 11 lines
11-04 08:17:24.213  1756  1948 I chatty  : uid=1000(system) android.bg expire 2 lines
11-04 08:17:24.413  1266  1448 E storaged: getDiskStats failed with result NOT_SUPPORTED and size 0
11-04 08:18:24.414  1266  1448 E storaged: getDiskStats failed with result NOT_SUPPORTED and size 0
11-04 08:19:24.415  1266  1448 E storaged: getDiskStats failed with result NOT_SUPPORTED and size 0
11-04 08:20:24.417  1266  1448 E storaged: getDiskStats failed with result NOT_SUPPORTED and size 0
11-04 08:21:24.417  1266  1448 E storaged: getDiskStats failed with result NOT_SUPPORTED and size 0
11-04 08:22:24.419  1266  1448 E storaged: getDiskStats failed with result NOT_SUPPORTED and size 0
11-04 08:23:24.420  1266  1448 E storaged: getDiskStats failed with result NOT_SUPPORTED and size 0
11-04 08:23:28.371  1756  7524 I chatty  : uid=1000(system) Binder:1756_17 expire 5 lines
11-04 08:24:24.421  1266  1448 E storaged: getDiskStats failed with result NOT_SUPPORTED and size 0
11-04 08:25:24.422  1266  1448 E storaged: getDiskStats failed with result NOT_SUPPORTED and size 0
11-04 08:25:28.633  1756  2282 I chatty  : uid=1000(system) UEventObserver expire 10 lines
11-04 08:26:24.423  1266  1448 E storaged: getDiskStats failed with result NOT_SUPPORTED and size 0
11-04 08:27:24.425  1266  1448 E storaged: getDiskStats failed with result NOT_SUPPORTED and size 0
11-04 08:28:24.426  1266  1448 E storaged: getDiskStats failed with result NOT_SUPPORTED and size 0
11-04 08:28:29.177  1756  9657 I chatty  : uid=1000(system) Binder:1756_1D expire 6 lines
11-04 08:29:24.427  1266  1448 E storaged: getDiskStats failed with result NOT_SUPPORTED and size 0
11-04 08:30:24.429  1266  1448 E storaged: getDiskStats failed with result NOT_SUPPORTED and size 0
11-04 08:31:24.430  1266  1448 E storaged: getDiskStats failed with result NOT_SUPPORTED and size 0
11-04 08:32:24.431  1266  1448 E storaged: getDiskStats failed with result NOT_SUPPORTED and size 0
11-04 08:33:24.433  1266  1448 E storaged: getDiskStats failed with result NOT_SUPPORTED and size 0
11-04 08:34:24.436  1266  1448 E storaged: getDiskStats failed with result NOT_SUPPORTED and size 0
11-04 08:34:30.072  1756  2282 I chatty  : uid=1000(system) UEventObserver expire 7 lines
11-04 08:35:24.444  1266  1448 E storaged: getDiskStats failed with result NOT_SUPPORTED and size 0
11-04 08:36:24.446  1266  1448 E storaged: getDiskStats failed with result NOT_SUPPORTED and size 0
11-04 08:37:24.448  1266  1448 E storaged: getDiskStats failed with result NOT_SUPPORTED and size 0
11-04 08:38:24.449  1266  1448 E storaged: getDiskStats failed with result NOT_SUPPORTED and size 0
11-04 08:39:24.450  1266  1448 E storaged: getDiskStats failed with result NOT_SUPPORTED and size 0
11-04 08:39:50.583  1756  2504 I chatty  : uid=1000(system) ConnectivitySer expire 1 line
11-04 08:40:14.515  1756  1966 I chatty  : uid=1000(system) android.io expire 2 lines
11-04 08:40:24.452  1266  1448 E storaged: getDiskStats failed with result NOT_SUPPORTED and size 0
11-04 08:40:31.033  1756  2282 I chatty  : uid=1000(system) UEventObserver expire 10 lines
11-04 08:40:55.931  1756  1951 I chatty  : uid=1000(system) ActivityManager expire 10 lines
11-04 08:40:56.328  1756  1949 I chatty  : uid=1000(system) ActivityManager expire 11 lines
11-04 08:41:24.453  1266  1448 E storaged: getDiskStats failed with result NOT_SUPPORTED and size 0
11-04 08:42:22.695  1756  4257 I chatty  : uid=1000(system) Binder:1756_F expire 3 lines
11-04 08:42:22.762  1756  8511 I chatty  : uid=1000(system) Binder:1756_1B expire 4 lines
11-04 08:42:24.455  1266  1448 E storaged: getDiskStats failed with result NOT_SUPPORTED and size 0
11-04 08:43:24.607  1266  1448 E storaged: getDiskStats failed with result NOT_SUPPORTED and size 0
11-04 08:44:24.608  1266  1448 E storaged: getDiskStats failed with result NOT_SUPPORTED and size 0
11-04 08:45:00.016  1756 16668 I chatty  : uid=1000(system) Binder:1756_20 expire 2 lines
11-04 08:45:00.105  1756  1967 I chatty  : uid=1000(system) android.display expire 1 line
11-04 08:45:24.610  1266  1448 E storaged: getDiskStats failed with result NOT_SUPPORTED and size 0
11-04 08:46:24.611  1266  1448 E storaged: getDiskStats failed with result NOT_SUPPORTED and size 0
11-04 08:47:01.370  1756  1822 I chatty  : uid=1000(system) Binder:1756_1 expire 9 lines
11-04 08:47:01.603  1756  7524 I chatty  : uid=1000(system) Binder:1756_17 expire 6 lines
11-04 08:47:01.687  1756  5174 I chatty  : uid=1000(system) Binder:1756_12 expire 3 lines
11-04 08:47:22.840  1756  8478 I chatty  : uid=1000(system) Binder:1756_1A expire 3 lines
11-04 08:47:22.840  1756  2504 I chatty  : uid=1000(system) ConnectivitySer expire 1 line
11-04 08:47:24.612  1266  1448 E storaged: getDiskStats failed with result NOT_SUPPORTED and size 0
11-04 08:47:32.204  1756  1953 I chatty  : uid=1000(system) batterystats-wo expire 1 line
11-04 08:48:24.615  1266  1448 E storaged: getDiskStats failed with result NOT_SUPPORTED and size 0
11-04 08:49:01.663  1756  2676 I chatty  : uid=1000(system) Binder:1756_6 expire 14 lines
11-04 08:49:24.617  1266  1448 E storaged: getDiskStats failed with result NOT_SUPPORTED and size 0
11-04 08:49:32.472  1756  2282 I chatty  : uid=1000(system) UEventObserver expire 10 lines
11-04 08:50:24.618  1266  1448 E storaged: getDiskStats failed with result NOT_SUPPORTED and size 0
11-04 08:51:24.619  1266  1448 E storaged: getDiskStats failed with result NOT_SUPPORTED and size 0
11-04 08:52:24.621  1266  1448 E storaged: getDiskStats failed with result NOT_SUPPORTED and size 0
11-04 08:53:24.622  1266  1448 E storaged: getDiskStats failed with result NOT_SUPPORTED and size 0
11-04 08:53:46.695  1756  3426 I chatty  : uid=1000(system) Binder:1756_A expire 18 lines
11-04 08:53:52.745  1756  8406 I chatty  : uid=1000(system) Binder:1756_19 expire 3 lines
11-04 08:53:52.750  1756  1823 I chatty  : uid=1000(system) Binder:1756_2 expire 13 lines
11-04 08:53:52.775  1756  1756 I chatty  : uid=1000 system_server expire 35 lines
11-04 08:53:52.864  2747  2747 I Telephony: TelephonyConnectionService: notifyCreateConnectionComplete TC@73_1: (...->CSW.hCCC)->CS.crCoC->H.CS.crCoC@E-E-E-kwo
11-04 08:53:52.866  1756  2219 I chatty  : uid=1000 system_server expire 1 line
11-04 08:53:53.443  1756  2806 I chatty  : uid=1000(system) uteStateMachine expire 23 lines
11-04 08:53:53.443  1756  2807 I chatty  : uid=1000(system) CallAudioModeSt expire 10 lines
11-04 08:53:53.451  1756  3866 I chatty  : uid=1000(system) tonegenerator-d expire 1 line
11-04 08:53:53.645  2220  2220 E ActivityThread: Failed to find provider info for google.ims.sipmsgprovider
11-04 08:53:53.668  2220  2244 E ActivityThread: Failed to find provider info for google.ims.sipmsgprovider
11-04 08:53:53.954  1756  2341 I chatty  : uid=1000 system_server expire 3 lines
11-04 08:54:13.845  1756  2377 I chatty  : uid=1000 system_server expire 1 line
11-04 08:54:13.851  1756  1949 I chatty  : uid=1000(system) ActivityManager expire 7 lines
11-04 08:54:24.082  1266  1448 E storaged: getDiskStats failed with result NOT_SUPPORTED and size 0
11-04 08:55:24.083  1266  1448 E storaged: getDiskStats failed with result NOT_SUPPORTED and size 0
11-04 08:56:24.085  1266  1448 E storaged: getDiskStats failed with result NOT_SUPPORTED and size 0
11-04 08:56:40.778  1756  1951 I chatty  : uid=1000(system) ActivityManager expire 2 lines
11-04 08:56:40.911  2615  2615 D ActivityThread: Loading provider com.whatsapp.provider.contact: com.whatsapp.contact.ContactProvider
11-04 08:56:41.239  1756  2676 I chatty  : uid=1000(system) Binder:1756_6 expire 1 line
11-04 08:57:24.086  1266  1448 E storaged: getDiskStats failed with result NOT_SUPPORTED and size 0
11-04 08:58:24.088  1266  1448 E storaged: getDiskStats failed with result NOT_SUPPORTED and size 0
11-04 08:58:33.370  1756  2282 I chatty  : uid=1000(system) UEventObserver expire 4 lines
11-04 08:59:24.089  1266  1448 E storaged: getDiskStats failed with result NOT_SUPPORTED and size 0
11-04 08:59:58.557  1756  1756 I chatty  : uid=1000 system_server expire 19 lines
11-04 08:59:58.663  1756  2806 I chatty  : uid=1000(system) uteStateMachine expire 10 lines
11-04 08:59:58.850  1756  2655 I chatty  : uid=1000(system) Binder:1756_5 expire 1 line
11-04 08:59:59.015  1756  8689 I chatty  : uid=1000(system) Binder:1756_1C expire 16 lines
11-04 08:59:59.019  1756  2807 I chatty  : uid=1000(system) CallAudioModeSt expire 2 lines
11-04 08:59:59.135  1756  5942 I chatty  : uid=1000(system) Binder:1756_14 expire 11 lines
11-04 08:59:59.179  1756  1949 I chatty  : uid=1000(system) ActivityManager expire 14 lines
11-04 08:59:59.181  1756  1756 I chatty  : uid=1000 system_server expire 13 lines
11-04 08:59:59.181  1756  2806 I chatty  : uid=1000(system) uteStateMachine expire 10 lines
11-04 08:59:59.195  1756  1822 I chatty  : uid=1000(system) Binder:1756_1 expire 12 lines
11-04 08:59:59.619  2747  2747 I Telephony: TelephonyConnectionService: notifyCreateConnectionComplete TC@74_1: (...->CSW.hCCC)->CS.crCoC->H.CS.crCoC@E-E-E-k1Q
11-04 08:59:59.647  1756  2807 I chatty  : uid=1000(system) CallAudioModeSt expire 9 lines
11-04 08:59:59.657  1756  2655 I chatty  : uid=1000(system) Binder:1756_5 expire 3 lines
11-04 08:59:59.682  3282  9338 D ProcSpeedReader: Failed to read freq stats from null
11-04 08:59:59.709  3282  9338 D ProcSpeedReader: Failed to read freq stats from null
11-04 08:59:59.961  2220  2220 E ActivityThread: Failed to find provider info for google.ims.sipmsgprovider
11-04 08:59:59.982  2220  2257 E ActivityThread: Failed to find provider info for google.ims.sipmsgprovider
11-04 09:00:00.271  1756  1967 I chatty  : uid=1000(system) android.display expire 4 lines
11-04 09:00:05.450  1268  1268 W wificond: Scan aborted
11-04 09:00:10.069  1756  8406 I chatty  : uid=1000(system) Binder:1756_19 expire 5 lines
11-04 09:00:10.102  1756 12645 I chatty  : uid=1000(system) Binder:1756_1F expire 5 lines
11-04 09:00:15.200  1756  8689 I chatty  : uid=1000(system) Binder:1756_1C expire 14 lines
11-04 09:00:15.229  1756  3950 I chatty  : uid=1000(system) Binder:1756_C expire 7 lines
11-04 09:00:22.307  1756  1948 I chatty  : uid=1000(system) android.bg expire 2 lines
11-04 09:00:24.093  1266  1448 E storaged: getDiskStats failed with result NOT_SUPPORTED and size 0
11-04 09:00:33.691  1756  2282 I chatty  : uid=1000(system) UEventObserver expire 10 lines
11-04 09:00:51.576  1756  1951 I chatty  : uid=1000(system) ActivityManager expire 9 lines
11-04 09:01:24.095  1266  1448 E storaged: getDiskStats failed with result NOT_SUPPORTED and size 0
11-04 09:02:24.096  1266  1448 E storaged: getDiskStats failed with result NOT_SUPPORTED and size 0
11-04 09:03:24.098  1266  1448 E storaged: getDiskStats failed with result NOT_SUPPORTED and size 0
11-04 09:04:24.099  1266  1448 E storaged: getDiskStats failed with result NOT_SUPPORTED and size 0
11-04 09:05:24.101  1266  1448 E storaged: getDiskStats failed with result NOT_SUPPORTED and size 0
11-04 09:06:24.105  1266  1448 E storaged: getDiskStats failed with result NOT_SUPPORTED and size 0
11-04 09:07:24.108  1266  1448 E storaged: getDiskStats failed with result NOT_SUPPORTED and size 0
11-04 09:08:24.112  1266  1448 E storaged: getDiskStats failed with result NOT_SUPPORTED and size 0
11-04 09:08:35.186  1756  2282 I chatty  : uid=1000(system) UEventObserver expire 10 lines
11-04 09:08:50.708  1756  8511 I chatty  : uid=1000(system) Binder:1756_1B expire 22 lines
11-04 09:08:50.721  1756  2806 I chatty  : uid=1000(system) uteStateMachine expire 22 lines
11-04 09:08:50.731  1756  2800 I chatty  : uid=1000(system) BluetoothRouteM expire 1 line
11-04 09:08:50.746  1756  3441 I chatty  : uid=1000 system_server expire 1 line
11-04 09:08:50.775  1756  6983 I chatty  : uid=1000(system) Binder:1756_16 expire 10 lines
11-04 09:08:51.073  3282  9338 D ProcSpeedReader: Failed to read freq stats from null
11-04 09:08:51.101  3282  9338 D ProcSpeedReader: Failed to read freq stats from null
11-04 09:08:51.368  1756  1949 I chatty  : uid=1000(system) ActivityManager expire 10 lines
11-04 09:08:51.475  1756  3488 I chatty  : uid=1000(system) Binder:1756_B expire 2 lines
11-04 09:08:51.588  1756  2676 I chatty  : uid=1000(system) Binder:1756_6 expire 5 lines
11-04 09:09:24.388  1756  8689 I chatty  : uid=1000(system) Binder:1756_1C expire 2 lines
11-04 09:09:24.773  1266  1448 E storaged: getDiskStats failed with result NOT_SUPPORTED and size 0
11-04 09:10:24.775  1266  1448 E storaged: getDiskStats failed with result NOT_SUPPORTED and size 0
11-04 09:11:24.776  1266  1448 E storaged: getDiskStats failed with result NOT_SUPPORTED and size 0
11-04 09:12:24.778  1266  1448 E storaged: getDiskStats failed with result NOT_SUPPORTED and size 0
11-04 09:13:24.779  1266  1448 E storaged: getDiskStats failed with result NOT_SUPPORTED and size 0
11-04 09:13:36.689  1756  1822 I chatty  : uid=1000(system) Binder:1756_1 expire 2 lines
11-04 09:14:24.780  1266  1448 E storaged: getDiskStats failed with result NOT_SUPPORTED and size 0
11-04 09:15:24.781  1266  1448 E storaged: getDiskStats failed with result NOT_SUPPORTED and size 0
11-04 09:15:36.963  1756  2282 I chatty  : uid=1000(system) UEventObserver expire 10 lines
11-04 09:16:24.782  1266  1448 E storaged: getDiskStats failed with result NOT_SUPPORTED and size 0
11-04 09:17:24.783  1266  1448 E storaged: getDiskStats failed with result NOT_SUPPORTED and size 0
11-04 09:18:24.787  1266  1448 E storaged: getDiskStats failed with result NOT_SUPPORTED and size 0
11-04 09:19:24.788  1266  1448 E storaged: getDiskStats failed with result NOT_SUPPORTED and size 0
11-04 09:20:24.789  1266  1448 E storaged: getDiskStats failed with result NOT_SUPPORTED and size 0
11-04 09:21:24.790  1266  1448 E storaged: getDiskStats failed with result NOT_SUPPORTED and size 0
11-04 09:22:24.792  1266  1448 E storaged: getDiskStats failed with result NOT_SUPPORTED and size 0
11-04 09:23:00.005  1756  1756 I chatty  : uid=1000 system_server expire 3 lines
11-04 09:23:00.047  1756  5942 I chatty  : uid=1000(system) Binder:1756_14 expire 2 lines
11-04 09:23:00.050  1756  2504 I chatty  : uid=1000(system) ConnectivitySer expire 1 line
11-04 09:23:24.795  1266  1448 E storaged: getDiskStats failed with result NOT_SUPPORTED and size 0
11-04 09:24:24.797  1266  1448 E storaged: getDiskStats failed with result NOT_SUPPORTED and size 0
11-04 09:24:38.403  1756  2282 I chatty  : uid=1000(system) UEventObserver expire 8 lines
11-04 09:25:24.798  1266  1448 E storaged: getDiskStats failed with result NOT_SUPPORTED and size 0
11-04 09:26:24.799  1266  1448 E storaged: getDiskStats failed with result NOT_SUPPORTED and size 0
11-04 09:27:24.800  1266  1448 E storaged: getDiskStats failed with result NOT_SUPPORTED and size 0
11-04 09:28:24.803  1266  1448 E storaged: getDiskStats failed with result NOT_SUPPORTED and size 0
11-04 09:29:24.804  1266  1448 E storaged: getDiskStats failed with result NOT_SUPPORTED and size 0
11-04 09:30:14.077  1756  4260 I chatty  : uid=1000(system) Binder:1756_10 expire 1 line
11-04 09:30:14.111  3282  9338 D ProcSpeedReader: Failed to read freq stats from null
11-04 09:30:14.131  3282  9338 D ProcSpeedReader: Failed to read freq stats from null
11-04 09:30:14.894  3282  9338 D ProcSpeedReader: Failed to read freq stats from null
11-04 09:30:14.949  3282  9338 D ProcSpeedReader: Failed to read freq stats from null
11-04 09:30:17.236  3282  9338 D ProcSpeedReader: Failed to read freq stats from null
11-04 09:30:17.337  3282  9338 D ProcSpeedReader: Failed to read freq stats from null
11-04 09:30:24.805  1266  1448 E storaged: getDiskStats failed with result NOT_SUPPORTED and size 0
11-04 09:30:38.051  1756  8511 I chatty  : uid=1000(system) Binder:1756_1B expire 1 line
11-04 09:30:38.662  2561  2561 V DeadZone: consuming errant click: (526.0,34.0)
11-04 09:30:38.662  2561  2561 V DeadZone: consuming errant click: (526.0,34.0)
11-04 09:31:08.205  1756  2432 I chatty  : uid=1000(system) InputDispatcher expire 1 line
11-04 09:31:08.213  3282  9338 D ProcSpeedReader: Failed to read freq stats from null
11-04 09:31:08.245  3282  9338 D ProcSpeedReader: Failed to read freq stats from null
11-04 09:31:08.292  1756  1949 I chatty  : uid=1000(system) ActivityManager expire 12 lines
11-04 09:31:11.803  3282  9338 D ProcSpeedReader: Failed to read freq stats from null
11-04 09:31:11.807  1756  5942 I chatty  : uid=1000(system) Binder:1756_14 expire 9 lines
11-04 09:31:11.852  3282  9338 D ProcSpeedReader: Failed to read freq stats from null
11-04 09:31:12.102  1756  1951 I chatty  : uid=1000(system) ActivityManager expire 8 lines
11-04 09:31:12.459  3145  4533 D TextClassificationManager: Initialized SystemTextClassifier
11-04 09:31:12.722  1756  1967 I chatty  : uid=1000(system) android.display expire 8 lines
11-04 09:31:24.806  1266  1448 E storaged: getDiskStats failed with result NOT_SUPPORTED and size 0
11-04 09:31:39.742  1756  2282 I chatty  : uid=1000(system) UEventObserver expire 10 lines
11-04 09:32:24.807  1266  1448 E storaged: getDiskStats failed with result NOT_SUPPORTED and size 0
11-04 09:33:24.816  1266  1448 E storaged: getDiskStats failed with result NOT_SUPPORTED and size 0
11-04 09:34:24.818  1266  1448 E storaged: getDiskStats failed with result NOT_SUPPORTED and size 0
11-04 09:34:26.532  3282  9338 D ProcSpeedReader: Failed to read freq stats from null
11-04 09:34:26.544  3282  9338 D ProcSpeedReader: Failed to read freq stats from null
11-04 09:34:40.470  1756  2432 I chatty  : uid=1000(system) InputDispatcher expire 2 lines
11-04 09:34:40.476  3282  9338 D ProcSpeedReader: Failed to read freq stats from null
11-04 09:34:40.510  3282  9338 D ProcSpeedReader: Failed to read freq stats from null
11-04 09:34:40.692  1756  1756 I chatty  : uid=1000 system_server expire 25 lines
11-04 09:34:43.284  1756  4260 I chatty  : uid=1000(system) Binder:1756_10 expire 1 line
11-04 09:34:43.299  3282  9338 D ProcSpeedReader: Failed to read freq stats from null
11-04 09:34:43.346  3282  9338 D ProcSpeedReader: Failed to read freq stats from null
11-04 09:34:45.965  1756  2504 I chatty  : uid=1000(system) ConnectivitySer expire 3 lines
11-04 09:34:45.974  1756  2552 I chatty  : uid=1000(system) Binder:1756_4 expire 16 lines
11-04 09:35:15.008  3282  9338 D ProcSpeedReader: Failed to read freq stats from null
11-04 09:35:15.046  3282  9338 D ProcSpeedReader: Failed to read freq stats from null
11-04 09:35:24.820  1266  1448 E storaged: getDiskStats failed with result NOT_SUPPORTED and size 0
11-04 09:36:24.821  1266  1448 E storaged: getDiskStats failed with result NOT_SUPPORTED and size 0
11-04 09:37:24.822  1266  1448 E storaged: getDiskStats failed with result NOT_SUPPORTED and size 0
11-04 09:38:24.823  1266  1448 E storaged: getDiskStats failed with result NOT_SUPPORTED and size 0
11-04 09:39:00.058  1756  3950 I chatty  : uid=1000(system) Binder:1756_C expire 1 line
11-04 09:39:00.059  1756  2655 I chatty  : uid=1000(system) Binder:1756_5 expire 1 line
11-04 09:39:24.826  1266  1448 E storaged: getDiskStats failed with result NOT_SUPPORTED and size 0
11-04 09:40:24.827  1266  1448 E storaged: getDiskStats failed with result NOT_SUPPORTED and size 0
11-04 09:40:41.390  1756  2282 I chatty  : uid=1000(system) UEventObserver expire 10 lines
11-04 09:40:41.437  1756  1953 I chatty  : uid=1000(system) batterystats-wo expire 2 lines
11-04 09:40:41.443  1756 12645 I chatty  : uid=1000(system) Binder:1756_1F expire 3 lines
11-04 09:40:52.875  1756  1948 I chatty  : uid=1000(system) android.bg expire 1 line
11-04 09:41:24.829  1266  1448 E storaged: getDiskStats failed with result NOT_SUPPORTED and size 0
11-04 09:42:24.830  1266  1448 E storaged: getDiskStats failed with result NOT_SUPPORTED and size 0
11-04 09:43:24.937  1266  1448 E storaged: getDiskStats failed with result NOT_SUPPORTED and size 0
11-04 09:44:24.938  1266  1448 E storaged: getDiskStats failed with result NOT_SUPPORTED and size 0
11-04 09:44:26.463  1756  8511 I chatty  : uid=1000(system) Binder:1756_1B expire 3 lines
11-04 09:45:24.939  1266  1448 E storaged: getDiskStats failed with result NOT_SUPPORTED and size 0
11-04 09:46:24.940  1266  1448 E storaged: getDiskStats failed with result NOT_SUPPORTED and size 0
11-04 09:47:24.941  1266  1448 E storaged: getDiskStats failed with result NOT_SUPPORTED and size 0
11-04 09:48:24.943  1266  1448 E storaged: getDiskStats failed with result NOT_SUPPORTED and size 0
11-04 09:48:42.671  1756  2282 I chatty  : uid=1000(system) UEventObserver expire 10 lines
11-04 09:49:24.947  1266  1448 E storaged: getDiskStats failed with result NOT_SUPPORTED and size 0
11-04 09:50:24.949  1266  1448 E storaged: getDiskStats failed with result NOT_SUPPORTED and size 0
11-04 09:50:49.633  2561  2561 V DeadZone: consuming errant click: (10.0,27.0)
11-04 09:50:49.633  2561  2561 V DeadZone: consuming errant click: (10.0,27.0)
11-04 09:50:52.056  1756  1966 I chatty  : uid=1000(system) android.io expire 1 line
11-04 09:50:52.069  1756  3107 I chatty  : uid=1000(system) Binder:1756_9 expire 9 lines
11-04 09:50:52.371  1756  7524 I chatty  : uid=1000(system) Binder:1756_17 expire 4 lines
11-04 09:50:52.684  1756 17207 I chatty  : uid=1000(system) HwBinder:1756_5 expire 4 lines
11-04 09:50:52.684  1756  1965 I chatty  : uid=1000(system) android.fg expire 2 lines
11-04 09:51:06.264  4517  4517 E ActivityThread: Service com.android.providers.downloads.DownloadJobService has leaked ServiceConnection android.media.MediaScannerConnection@7b553b4 that was originally bound here
11-04 09:51:06.264  4517  4517 E ActivityThread: android.app.ServiceConnectionLeaked: Service com.android.providers.downloads.DownloadJobService has leaked ServiceConnection android.media.MediaScannerConnection@7b553b4 that was originally bound here
11-04 09:51:06.264  4517  4517 E ActivityThread: 	at android.app.LoadedApk$ServiceDispatcher.<init>(LoadedApk.java:1619)
11-04 09:51:06.264  4517  4517 E ActivityThread: 	at android.app.LoadedApk.getServiceDispatcher(LoadedApk.java:1511)
11-04 09:51:06.264  4517  4517 E ActivityThread: 	at android.app.ContextImpl.bindServiceCommon(ContextImpl.java:1674)
11-04 09:51:06.264  4517  4517 E ActivityThread: 	at android.app.ContextImpl.bindService(ContextImpl.java:1627)
11-04 09:51:06.264  4517  4517 E ActivityThread: 	at android.content.ContextWrapper.bindService(ContextWrapper.java:698)
11-04 09:51:06.264  4517  4517 E ActivityThread: 	at android.media.MediaScannerConnection.connect(MediaScannerConnection.java:119)
11-04 09:51:06.264  4517  4517 E ActivityThread: 	at com.android.providers.downloads.DownloadScanner.requestScan(DownloadScanner.java:140)
11-04 09:51:06.264  4517  4517 E ActivityThread: 	at com.android.providers.downloads.DownloadScanner.requestScanBlocking(DownloadScanner.java:85)
11-04 09:51:06.264  4517  4517 E ActivityThread: 	at com.android.providers.downloads.DownloadThread.run(DownloadThread.java:434)
11-04 09:51:24.950  1266  1448 E storaged: getDiskStats failed with result NOT_SUPPORTED and size 0
11-04 09:52:24.951  1266  1448 E storaged: getDiskStats failed with result NOT_SUPPORTED and size 0
11-04 09:53:24.952  1266  1448 E storaged: getDiskStats failed with result NOT_SUPPORTED and size 0
11-04 09:53:52.122  1756  3105 I chatty  : uid=1000(system) Binder:1756_7 expire 10 lines
11-04 09:53:52.721  1756  8689 I chatty  : uid=1000(system) Binder:1756_1C expire 6 lines
11-04 09:54:24.953  1266  1448 E storaged: getDiskStats failed with result NOT_SUPPORTED and size 0
11-04 09:54:58.403  1756  2282 I chatty  : uid=1000(system) UEventObserver expire 6 lines
11-04 09:55:24.954  1266  1448 E storaged: getDiskStats failed with result NOT_SUPPORTED and size 0
11-04 09:56:24.955  1266  1448 E storaged: getDiskStats failed with result NOT_SUPPORTED and size 0
11-04 09:57:24.956  1266  1448 E storaged: getDiskStats failed with result NOT_SUPPORTED and size 0
11-04 09:58:24.960  1266  1448 E storaged: getDiskStats failed with result NOT_SUPPORTED and size 0
11-04 09:59:24.396  3282  9338 D ProcSpeedReader: Failed to read freq stats from null
11-04 09:59:24.473  3282  9338 D ProcSpeedReader: Failed to read freq stats from null
11-04 09:59:24.551  5824  5824 I TelecomService: UserCallIntentProcessor: sendIntentToDestination: trampoline to Telecom.: UCA.oC@AAA
11-04 09:59:24.553  5824  5824 I TelecomService: UserCallActivity: onCreate done
11-04 09:59:24.556  3282  9338 D ProcSpeedReader: Failed to read freq stats from null
11-04 09:59:24.557  1756  2806 I chatty  : uid=1000(system) uteStateMachine expire 14 lines
11-04 09:59:24.558  1756  2807 I chatty  : uid=1000(system) CallAudioModeSt expire 5 lines
11-04 09:59:24.590  3282  9338 D ProcSpeedReader: Failed to read freq stats from null
11-04 09:59:24.619  1756  1756 I chatty  : uid=1000 system_server expire 17 lines
11-04 09:59:24.622  1756  1949 I chatty  : uid=1000(system) ActivityManager expire 8 lines
11-04 09:59:24.644  1756  3912 I chatty  : uid=1000(system) backup expire 5 lines
11-04 09:59:24.652  1756  5174 I chatty  : uid=1000(system) Binder:1756_12 expire 15 lines
11-04 09:59:24.822  2747  2747 I Telephony: TelephonyConnectionService: notifyCreateConnectionComplete TC@75_1: (...->CSW.hCCC)->CS.crCoC->H.CS.crCoC@E-E-E-lCM
11-04 09:59:24.898  3282  9338 D ProcSpeedReader: Failed to read freq stats from null
11-04 09:59:24.932  3282  9338 D ProcSpeedReader: Failed to read freq stats from null
11-04 09:59:24.961  1266  1448 E storaged: getDiskStats failed with result NOT_SUPPORTED and size 0
11-04 09:59:25.249  5571  5571 E ActivityThread: Failed to find provider info for google.ims.sipmsgprovider
11-04 09:59:25.298  5571  5647 E ActivityThread: Failed to find provider info for google.ims.sipmsgprovider
11-04 09:59:30.299  1756 16668 I chatty  : uid=1000(system) Binder:1756_20 expire 26 lines
11-04 09:59:44.923  1756  3107 I chatty  : uid=1000(system) Binder:1756_9 expire 4 lines
11-04 09:59:46.034  1756  2552 I chatty  : uid=1000(system) Binder:1756_4 expire 6 lines
11-04 09:59:46.442  1756  5174 I chatty  : uid=1000(system) Binder:1756_12 expire 26 lines
11-04 09:59:46.462  1756  2806 I chatty  : uid=1000(system) uteStateMachine expire 13 lines
11-04 09:59:46.464  1756  2807 I chatty  : uid=1000(system) CallAudioModeSt expire 6 lines
11-04 09:59:46.467  1756  2800 I chatty  : uid=1000(system) BluetoothRouteM expire 1 line
11-04 09:59:46.489  1756  5948 I chatty  : uid=1000 system_server expire 1 line
11-04 09:59:46.503  1756  1949 I chatty  : uid=1000(system) ActivityManager expire 13 lines
11-04 09:59:46.505  1756  1756 I chatty  : uid=1000 system_server expire 13 lines
11-04 09:59:46.521  1756  1951 I chatty  : uid=1000(system) ActivityManager expire 11 lines
11-04 09:59:46.823  3282  9338 D ProcSpeedReader: Failed to read freq stats from null
11-04 09:59:46.850  3282  9338 D ProcSpeedReader: Failed to read freq stats from null
11-04 09:59:48.541  1756  6983 I chatty  : uid=1000(system) Binder:1756_16 expire 9 lines
11-04 09:59:59.209  1756  2282 I chatty  : uid=1000(system) UEventObserver expire 10 lines
11-04 10:00:14.277  1756  1948 I chatty  : uid=1000(system) android.bg expire 5 lines
11-04 10:00:24.966  1266  1448 E storaged: getDiskStats failed with result NOT_SUPPORTED and size 0
11-04 10:00:47.680  1756  2655 I chatty  : uid=1000(system) Binder:1756_5 expire 3 lines
11-04 10:01:24.967  1266  1448 E storaged: getDiskStats failed with result NOT_SUPPORTED and size 0
11-04 10:02:24.968  1266  1448 E storaged: getDiskStats failed with result NOT_SUPPORTED and size 0
11-04 10:02:53.282  1268  1268 W wificond: Scan aborted
11-04 10:03:24.970  1266  1448 E storaged: getDiskStats failed with result NOT_SUPPORTED and size 0
11-04 10:03:25.718  1756  1993 I chatty  : uid=1000(system) PackageManager expire 4 lines
11-04 10:03:25.722  1756  3912 I chatty  : uid=1000(system) backup expire 9 lines
11-04 10:03:25.789  1756  1822 I chatty  : uid=1000(system) Binder:1756_1 expire 3 lines
11-04 10:03:27.185  3282  9338 D ProcSpeedReader: Failed to read freq stats from null
11-04 10:03:27.415  3282  9338 D ProcSpeedReader: Failed to read freq stats from null
11-04 10:03:27.456  6223  6223 W ActivityThread: Application com.nomadconsultants.urbandictionarychallenge is waiting for the debugger on port 8100...
11-04 10:03:27.456  1756  8689 I chatty  : uid=1000(system) Binder:1756_1C expire 1 line
11-04 10:03:27.475  1756  5957 I chatty  : uid=1000(system) Binder:1756_15 expire 1 line
11-04 10:03:36.092  6223  6223 E AndroidRuntime: FATAL EXCEPTION: main
11-04 10:03:36.092  6223  6223 E AndroidRuntime: Process: com.nomadconsultants.urbandictionarychallenge, PID: 6223
11-04 10:03:36.092  6223  6223 E AndroidRuntime: java.lang.RuntimeException: Unable to start activity ComponentInfo{com.nomadconsultants.urbandictionarychallenge/com.nomadconsultants.urbandictionarychallenge.MainActivity}: java.lang.IllegalStateException: This Activity already has an action bar supplied by the window decor. Do not request Window.FEATURE_SUPPORT_ACTION_BAR and set windowActionBar to false in your theme to use a Toolbar instead.
11-04 10:03:36.092  6223  6223 E AndroidRuntime: 	at android.app.ActivityThread.performLaunchActivity(ActivityThread.java:3121)
11-04 10:03:36.092  6223  6223 E AndroidRuntime: 	at android.app.ActivityThread.handleLaunchActivity(ActivityThread.java:3260)
