11-04 20:59:41.231  1266  1448 E storaged: getDiskStats failed with result NOT_SUPPORTED and size 0
11-04 21:00:41.233  1266  1448 E storaged: getDiskStats failed with result NOT_SUPPORTED and size 0
11-04 21:01:41.235  1266  1448 E storaged: getDiskStats failed with result NOT_SUPPORTED and size 0
11-04 21:02:15.496  1756  2282 I chatty  : uid=1000(system) UEventObserver expire 10 lines
11-04 21:02:41.236  1266  1448 E storaged: getDiskStats failed with result NOT_SUPPORTED and size 0
11-04 21:03:41.237  1266  1448 E storaged: getDiskStats failed with result NOT_SUPPORTED and size 0
11-04 21:04:41.238  1266  1448 E storaged: getDiskStats failed with result NOT_SUPPORTED and size 0
11-04 21:05:41.242  1266  1448 E storaged: getDiskStats failed with result NOT_SUPPORTED and size 0
11-04 21:06:41.243  1266  1448 E storaged: getDiskStats failed with result NOT_SUPPORTED and size 0
11-04 21:07:41.245  1266  1448 E storaged: getDiskStats failed with result NOT_SUPPORTED and size 0
11-04 21:08:41.246  1266  1448 E storaged: getDiskStats failed with result NOT_SUPPORTED and size 0
11-04 21:09:41.247  1266  1448 E storaged: getDiskStats failed with result NOT_SUPPORTED and size 0
11-04 21:09:52.660  1756  9657 I chatty  : uid=1000(system) Binder:1756_1D expire 7 lines
11-04 21:10:16.776  1756  2282 I chatty  : uid=1000(system) UEventObserver expire 10 lines
11-04 21:10:41.248  1266  1448 E storaged: getDiskStats failed with result NOT_SUPPORTED and size 0
11-04 21:11:41.249  1266  1448 E storaged: getDiskStats failed with result NOT_SUPPORTED and size 0
11-04 21:12:41.251  1266  1448 E storaged: getDiskStats failed with result NOT_SUPPORTED and size 0
11-04 21:13:41.254  1266  1448 E storaged: getDiskStats failed with result NOT_SUPPORTED and size 0
11-04 21:14:41.255  1266  1448 E storaged: getDiskStats failed with result NOT_SUPPORTED and size 0
11-04 21:14:53.040  1756  8511 I chatty  : uid=1000(system) Binder:1756_1B expire 2 lines
11-04 21:15:41.256  1266  1448 E storaged: getDiskStats failed with result NOT_SUPPORTED and size 0
11-04 21:16:41.258  1266  1448 E storaged: getDiskStats failed with result NOT_SUPPORTED and size 0
11-04 21:17:00.053  1756  8406 I chatty  : uid=1000(system) Binder:1756_19 expire 1 line
11-04 21:17:00.092  1756 16668 I chatty  : uid=1000(system) Binder:1756_20 expire 1 line
11-04 21:17:00.092  1756  5957 I chatty  : uid=1000(system) Binder:1756_15 expire 2 lines
11-04 21:17:41.259  1266  1448 E storaged: getDiskStats failed with result NOT_SUPPORTED and size 0
11-04 21:18:09.044  1756  1976 I chatty  : uid=1000(system) PowerManagerSer expire 5 lines
11-04 21:18:09.595  3282  9338 D ProcSpeedReader: Failed to read freq stats from null
11-04 21:18:09.873  1756  1965 I chatty  : uid=1000(system) android.fg expire 2 lines
11-04 21:18:10.264 12451 12471 E ActivityThread: Failed to find provider info for com.motorola.audiomonitor.settings.provider
11-04 21:18:10.268 12451 12472 E ActivityThread: Failed to find provider info for com.motorola.audiomonitor.settings.provider
11-04 21:18:18.068  1756  2282 I chatty  : uid=1000(system) UEventObserver expire 5 lines
11-04 21:18:41.263  1266  1448 E storaged: getDiskStats failed with result NOT_SUPPORTED and size 0
11-04 21:19:41.268  1266  1448 E storaged: getDiskStats failed with result NOT_SUPPORTED and size 0
11-04 21:20:41.273  1266  1448 E storaged: getDiskStats failed with result NOT_SUPPORTED and size 0
11-04 21:21:41.520  1266  1448 E storaged: getDiskStats failed with result NOT_SUPPORTED and size 0
11-04 21:22:41.523  1266  1448 E storaged: getDiskStats failed with result NOT_SUPPORTED and size 0
11-04 21:22:47.241  1756  1949 I chatty  : uid=1000(system) ActivityManager expire 10 lines
11-04 21:23:18.860  1756  2282 I chatty  : uid=1000(system) UEventObserver expire 13 lines
11-04 21:23:41.528  1266  1448 E storaged: getDiskStats failed with result NOT_SUPPORTED and size 0
11-04 21:24:41.532  1266  1448 E storaged: getDiskStats failed with result NOT_SUPPORTED and size 0
11-04 21:25:41.537  1266  1448 E storaged: getDiskStats failed with result NOT_SUPPORTED and size 0
11-04 21:26:41.542  1266  1448 E storaged: getDiskStats failed with result NOT_SUPPORTED and size 0
11-04 21:27:41.546  1266  1448 E storaged: getDiskStats failed with result NOT_SUPPORTED and size 0
11-04 21:28:41.551  1266  1448 E storaged: getDiskStats failed with result NOT_SUPPORTED and size 0
11-04 21:29:41.555  1266  1448 E storaged: getDiskStats failed with result NOT_SUPPORTED and size 0
11-04 21:29:45.848  1756  6983 I chatty  : uid=1000(system) Binder:1756_16 expire 2 lines
11-04 21:29:47.990  1756  3488 I chatty  : uid=1000(system) Binder:1756_B expire 2 lines
11-04 21:29:48.116  1756  1967 I chatty  : uid=1000(system) android.display expire 6 lines
11-04 21:29:54.171  1756  1976 I chatty  : uid=1000(system) PowerManagerSer expire 6 lines
11-04 21:30:00.054  1756  1951 I chatty  : uid=1000(system) ActivityManager expire 10 lines
11-04 21:30:41.561  1266  1448 E storaged: getDiskStats failed with result NOT_SUPPORTED and size 0
11-04 21:31:41.565  1266  1448 E storaged: getDiskStats failed with result NOT_SUPPORTED and size 0
11-04 21:32:40.569  1756  2282 I chatty  : uid=1000(system) UEventObserver expire 10 lines
11-04 21:32:41.570  1266  1448 E storaged: getDiskStats failed with result NOT_SUPPORTED and size 0
11-04 21:33:41.575  1266  1448 E storaged: getDiskStats failed with result NOT_SUPPORTED and size 0
11-04 21:33:45.662  1756  8511 I chatty  : uid=1000(system) Binder:1756_1B expire 3 lines
11-04 21:34:10.768  1756 11788 I chatty  : uid=1000(system) Binder:1756_1E expire 2 lines
11-04 21:34:41.580  1266  1448 E storaged: getDiskStats failed with result NOT_SUPPORTED and size 0
11-04 21:35:41.582  1266  1448 E storaged: getDiskStats failed with result NOT_SUPPORTED and size 0
11-04 21:36:41.587  1266  1448 E storaged: getDiskStats failed with result NOT_SUPPORTED and size 0
11-04 21:37:41.592  1266  1448 E storaged: getDiskStats failed with result NOT_SUPPORTED and size 0
11-04 21:38:41.595  1266  1448 E storaged: getDiskStats failed with result NOT_SUPPORTED and size 0
11-04 21:39:41.599  1266  1448 E storaged: getDiskStats failed with result NOT_SUPPORTED and size 0
11-04 21:40:41.605  1266  1448 E storaged: getDiskStats failed with result NOT_SUPPORTED and size 0
11-04 21:41:14.636  1756  1948 I chatty  : uid=1000(system) android.bg expire 2 lines
11-04 21:41:41.607  1266  1448 E storaged: getDiskStats failed with result NOT_SUPPORTED and size 0
11-04 21:41:51.721  1756  8478 I chatty  : uid=1000(system) Binder:1756_1A expire 2 lines
11-04 21:42:35.839  1756  9657 I chatty  : uid=1000(system) Binder:1756_1D expire 2 lines
11-04 21:42:41.610  1266  1448 E storaged: getDiskStats failed with result NOT_SUPPORTED and size 0
11-04 21:42:42.169  1756  2282 I chatty  : uid=1000(system) UEventObserver expire 10 lines
11-04 21:43:41.612  1266  1448 E storaged: getDiskStats failed with result NOT_SUPPORTED and size 0
11-04 21:44:41.617  1266  1448 E storaged: getDiskStats failed with result NOT_SUPPORTED and size 0
11-04 21:45:41.622  1266  1448 E storaged: getDiskStats failed with result NOT_SUPPORTED and size 0
11-04 21:46:41.624  1266  1448 E storaged: getDiskStats failed with result NOT_SUPPORTED and size 0
11-04 21:46:54.619  1756  5942 I chatty  : uid=1000(system) Binder:1756_14 expire 2 lines
11-04 21:47:41.628  1266  1448 E storaged: getDiskStats failed with result NOT_SUPPORTED and size 0
11-04 21:48:41.630  1266  1448 E storaged: getDiskStats failed with result NOT_SUPPORTED and size 0
11-04 21:49:41.635  1266  1448 E storaged: getDiskStats failed with result NOT_SUPPORTED and size 0
11-04 21:50:41.641  1266  1448 E storaged: getDiskStats failed with result NOT_SUPPORTED and size 0
11-04 21:50:43.446  1756  2282 I chatty  : uid=1000(system) UEventObserver expire 10 lines
11-04 21:50:52.690 13545 13545 D ActivityThread: Loading provider com.whatsapp.provider.contact: com.whatsapp.contact.ContactProvider
11-04 21:51:41.645  1266  1448 E storaged: getDiskStats failed with result NOT_SUPPORTED and size 0
11-04 21:52:41.647  1266  1448 E storaged: getDiskStats failed with result NOT_SUPPORTED and size 0
11-04 21:53:41.652  1266  1448 E storaged: getDiskStats failed with result NOT_SUPPORTED and size 0
11-04 21:54:41.659  1266  1448 E storaged: getDiskStats failed with result NOT_SUPPORTED and size 0
11-04 21:55:41.664  1266  1448 E storaged: getDiskStats failed with result NOT_SUPPORTED and size 0
11-04 21:56:41.666  1266  1448 E storaged: getDiskStats failed with result NOT_SUPPORTED and size 0
11-04 21:57:41.671  1266  1448 E storaged: getDiskStats failed with result NOT_SUPPORTED and size 0
11-04 21:58:41.675  1266  1448 E storaged: getDiskStats failed with result NOT_SUPPORTED and size 0
11-04 21:59:41.677  1266  1448 E storaged: getDiskStats failed with result NOT_SUPPORTED and size 0
11-04 22:00:00.055  1756  1756 I chatty  : uid=1000 system_server expire 5 lines
11-04 22:00:01.771  1756  4260 I chatty  : uid=1000(system) Binder:1756_10 expire 1 line
11-04 22:00:41.680  1266  1448 E storaged: getDiskStats failed with result NOT_SUPPORTED and size 0
11-04 22:00:45.047  1756  2282 I chatty  : uid=1000(system) UEventObserver expire 10 lines
11-04 22:01:41.682  1266  1448 E storaged: getDiskStats failed with result NOT_SUPPORTED and size 0
11-04 22:02:41.684  1266  1448 E storaged: getDiskStats failed with result NOT_SUPPORTED and size 0
11-04 22:03:41.689  1266  1448 E storaged: getDiskStats failed with result NOT_SUPPORTED and size 0
11-04 22:03:47.065  1756  7524 I chatty  : uid=1000(system) Binder:1756_17 expire 1 line
11-04 22:04:41.695  1266  1448 E storaged: getDiskStats failed with result NOT_SUPPORTED and size 0
11-04 22:05:41.701  1266  1448 E storaged: getDiskStats failed with result NOT_SUPPORTED and size 0
11-04 22:05:45.739  1756  3107 I chatty  : uid=1000(system) Binder:1756_9 expire 2 lines
11-04 22:06:41.705  1266  1448 E storaged: getDiskStats failed with result NOT_SUPPORTED and size 0
11-04 22:07:41.711  1266  1448 E storaged: getDiskStats failed with result NOT_SUPPORTED and size 0
11-04 22:08:41.716  1266  1448 E storaged: getDiskStats failed with result NOT_SUPPORTED and size 0
11-04 22:09:41.721  1266  1448 E storaged: getDiskStats failed with result NOT_SUPPORTED and size 0
11-04 22:10:41.727  1266  1448 E storaged: getDiskStats failed with result NOT_SUPPORTED and size 0
11-04 22:10:46.649  1756  2282 I chatty  : uid=1000(system) UEventObserver expire 10 lines
11-04 22:11:41.732  1266  1448 E storaged: getDiskStats failed with result NOT_SUPPORTED and size 0
11-04 22:11:51.613  1756  2547 I chatty  : uid=1000(system) Binder:1756_3 expire 3 lines
11-04 22:12:06.116  1756  3950 I chatty  : uid=1000(system) Binder:1756_C expire 1 line
11-04 22:12:41.735  1266  1448 E storaged: getDiskStats failed with result NOT_SUPPORTED and size 0
11-04 22:13:27.625  1756  4152 I chatty  : uid=1000(system) Binder:1756_E expire 1 line
11-04 22:13:41.740  1266  1448 E storaged: getDiskStats failed with result NOT_SUPPORTED and size 0
11-04 22:14:41.744  1266  1448 E storaged: getDiskStats failed with result NOT_SUPPORTED and size 0
11-04 22:15:23.278  1756  1949 I chatty  : uid=1000(system) ActivityManager expire 4 lines
11-04 22:15:41.747  1266  1448 E storaged: getDiskStats failed with result NOT_SUPPORTED and size 0
11-04 22:16:41.751  1266  1448 E storaged: getDiskStats failed with result NOT_SUPPORTED and size 0
11-04 22:17:41.756  1266  1448 E storaged: getDiskStats failed with result NOT_SUPPORTED and size 0
11-04 22:18:28.493  1756  1966 I chatty  : uid=1000(system) android.io expire 2 lines
11-04 22:18:41.762  1266  1448 E storaged: getDiskStats failed with result NOT_SUPPORTED and size 0
11-04 22:19:23.425  1756  1951 I chatty  : uid=1000(system) ActivityManager expire 1 line
11-04 22:19:41.765  1266  1448 E storaged: getDiskStats failed with result NOT_SUPPORTED and size 0
11-04 22:19:47.443  1756  1950 I chatty  : uid=1000(system) android.ui expire 1 line
11-04 22:19:58.628  1756  4264 I chatty  : uid=1000(system) Binder:1756_11 expire 2 lines
11-04 22:19:58.628  1756  2504 I chatty  : uid=1000(system) ConnectivitySer expire 1 line
11-04 22:20:41.770  1266  1448 E storaged: getDiskStats failed with result NOT_SUPPORTED and size 0
11-04 22:20:48.245  1756  2282 I chatty  : uid=1000(system) UEventObserver expire 10 lines
11-04 22:21:41.972  1266  1448 E storaged: getDiskStats failed with result NOT_SUPPORTED and size 0
11-04 22:22:41.979  1266  1448 E storaged: getDiskStats failed with result NOT_SUPPORTED and size 0
11-04 22:23:41.985  1266  1448 E storaged: getDiskStats failed with result NOT_SUPPORTED and size 0
11-04 22:24:41.987  1266  1448 E storaged: getDiskStats failed with result NOT_SUPPORTED and size 0
11-04 22:25:41.992  1266  1448 E storaged: getDiskStats failed with result NOT_SUPPORTED and size 0
11-04 22:26:41.998  1266  1448 E storaged: getDiskStats failed with result NOT_SUPPORTED and size 0
11-04 22:26:47.449  1756  1948 I chatty  : uid=1000(system) android.bg expire 5 lines
11-04 22:27:23.623  1756  1951 I chatty  : uid=1000(system) ActivityManager expire 11 lines
11-04 22:27:42.003  1266  1448 E storaged: getDiskStats failed with result NOT_SUPPORTED and size 0
11-04 22:28:42.008  1266  1448 E storaged: getDiskStats failed with result NOT_SUPPORTED and size 0
11-04 22:28:48.658  1756  8689 I chatty  : uid=1000(system) Binder:1756_1C expire 1 line
11-04 22:29:42.012  1266  1448 E storaged: getDiskStats failed with result NOT_SUPPORTED and size 0
11-04 22:30:01.249  1756  4264 I chatty  : uid=1000(system) Binder:1756_11 expire 3 lines
11-04 22:30:01.251  1756  4260 I chatty  : uid=1000(system) Binder:1756_10 expire 5 lines
11-04 22:30:01.498  1756  2437 I chatty  : uid=1000(system) NetworkWatchlis expire 4 lines
11-04 22:30:01.500  1756  1756 I chatty  : uid=1000 system_server expire 14 lines
11-04 22:30:01.937  1756  1949 I chatty  : uid=1000(system) ActivityManager expire 28 lines
11-04 22:30:02.283 14436 14946 D DownloadManager: Removed 0 stale downloads
11-04 22:30:02.424 14436 14946 D DownloadManager: Found 13 files in database
11-04 22:30:02.425 14436 14946 D DownloadManager: Found 0 files on disk
11-04 22:30:02.592  1756  8478 I chatty  : uid=1000(system) Binder:1756_1A expire 2 lines
11-04 22:30:07.196  1756  5869 I chatty  : uid=1000(system) Binder:1756_13 expire 7 lines
11-04 22:30:07.353  1756  2504 I chatty  : uid=1000(system) ConnectivitySer expire 11 lines
11-04 22:30:16.560  1756  3426 I chatty  : uid=1000(system) Binder:1756_A expire 3 lines
11-04 22:30:35.799  1756  1823 I chatty  : uid=1000(system) Binder:1756_2 expire 4 lines
11-04 22:30:35.842  1756  7524 I chatty  : uid=1000(system) Binder:1756_17 expire 2 lines
11-04 22:30:42.015  1266  1448 E storaged: getDiskStats failed with result NOT_SUPPORTED and size 0
11-04 22:30:47.364  1756  2504 I chatty  : uid=1000(system) ConnectivitySer expire 6 lines
11-04 22:30:49.840  1756  2282 I chatty  : uid=1000(system) UEventObserver expire 10 lines
11-04 22:31:42.017  1266  1448 E storaged: getDiskStats failed with result NOT_SUPPORTED and size 0
11-04 22:32:42.021  1266  1448 E storaged: getDiskStats failed with result NOT_SUPPORTED and size 0
11-04 22:33:42.026  1266  1448 E storaged: getDiskStats failed with result NOT_SUPPORTED and size 0
11-04 22:34:42.033  1266  1448 E storaged: getDiskStats failed with result NOT_SUPPORTED and size 0
11-04 22:35:40.950 14436 14946 D DownloadManager: Removed 0 stale downloads
11-04 22:35:40.983 14436 14946 D DownloadManager: Found 13 files in database
11-04 22:35:40.983 14436 14946 D DownloadManager: Found 0 files on disk
11-04 22:35:42.036  1266  1448 E storaged: getDiskStats failed with result NOT_SUPPORTED and size 0
11-04 22:36:42.041  1266  1448 E storaged: getDiskStats failed with result NOT_SUPPORTED and size 0
11-04 22:37:42.046  1266  1448 E storaged: getDiskStats failed with result NOT_SUPPORTED and size 0
11-04 22:38:42.051  1266  1448 E storaged: getDiskStats failed with result NOT_SUPPORTED and size 0
11-04 22:39:42.055  1266  1448 E storaged: getDiskStats failed with result NOT_SUPPORTED and size 0
11-04 22:40:42.061  1266  1448 E storaged: getDiskStats failed with result NOT_SUPPORTED and size 0
11-04 22:40:51.448  1756  2282 I chatty  : uid=1000(system) UEventObserver expire 3 lines
11-04 22:41:42.068  1266  1448 E storaged: getDiskStats failed with result NOT_SUPPORTED and size 0
11-04 22:41:45.831  1756  4152 I chatty  : uid=1000(system) Binder:1756_E expire 9 lines
11-04 22:41:46.307  1756  1951 I chatty  : uid=1000(system) ActivityManager expire 12 lines
11-04 22:41:47.526  1756  1967 I chatty  : uid=1000(system) android.display expire 2 lines
11-04 22:41:47.539  1756  1953 I chatty  : uid=1000(system) batterystats-wo expire 1 line
11-04 22:41:53.551  1756  1976 I chatty  : uid=1000(system) PowerManagerSer expire 2 lines
11-04 22:42:04.505  1756  1993 I chatty  : uid=1000(system) PackageManager expire 11 lines
11-04 22:42:04.532  1756  4257 I chatty  : uid=1000(system) Binder:1756_F expire 4 lines
11-04 22:42:12.256 16099 16099 W ActivityThread: serviceCreate starts in 4419 ms, CreateServiceData = CreateServiceData{token=android.os.BinderProxy@8f36c7a className=com.google.android.finsky.setup.PlaySetupServiceV2 packageName=com.android.vending intent=null}
11-04 22:42:16.163  1756  3106 I chatty  : uid=1000(system) Binder:1756_8 expire 1 line
11-04 22:42:16.163  1756  8145 I chatty  : uid=1000(system) Binder:1756_18 expire 1 line
11-04 22:42:17.280  1756  8406 I chatty  : uid=1000(system) Binder:1756_19 expire 1 line
11-04 22:42:17.854  1756  2547 I chatty  : uid=1000(system) Binder:1756_3 expire 1 line
11-04 22:42:18.147  1756  2676 I chatty  : uid=1000(system) Binder:1756_6 expire 1 line
11-04 22:42:18.420  1756 11788 I chatty  : uid=1000(system) Binder:1756_1E expire 7 lines
11-04 22:42:29.632  1756  3105 I chatty  : uid=1000(system) Binder:1756_7 expire 1 line
11-04 22:42:29.898 16304 16510 E ActivityThread: Failed to find provider info for com.google.android.instantapps.supervisor.SupervisorArchiveProvider
11-04 22:42:31.268  1756  3951 I chatty  : uid=1000(system) Binder:1756_D expire 1 line
11-04 22:42:36.448 16192 16576 D ArtManager: Requesting profile snapshot for com.dsi.ant.service.socket:/data/app/com.dsi.ant.service.socket-TQKBQJB1AyOzPGzOyyVg9w==/base.apk
11-04 22:42:37.149  1756  1756 I chatty  : uid=1000 system_server expire 16 lines
11-04 22:42:38.008  1756  1949 I chatty  : uid=1000(system) ActivityManager expire 40 lines
11-04 22:42:42.069  1266  1448 E storaged: getDiskStats failed with result NOT_SUPPORTED and size 0
11-04 22:42:42.688  1756  3912 I chatty  : uid=1000(system) backup expire 4 lines
11-04 22:42:43.975  1756  1993 I chatty  : uid=1000(system) PackageManager expire 12 lines
11-04 22:42:50.041  1756  9657 I chatty  : uid=1000(system) Binder:1756_1D expire 2 lines
11-04 22:42:50.061  1756  2655 I chatty  : uid=1000(system) Binder:1756_5 expire 1 line
11-04 22:42:50.252  1756  1951 I chatty  : uid=1000(system) ActivityManager expire 1 line
11-04 22:43:17.240  1756  5957 I chatty  : uid=1000(system) Binder:1756_15 expire 6 lines
11-04 22:43:17.240  1756 11788 I chatty  : uid=1000(system) Binder:1756_1E expire 5 lines
11-04 22:43:17.241  1756  2504 I chatty  : uid=1000(system) ConnectivitySer expire 7 lines
11-04 22:43:27.006  1756  1951 I chatty  : uid=1000(system) ActivityManager expire 18 lines
11-04 22:43:42.074  1266  1448 E storaged: getDiskStats failed with result NOT_SUPPORTED and size 0
11-04 22:43:49.492  1756  5869 I chatty  : uid=1000(system) Binder:1756_13 expire 1 line
11-04 22:43:51.928  1756  2282 I chatty  : uid=1000(system) UEventObserver expire 10 lines
11-04 22:44:42.078  1266  1448 E storaged: getDiskStats failed with result NOT_SUPPORTED and size 0
11-04 22:45:42.081  1266  1448 E storaged: getDiskStats failed with result NOT_SUPPORTED and size 0
11-04 22:46:42.085  1266  1448 E storaged: getDiskStats failed with result NOT_SUPPORTED and size 0
11-04 22:46:50.125  1756  8689 I chatty  : uid=1000(system) Binder:1756_1C expire 4 lines
11-04 22:47:23.389  1756  1948 I chatty  : uid=1000(system) android.bg expire 5 lines
11-04 22:47:42.086  1266  1448 E storaged: getDiskStats failed with result NOT_SUPPORTED and size 0
11-04 22:48:42.091  1266  1448 E storaged: getDiskStats failed with result NOT_SUPPORTED and size 0
11-04 22:49:42.095  1266  1448 E storaged: getDiskStats failed with result NOT_SUPPORTED and size 0
11-04 22:50:42.101  1266  1448 E storaged: getDiskStats failed with result NOT_SUPPORTED and size 0
11-04 22:51:42.106  1266  1448 E storaged: getDiskStats failed with result NOT_SUPPORTED and size 0
11-04 22:52:40.539  1756  5174 I chatty  : uid=1000(system) Binder:1756_12 expire 11 lines
11-04 22:52:41.203 17030 17030 D ActivityThread: Loading provider com.whatsapp.provider.contact: com.whatsapp.contact.ContactProvider
11-04 22:52:42.108  1266  1448 E storaged: getDiskStats failed with result NOT_SUPPORTED and size 0
11-04 22:53:05.025  1756  6983 I chatty  : uid=1000(system) Binder:1756_16 expire 3 lines
11-04 22:53:42.114  1266  1448 E storaged: getDiskStats failed with result NOT_SUPPORTED and size 0
11-04 22:53:53.529  1756  2282 I chatty  : uid=1000(system) UEventObserver expire 10 lines
11-04 22:54:42.118  1266  1448 E storaged: getDiskStats failed with result NOT_SUPPORTED and size 0
11-04 22:55:08.411  1756  1949 I chatty  : uid=1000(system) ActivityManager expire 12 lines
11-04 22:55:42.120  1266  1448 E storaged: getDiskStats failed with result NOT_SUPPORTED and size 0
11-04 22:56:42.124  1266  1448 E storaged: getDiskStats failed with result NOT_SUPPORTED and size 0
11-04 22:57:42.129  1266  1448 E storaged: getDiskStats failed with result NOT_SUPPORTED and size 0
11-04 22:58:42.134  1266  1448 E storaged: getDiskStats failed with result NOT_SUPPORTED and size 0
11-04 22:59:42.138  1266  1448 E storaged: getDiskStats failed with result NOT_SUPPORTED and size 0
11-04 23:00:42.141  1266  1448 E storaged: getDiskStats failed with result NOT_SUPPORTED and size 0
11-04 23:01:42.145  1266  1448 E storaged: getDiskStats failed with result NOT_SUPPORTED and size 0
11-04 23:02:42.152  1266  1448 E storaged: getDiskStats failed with result NOT_SUPPORTED and size 0
11-04 23:03:42.158  1266  1448 E storaged: getDiskStats failed with result NOT_SUPPORTED and size 0
11-04 23:03:55.122  1756  2282 I chatty  : uid=1000(system) UEventObserver expire 10 lines
11-04 23:04:42.164  1266  1448 E storaged: getDiskStats failed with result NOT_SUPPORTED and size 0
11-04 23:05:42.168  1266  1448 E storaged: getDiskStats failed with result NOT_SUPPORTED and size 0
11-04 23:06:42.174  1266  1448 E storaged: getDiskStats failed with result NOT_SUPPORTED and size 0
11-04 23:06:51.927  1756  1950 I chatty  : uid=1000(system) android.ui expire 1 line
11-04 23:06:51.950  1756  1756 I chatty  : uid=1000 system_server expire 8 lines
11-04 23:06:52.798  1756  8145 I chatty  : uid=1000(system) Binder:1756_18 expire 3 lines
11-04 23:07:37.548  1756  1967 I chatty  : uid=1000(system) android.display expire 4 lines
11-04 23:07:42.176  1266  1448 E storaged: getDiskStats failed with result NOT_SUPPORTED and size 0
11-04 23:07:43.579  1756  1976 I chatty  : uid=1000(system) PowerManagerSer expire 4 lines
11-04 23:08:42.178  1266  1448 E storaged: getDiskStats failed with result NOT_SUPPORTED and size 0
11-04 23:09:42.183  1266  1448 E storaged: getDiskStats failed with result NOT_SUPPORTED and size 0
11-04 23:10:42.188  1266  1448 E storaged: getDiskStats failed with result NOT_SUPPORTED and size 0
11-04 23:11:42.193  1266  1448 E storaged: getDiskStats failed with result NOT_SUPPORTED and size 0
11-04 23:12:42.198  1266  1448 E storaged: getDiskStats failed with result NOT_SUPPORTED and size 0
11-04 23:12:46.828  1756  9657 I chatty  : uid=1000(system) Binder:1756_1D expire 1 line
11-04 23:12:51.054  1756  5942 I chatty  : uid=1000(system) Binder:1756_14 expire 3 lines
11-04 23:13:42.201  1266  1448 E storaged: getDiskStats failed with result NOT_SUPPORTED and size 0
11-04 23:13:56.725  1756  2282 I chatty  : uid=1000(system) UEventObserver expire 10 lines
11-04 23:14:42.203  1266  1448 E storaged: getDiskStats failed with result NOT_SUPPORTED and size 0
11-04 23:15:42.207  1266  1448 E storaged: getDiskStats failed with result NOT_SUPPORTED and size 0
11-04 23:16:42.212  1266  1448 E storaged: getDiskStats failed with result NOT_SUPPORTED and size 0
11-04 23:17:42.217  1266  1448 E storaged: getDiskStats failed with result NOT_SUPPORTED and size 0
11-04 23:17:46.132  1756  2547 I chatty  : uid=1000(system) Binder:1756_3 expire 5 lines
11-04 23:17:46.153  1756  1822 I chatty  : uid=1000(system) Binder:1756_1 expire 2 lines
11-04 23:18:42.222  1266  1448 E storaged: getDiskStats failed with result NOT_SUPPORTED and size 0
11-04 23:19:42.227  1266  1448 E storaged: getDiskStats failed with result NOT_SUPPORTED and size 0
11-04 23:20:42.230  1266  1448 E storaged: getDiskStats failed with result NOT_SUPPORTED and size 0
11-04 23:21:42.494  1266  1448 E storaged: getDiskStats failed with result NOT_SUPPORTED and size 0
11-04 23:22:42.501  1266  1448 E storaged: getDiskStats failed with result NOT_SUPPORTED and size 0
11-04 23:22:58.169  1756  2282 I chatty  : uid=1000(system) UEventObserver expire 10 lines
11-04 23:23:42.506  1266  1448 E storaged: getDiskStats failed with result NOT_SUPPORTED and size 0
11-04 23:24:42.511  1266  1448 E storaged: getDiskStats failed with result NOT_SUPPORTED and size 0
11-04 23:25:42.513  1266  1448 E storaged: getDiskStats failed with result NOT_SUPPORTED and size 0
11-04 23:26:42.517  1266  1448 E storaged: getDiskStats failed with result NOT_SUPPORTED and size 0
11-04 23:27:42.522  1266  1448 E storaged: getDiskStats failed with result NOT_SUPPORTED and size 0
11-04 23:28:42.527  1266  1448 E storaged: getDiskStats failed with result NOT_SUPPORTED and size 0
11-04 23:29:42.532  1266  1448 E storaged: getDiskStats failed with result NOT_SUPPORTED and size 0
11-04 23:30:42.537  1266  1448 E storaged: getDiskStats failed with result NOT_SUPPORTED and size 0
11-04 23:31:42.539  1266  1448 E storaged: getDiskStats failed with result NOT_SUPPORTED and size 0
11-04 23:32:42.545  1266  1448 E storaged: getDiskStats failed with result NOT_SUPPORTED and size 0
11-04 23:32:59.712  1756  2282 I chatty  : uid=1000(system) UEventObserver expire 10 lines
11-04 23:33:42.550  1266  1448 E storaged: getDiskStats failed with result NOT_SUPPORTED and size 0
11-04 23:34:42.554  1266  1448 E storaged: getDiskStats failed with result NOT_SUPPORTED and size 0
11-04 23:35:42.557  1266  1448 E storaged: getDiskStats failed with result NOT_SUPPORTED and size 0
11-04 23:36:42.561  1266  1448 E storaged: getDiskStats failed with result NOT_SUPPORTED and size 0
11-04 23:36:52.735  1756  1823 I chatty  : uid=1000(system) Binder:1756_2 expire 1 line
11-04 23:36:52.772  1756  4257 I chatty  : uid=1000(system) Binder:1756_F expire 5 lines
11-04 23:37:42.566  1266  1448 E storaged: getDiskStats failed with result NOT_SUPPORTED and size 0
11-04 23:38:42.569  1266  1448 E storaged: getDiskStats failed with result NOT_SUPPORTED and size 0
11-04 23:39:42.574  1266  1448 E storaged: getDiskStats failed with result NOT_SUPPORTED and size 0
11-04 23:40:42.578  1266  1448 E storaged: getDiskStats failed with result NOT_SUPPORTED and size 0
11-04 23:41:42.584  1266  1448 E storaged: getDiskStats failed with result NOT_SUPPORTED and size 0
11-04 23:42:42.589  1266  1448 E storaged: getDiskStats failed with result NOT_SUPPORTED and size 0
11-04 23:42:53.032  1756  2655 I chatty  : uid=1000(system) Binder:1756_5 expire 4 lines
11-04 23:42:58.942  1756  1949 I chatty  : uid=1000(system) ActivityManager expire 7 lines
11-04 23:43:01.361  1756  2282 I chatty  : uid=1000(system) UEventObserver expire 2 lines
11-04 23:43:03.011  1756  2552 I chatty  : uid=1000(system) Binder:1756_4 expire 1 line
11-04 23:43:24.093  1756 16668 I chatty  : uid=1000(system) Binder:1756_20 expire 2 lines
11-04 23:43:42.594  1266  1448 E storaged: getDiskStats failed with result NOT_SUPPORTED and size 0
11-04 23:44:42.598  1266  1448 E storaged: getDiskStats failed with result NOT_SUPPORTED and size 0
11-04 23:45:01.689  1756  2282 I chatty  : uid=1000(system) UEventObserver expire 10 lines
11-04 23:45:42.604  1266  1448 E storaged: getDiskStats failed with result NOT_SUPPORTED and size 0
11-04 23:46:24.658  1756  1949 I chatty  : uid=1000(system) ActivityManager expire 10 lines
11-04 23:46:42.608  1266  1448 E storaged: getDiskStats failed with result NOT_SUPPORTED and size 0
11-04 23:47:42.612  1266  1448 E storaged: getDiskStats failed with result NOT_SUPPORTED and size 0
11-04 23:48:42.617  1266  1448 E storaged: getDiskStats failed with result NOT_SUPPORTED and size 0
11-04 23:48:46.132  1756  1951 I chatty  : uid=1000(system) ActivityManager expire 9 lines
11-04 23:48:46.479  1756  4152 I chatty  : uid=1000(system) Binder:1756_E expire 2 lines
11-04 23:49:42.624  1266  1448 E storaged: getDiskStats failed with result NOT_SUPPORTED and size 0
11-04 23:50:42.626  1266  1448 E storaged: getDiskStats failed with result NOT_SUPPORTED and size 0
11-04 23:51:42.631  1266  1448 E storaged: getDiskStats failed with result NOT_SUPPORTED and size 0
11-04 23:52:42.637  1266  1448 E storaged: getDiskStats failed with result NOT_SUPPORTED and size 0
11-04 23:53:42.642  1266  1448 E storaged: getDiskStats failed with result NOT_SUPPORTED and size 0
11-04 23:53:45.978  1756  2655 I chatty  : uid=1000(system) Binder:1756_5 expire 1 line
11-04 23:53:47.721  1756  3105 I chatty  : uid=1000(system) Binder:1756_7 expire 5 lines
11-04 23:53:47.937  1756  1967 I chatty  : uid=1000(system) android.display expire 4 lines
11-04 23:53:54.019  1756  1976 I chatty  : uid=1000(system) PowerManagerSer expire 4 lines
11-04 23:54:42.647  1266  1448 E storaged: getDiskStats failed with result NOT_SUPPORTED and size 0
11-04 23:55:03.288  1756  2282 I chatty  : uid=1000(system) UEventObserver expire 10 lines
11-04 23:55:08.530 19511 19511 D ActivityThread: Loading provider com.whatsapp.provider.contact: com.whatsapp.contact.ContactProvider
11-04 23:55:42.653  1266  1448 E storaged: getDiskStats failed with result NOT_SUPPORTED and size 0
11-04 23:55:52.723  1756  1948 I chatty  : uid=1000(system) android.bg expire 3 lines
11-04 23:56:42.657  1266  1448 E storaged: getDiskStats failed with result NOT_SUPPORTED and size 0
11-04 23:56:52.123  1756  2547 I chatty  : uid=1000(system) Binder:1756_3 expire 1 line
11-04 23:57:42.661  1266  1448 E storaged: getDiskStats failed with result NOT_SUPPORTED and size 0
11-04 23:58:42.667  1266  1448 E storaged: getDiskStats failed with result NOT_SUPPORTED and size 0
11-04 23:59:42.671  1266  1448 E storaged: getDiskStats failed with result NOT_SUPPORTED and size 0
11-05 00:00:00.562  1756  4260 I chatty  : uid=1000(system) Binder:1756_10 expire 2 lines
11-05 00:00:01.015  1756  1756 I chatty  : uid=1000 system_server expire 3 lines
11-05 00:00:01.161  1756  2552 I chatty  : uid=1000(system) Binder:1756_4 expire 1 line
11-05 00:00:42.678  1266  1448 E storaged: getDiskStats failed with result NOT_SUPPORTED and size 0
11-05 00:01:42.682  1266  1448 E storaged: getDiskStats failed with result NOT_SUPPORTED and size 0
11-05 00:01:52.358  1756  3488 I chatty  : uid=1000(system) Binder:1756_B expire 1 line
11-05 00:01:52.358  1756  1823 I chatty  : uid=1000(system) Binder:1756_2 expire 1 line
11-05 00:01:52.358  1756  2504 I chatty  : uid=1000(system) ConnectivitySer expire 3 lines
11-05 00:02:42.685  1266  1448 E storaged: getDiskStats failed with result NOT_SUPPORTED and size 0
11-05 00:03:42.691  1266  1448 E storaged: getDiskStats failed with result NOT_SUPPORTED and size 0
11-05 00:04:42.693  1266  1448 E storaged: getDiskStats failed with result NOT_SUPPORTED and size 0
11-05 00:05:04.888  1756  2282 I chatty  : uid=1000(system) UEventObserver expire 10 lines
11-05 00:05:42.697  1266  1448 E storaged: getDiskStats failed with result NOT_SUPPORTED and size 0
11-05 00:06:42.701  1266  1448 E storaged: getDiskStats failed with result NOT_SUPPORTED and size 0
11-05 00:07:42.707  1266  1448 E storaged: getDiskStats failed with result NOT_SUPPORTED and size 0
11-05 00:08:42.712  1266  1448 E storaged: getDiskStats failed with result NOT_SUPPORTED and size 0
11-05 00:09:42.714  1266  1448 E storaged: getDiskStats failed with result NOT_SUPPORTED and size 0
11-05 00:10:42.718  1266  1448 E storaged: getDiskStats failed with result NOT_SUPPORTED and size 0
11-05 00:11:42.724  1266  1448 E storaged: getDiskStats failed with result NOT_SUPPORTED and size 0
11-05 00:12:42.729  1266  1448 E storaged: getDiskStats failed with result NOT_SUPPORTED and size 0
11-05 00:12:54.960  1756  8478 I chatty  : uid=1000(system) Binder:1756_1A expire 3 lines
11-05 00:13:09.928  1756  3107 I chatty  : uid=1000(system) Binder:1756_9 expire 7 lines
11-05 00:13:25.028  1756  5942 I chatty  : uid=1000(system) Binder:1756_14 expire 1 line
11-05 00:13:42.731  1266  1448 E storaged: getDiskStats failed with result NOT_SUPPORTED and size 0
11-05 00:14:42.735  1266  1448 E storaged: getDiskStats failed with result NOT_SUPPORTED and size 0
11-05 00:15:06.488  1756  2282 I chatty  : uid=1000(system) UEventObserver expire 10 lines
11-05 00:15:42.741  1266  1448 E storaged: getDiskStats failed with result NOT_SUPPORTED and size 0
11-05 00:16:42.746  1266  1448 E storaged: getDiskStats failed with result NOT_SUPPORTED and size 0
11-05 00:17:42.751  1266  1448 E storaged: getDiskStats failed with result NOT_SUPPORTED and size 0
11-05 00:18:42.755  1266  1448 E storaged: getDiskStats failed with result NOT_SUPPORTED and size 0
11-05 00:18:55.272  1756  4264 I chatty  : uid=1000(system) Binder:1756_11 expire 1 line
11-05 00:19:42.758  1266  1448 E storaged: getDiskStats failed with result NOT_SUPPORTED and size 0
11-05 00:20:42.764  1266  1448 E storaged: getDiskStats failed with result NOT_SUPPORTED and size 0
11-05 00:21:07.221  1756  2676 I chatty  : uid=1000(system) Binder:1756_6 expire 2 lines
11-05 00:21:07.222  1756  1949 I chatty  : uid=1000(system) ActivityManager expire 5 lines
11-05 00:21:42.962  1266  1448 E storaged: getDiskStats failed with result NOT_SUPPORTED and size 0
11-05 00:22:42.967  1266  1448 E storaged: getDiskStats failed with result NOT_SUPPORTED and size 0
11-05 00:23:42.972  1266  1448 E storaged: getDiskStats failed with result NOT_SUPPORTED and size 0
11-05 00:24:42.978  1266  1448 E storaged: getDiskStats failed with result NOT_SUPPORTED and size 0
11-05 00:25:08.090  1756  2282 I chatty  : uid=1000(system) UEventObserver expire 10 lines
11-05 00:25:42.984  1266  1448 E storaged: getDiskStats failed with result NOT_SUPPORTED and size 0
11-05 00:26:42.988  1266  1448 E storaged: getDiskStats failed with result NOT_SUPPORTED and size 0
11-05 00:27:42.991  1266  1448 E storaged: getDiskStats failed with result NOT_SUPPORTED and size 0
11-05 00:28:42.996  1266  1448 E storaged: getDiskStats failed with result NOT_SUPPORTED and size 0
11-05 00:29:43.001  1266  1448 E storaged: getDiskStats failed with result NOT_SUPPORTED and size 0
11-05 00:30:25.508  1756  8145 I chatty  : uid=1000(system) Binder:1756_18 expire 3 lines
11-05 00:30:43.007  1266  1448 E storaged: getDiskStats failed with result NOT_SUPPORTED and size 0
11-05 00:31:43.011  1266  1448 E storaged: getDiskStats failed with result NOT_SUPPORTED and size 0
11-05 00:32:43.018  1266  1448 E storaged: getDiskStats failed with result NOT_SUPPORTED and size 0
11-05 00:33:43.024  1266  1448 E storaged: getDiskStats failed with result NOT_SUPPORTED and size 0
11-05 00:34:43.028  1266  1448 E storaged: getDiskStats failed with result NOT_SUPPORTED and size 0
11-05 00:35:09.690  1756  2282 I chatty  : uid=1000(system) UEventObserver expire 10 lines
11-05 00:35:43.033  1266  1448 E storaged: getDiskStats failed with result NOT_SUPPORTED and size 0
11-05 00:36:43.037  1266  1448 E storaged: getDiskStats failed with result NOT_SUPPORTED and size 0
11-05 00:37:43.041  1266  1448 E storaged: getDiskStats failed with result NOT_SUPPORTED and size 0
11-05 00:38:43.047  1266  1448 E storaged: getDiskStats failed with result NOT_SUPPORTED and size 0
11-05 00:39:43.052  1266  1448 E storaged: getDiskStats failed with result NOT_SUPPORTED and size 0
11-05 00:40:43.057  1266  1448 E storaged: getDiskStats failed with result NOT_SUPPORTED and size 0
11-05 00:41:43.062  1266  1448 E storaged: getDiskStats failed with result NOT_SUPPORTED and size 0
11-05 00:42:43.068  1266  1448 E storaged: getDiskStats failed with result NOT_SUPPORTED and size 0
11-05 00:43:43.073  1266  1448 E storaged: getDiskStats failed with result NOT_SUPPORTED and size 0
11-05 00:44:43.078  1266  1448 E storaged: getDiskStats failed with result NOT_SUPPORTED and size 0
11-05 00:45:11.291  1756  2282 I chatty  : uid=1000(system) UEventObserver expire 10 lines
11-05 00:45:43.081  1266  1448 E storaged: getDiskStats failed with result NOT_SUPPORTED and size 0
11-05 00:46:43.086  1266  1448 E storaged: getDiskStats failed with result NOT_SUPPORTED and size 0
11-05 00:47:43.090  1266  1448 E storaged: getDiskStats failed with result NOT_SUPPORTED and size 0
11-05 00:48:43.095  1266  1448 E storaged: getDiskStats failed with result NOT_SUPPORTED and size 0
11-05 00:49:43.100  1266  1448 E storaged: getDiskStats failed with result NOT_SUPPORTED and size 0
11-05 00:50:43.105  1266  1448 E storaged: getDiskStats failed with result NOT_SUPPORTED and size 0
11-05 00:51:06.336  1756  2676 I chatty  : uid=1000(system) Binder:1756_6 expire 5 lines
11-05 00:51:06.648  1756 16668 I chatty  : uid=1000(system) Binder:1756_20 expire 6 lines
11-05 00:51:06.680  1756  1951 I chatty  : uid=1000(system) ActivityManager expire 12 lines
11-05 00:51:06.836 21056 21056 D ActivityThread: Loading provider com.whatsapp.provider.contact: com.whatsapp.contact.ContactProvider
11-05 00:51:07.018  1756  3105 I chatty  : uid=1000(system) Binder:1756_7 expire 2 lines
11-05 00:51:07.293  1756  3912 I chatty  : uid=1000(system) backup expire 5 lines
11-05 00:51:07.889  1756  3106 I chatty  : uid=1000(system) Binder:1756_8 expire 2 lines
11-05 00:51:08.421  1756  1949 I chatty  : uid=1000(system) ActivityManager expire 10 lines
11-05 00:51:43.107  1266  1448 E storaged: getDiskStats failed with result NOT_SUPPORTED and size 0
11-05 00:52:43.113  1266  1448 E storaged: getDiskStats failed with result NOT_SUPPORTED and size 0
11-05 00:53:43.115  1266  1448 E storaged: getDiskStats failed with result NOT_SUPPORTED and size 0
11-05 00:54:43.120  1266  1448 E storaged: getDiskStats failed with result NOT_SUPPORTED and size 0
11-05 00:55:12.881  1756  2282 I chatty  : uid=1000(system) UEventObserver expire 10 lines
11-05 00:55:43.125  1266  1448 E storaged: getDiskStats failed with result NOT_SUPPORTED and size 0
11-05 00:56:43.127  1266  1448 E storaged: getDiskStats failed with result NOT_SUPPORTED and size 0
11-05 00:57:06.189  1756  4152 I chatty  : uid=1000(system) Binder:1756_E expire 2 lines
11-05 00:57:43.130  1266  1448 E storaged: getDiskStats failed with result NOT_SUPPORTED and size 0
11-05 00:58:35.586  1756  1967 I chatty  : uid=1000(system) android.display expire 6 lines
11-05 00:58:41.657  1756  1976 I chatty  : uid=1000(system) PowerManagerSer expire 6 lines
11-05 00:58:43.134  1266  1448 E storaged: getDiskStats failed with result NOT_SUPPORTED and size 0
11-05 00:59:43.140  1266  1448 E storaged: getDiskStats failed with result NOT_SUPPORTED and size 0
11-05 01:00:08.852  1756  8478 I chatty  : uid=1000(system) Binder:1756_1A expire 4 lines
11-05 01:00:43.146  1266  1448 E storaged: getDiskStats failed with result NOT_SUPPORTED and size 0
11-05 01:01:43.150  1266  1448 E storaged: getDiskStats failed with result NOT_SUPPORTED and size 0
11-05 01:02:43.154  1266  1448 E storaged: getDiskStats failed with result NOT_SUPPORTED and size 0
11-05 01:03:28.512  1756  1948 I chatty  : uid=1000(system) android.bg expire 3 lines
11-05 01:03:43.161  1266  1448 E storaged: getDiskStats failed with result NOT_SUPPORTED and size 0
11-05 01:04:43.168  1266  1448 E storaged: getDiskStats failed with result NOT_SUPPORTED and size 0
11-05 01:05:14.481  1756  2282 I chatty  : uid=1000(system) UEventObserver expire 10 lines
11-05 01:05:43.172  1266  1448 E storaged: getDiskStats failed with result NOT_SUPPORTED and size 0
11-05 01:05:47.094  1756  6983 I chatty  : uid=1000(system) Binder:1756_16 expire 2 lines
11-05 01:06:43.177  1266  1448 E storaged: getDiskStats failed with result NOT_SUPPORTED and size 0
11-05 01:07:43.183  1266  1448 E storaged: getDiskStats failed with result NOT_SUPPORTED and size 0
11-05 01:08:43.188  1266  1448 E storaged: getDiskStats failed with result NOT_SUPPORTED and size 0
11-05 01:09:43.194  1266  1448 E storaged: getDiskStats failed with result NOT_SUPPORTED and size 0
11-05 01:10:43.199  1266  1448 E storaged: getDiskStats failed with result NOT_SUPPORTED and size 0
11-05 01:11:43.202  1266  1448 E storaged: getDiskStats failed with result NOT_SUPPORTED and size 0
11-05 01:12:43.207  1266  1448 E storaged: getDiskStats failed with result NOT_SUPPORTED and size 0
11-05 01:13:43.055  1756  4264 I chatty  : uid=1000(system) Binder:1756_11 expire 2 lines
11-05 01:13:43.210  1266  1448 E storaged: getDiskStats failed with result NOT_SUPPORTED and size 0
11-05 01:14:43.212  1266  1448 E storaged: getDiskStats failed with result NOT_SUPPORTED and size 0
11-05 01:15:16.091  1756  2282 I chatty  : uid=1000(system) UEventObserver expire 10 lines
11-05 01:15:43.213  1266  1448 E storaged: getDiskStats failed with result NOT_SUPPORTED and size 0
11-05 01:16:43.216  1266  1448 E storaged: getDiskStats failed with result NOT_SUPPORTED and size 0
11-05 01:17:43.220  1266  1448 E storaged: getDiskStats failed with result NOT_SUPPORTED and size 0
11-05 01:18:28.507  1756  1966 I chatty  : uid=1000(system) android.io expire 2 lines
11-05 01:18:43.223  1266  1448 E storaged: getDiskStats failed with result NOT_SUPPORTED and size 0
11-05 01:18:58.465  1756  8145 I chatty  : uid=1000(system) Binder:1756_18 expire 1 line
11-05 01:18:58.509  1756  5957 I chatty  : uid=1000(system) Binder:1756_15 expire 3 lines
11-05 01:18:58.509  1756  4260 I chatty  : uid=1000(system) Binder:1756_10 expire 1 line
11-05 01:18:58.509  1756  2504 I chatty  : uid=1000(system) ConnectivitySer expire 2 lines
11-05 01:19:43.226  1266  1448 E storaged: getDiskStats failed with result NOT_SUPPORTED and size 0
11-05 01:20:43.230  1266  1448 E storaged: getDiskStats failed with result NOT_SUPPORTED and size 0
11-05 01:21:07.220  1756  4257 I chatty  : uid=1000(system) Binder:1756_F expire 1 line
11-05 01:21:12.295  1756  5174 I chatty  : uid=1000(system) Binder:1756_12 expire 1 line
11-05 01:21:43.443  1266  1448 E storaged: getDiskStats failed with result NOT_SUPPORTED and size 0
11-05 01:22:43.448  1266  1448 E storaged: getDiskStats failed with result NOT_SUPPORTED and size 0
11-05 01:23:43.453  1266  1448 E storaged: getDiskStats failed with result NOT_SUPPORTED and size 0
11-05 01:24:43.458  1266  1448 E storaged: getDiskStats failed with result NOT_SUPPORTED and size 0
11-05 01:25:17.687  1756  2282 I chatty  : uid=1000(system) UEventObserver expire 10 lines
11-05 01:25:43.464  1266  1448 E storaged: getDiskStats failed with result NOT_SUPPORTED and size 0
11-05 01:26:43.469  1266  1448 E storaged: getDiskStats failed with result NOT_SUPPORTED and size 0
11-05 01:27:43.472  1266  1448 E storaged: getDiskStats failed with result NOT_SUPPORTED and size 0
11-05 01:28:43.477  1266  1448 E storaged: getDiskStats failed with result NOT_SUPPORTED and size 0
11-05 01:29:43.481  1266  1448 E storaged: getDiskStats failed with result NOT_SUPPORTED and size 0
11-05 01:30:43.488  1266  1448 E storaged: getDiskStats failed with result NOT_SUPPORTED and size 0
11-05 01:31:43.493  1266  1448 E storaged: getDiskStats failed with result NOT_SUPPORTED and size 0
11-05 01:32:43.497  1266  1448 E storaged: getDiskStats failed with result NOT_SUPPORTED and size 0
11-05 01:33:06.474  1756 11788 I chatty  : uid=1000(system) Binder:1756_1E expire 1 line
11-05 01:33:43.502  1266  1448 E storaged: getDiskStats failed with result NOT_SUPPORTED and size 0
11-05 01:34:43.505  1266  1448 E storaged: getDiskStats failed with result NOT_SUPPORTED and size 0
11-05 01:35:19.291  1756  2282 I chatty  : uid=1000(system) UEventObserver expire 10 lines
11-05 01:35:43.507  1266  1448 E storaged: getDiskStats failed with result NOT_SUPPORTED and size 0
11-05 01:36:43.510  1266  1448 E storaged: getDiskStats failed with result NOT_SUPPORTED and size 0
11-05 01:37:43.516  1266  1448 E storaged: getDiskStats failed with result NOT_SUPPORTED and size 0
11-05 01:38:43.520  1266  1448 E storaged: getDiskStats failed with result NOT_SUPPORTED and size 0
11-05 01:39:43.525  1266  1448 E storaged: getDiskStats failed with result NOT_SUPPORTED and size 0
11-05 01:40:43.530  1266  1448 E storaged: getDiskStats failed with result NOT_SUPPORTED and size 0
11-05 01:41:43.534  1266  1448 E storaged: getDiskStats failed with result NOT_SUPPORTED and size 0
11-05 01:41:47.569  1756  9657 I chatty  : uid=1000(system) Binder:1756_1D expire 2 lines
11-05 01:42:43.541  1266  1448 E storaged: getDiskStats failed with result NOT_SUPPORTED and size 0
11-05 01:43:43.546  1266  1448 E storaged: getDiskStats failed with result NOT_SUPPORTED and size 0
11-05 01:44:11.700  1756  2552 I chatty  : uid=1000(system) Binder:1756_4 expire 1 line
11-05 01:44:11.700  1756  1823 I chatty  : uid=1000(system) Binder:1756_2 expire 1 line
11-05 01:44:43.551  1266  1448 E storaged: getDiskStats failed with result NOT_SUPPORTED and size 0
11-05 01:45:20.887  1756  2282 I chatty  : uid=1000(system) UEventObserver expire 10 lines
11-05 01:45:43.556  1266  1448 E storaged: getDiskStats failed with result NOT_SUPPORTED and size 0
11-05 01:46:43.560  1266  1448 E storaged: getDiskStats failed with result NOT_SUPPORTED and size 0
11-05 01:47:43.565  1266  1448 E storaged: getDiskStats failed with result NOT_SUPPORTED and size 0
11-05 01:48:43.570  1266  1448 E storaged: getDiskStats failed with result NOT_SUPPORTED and size 0
11-05 01:49:43.574  1266  1448 E storaged: getDiskStats failed with result NOT_SUPPORTED and size 0
11-05 01:50:43.581  1266  1448 E storaged: getDiskStats failed with result NOT_SUPPORTED and size 0
11-05 01:51:07.902  1756  1951 I chatty  : uid=1000(system) ActivityManager expire 2 lines
11-05 01:51:08.065 23309 23309 D ActivityThread: Loading provider com.whatsapp.provider.contact: com.whatsapp.contact.ContactProvider
11-05 01:51:08.611  1756  1949 I chatty  : uid=1000(system) ActivityManager expire 6 lines
11-05 01:51:43.583  1266  1448 E storaged: getDiskStats failed with result NOT_SUPPORTED and size 0
11-05 01:52:43.585  1266  1448 E storaged: getDiskStats failed with result NOT_SUPPORTED and size 0
11-05 01:53:43.590  1266  1448 E storaged: getDiskStats failed with result NOT_SUPPORTED and size 0
11-05 01:54:43.595  1266  1448 E storaged: getDiskStats failed with result NOT_SUPPORTED and size 0
11-05 01:55:22.492  1756  2282 I chatty  : uid=1000(system) UEventObserver expire 10 lines
11-05 01:55:43.600  1266  1448 E storaged: getDiskStats failed with result NOT_SUPPORTED and size 0
11-05 01:56:33.969  1756  1948 I chatty  : uid=1000(system) android.bg expire 6 lines
11-05 01:56:43.604  1266  1448 E storaged: getDiskStats failed with result NOT_SUPPORTED and size 0
11-05 01:57:43.611  1266  1448 E storaged: getDiskStats failed with result NOT_SUPPORTED and size 0
11-05 01:58:43.616  1266  1448 E storaged: getDiskStats failed with result NOT_SUPPORTED and size 0
11-05 01:59:43.620  1266  1448 E storaged: getDiskStats failed with result NOT_SUPPORTED and size 0
11-05 02:00:43.625  1266  1448 E storaged: getDiskStats failed with result NOT_SUPPORTED and size 0
11-05 02:01:43.629  1266  1448 E storaged: getDiskStats failed with result NOT_SUPPORTED and size 0
11-05 02:02:43.633  1266  1448 E storaged: getDiskStats failed with result NOT_SUPPORTED and size 0
11-05 02:03:16.104  1756  9657 I chatty  : uid=1000(system) Binder:1756_1D expire 9 lines
11-05 02:03:43.637  1266  1448 E storaged: getDiskStats failed with result NOT_SUPPORTED and size 0
11-05 02:04:43.649  1266  1448 E storaged: getDiskStats failed with result NOT_SUPPORTED and size 0
11-05 02:05:24.092  1756  2282 I chatty  : uid=1000(system) UEventObserver expire 10 lines
11-05 02:05:43.653  1266  1448 E storaged: getDiskStats failed with result NOT_SUPPORTED and size 0
11-05 02:06:43.655  1266  1448 E storaged: getDiskStats failed with result NOT_SUPPORTED and size 0
11-05 02:07:43.657  1266  1448 E storaged: getDiskStats failed with result NOT_SUPPORTED and size 0
11-05 02:08:43.660  1266  1448 E storaged: getDiskStats failed with result NOT_SUPPORTED and size 0
11-05 02:09:43.662  1266  1448 E storaged: getDiskStats failed with result NOT_SUPPORTED and size 0
11-05 02:10:43.664  1266  1448 E storaged: getDiskStats failed with result NOT_SUPPORTED and size 0
11-05 02:10:46.882  1756  1951 I chatty  : uid=1000(system) ActivityManager expire 10 lines
11-05 02:11:09.847  1756 12645 I chatty  : uid=1000(system) Binder:1756_1F expire 2 lines
11-05 02:11:18.171  1756  8478 I chatty  : uid=1000(system) Binder:1756_1A expire 1 line
11-05 02:11:43.666  1266  1448 E storaged: getDiskStats failed with result NOT_SUPPORTED and size 0
11-05 02:11:55.570  1756  2547 I chatty  : uid=1000(system) Binder:1756_3 expire 2 lines
11-05 02:12:43.669  1266  1448 E storaged: getDiskStats failed with result NOT_SUPPORTED and size 0
11-05 02:13:43.671  1266  1448 E storaged: getDiskStats failed with result NOT_SUPPORTED and size 0
