11-04 18:19:02.641  2789  2821 E ActivityThread: Failed to find provider info for com.motorola.audiomonitor.settings.provider
11-04 18:19:02.643  2789  2822 E ActivityThread: Failed to find provider info for com.motorola.audiomonitor.settings.provider
11-04 18:19:02.958  1756  2676 I chatty  : uid=1000(system) Binder:1756_6 expire 16 lines
11-04 18:19:40.237  1266  1448 E storaged: getDiskStats failed with result NOT_SUPPORTED and size 0
11-04 18:19:55.101  1756  8511 I chatty  : uid=1000(system) Binder:1756_1B expire 33 lines
11-04 18:20:40.241  1266  1448 E storaged: getDiskStats failed with result NOT_SUPPORTED and size 0
11-04 18:21:02.753  1756  4260 I chatty  : uid=1000(system) Binder:1756_10 expire 2 lines
11-04 18:21:02.983  2747  2747 I Telephony: TelephonyConnectionService: notifyCreateConnectionComplete TC@78_1: (...->CSW.hCCC)->CS.crCoC->H.CS.crCoC@E-E-E-mJU
11-04 18:21:02.985  1756  2982 I chatty  : uid=1000 system_server expire 1 line
11-04 18:21:03.078  1756  2676 I chatty  : uid=1000(system) Binder:1756_6 expire 2 lines
11-04 18:21:03.104  1756  2806 I chatty  : uid=1000(system) uteStateMachine expire 26 lines
11-04 18:21:03.107  1756  2807 I chatty  : uid=1000(system) CallAudioModeSt expire 15 lines
11-04 18:21:03.125  1756  3866 I chatty  : uid=1000(system) tonegenerator-d expire 1 line
11-04 18:21:03.396  1251  1251 E ActivityThread: Failed to find provider info for google.ims.sipmsgprovider
11-04 18:21:03.449  1251  1530 E ActivityThread: Failed to find provider info for google.ims.sipmsgprovider
11-04 18:21:03.685  1756 12645 I chatty  : uid=1000(system) Binder:1756_1F expire 2 lines
11-04 18:21:03.733  3282  9338 D ProcSpeedReader: Failed to read freq stats from null
11-04 18:21:03.742  3282  9338 D ProcSpeedReader: Failed to read freq stats from null
11-04 18:21:03.780  1756  3063 I chatty  : uid=1000 system_server expire 3 lines
11-04 18:21:03.833  1756  3105 I chatty  : uid=1000(system) Binder:1756_7 expire 1 line
11-04 18:21:04.337  1756  4152 I chatty  : uid=1000(system) Binder:1756_E expire 1 line
11-04 18:21:04.337  1756  1756 I chatty  : uid=1000 system_server expire 11 lines
11-04 18:21:04.376  3282  9338 D ProcSpeedReader: Failed to read freq stats from null
11-04 18:21:16.509  1756  4264 I chatty  : uid=1000(system) Binder:1756_11 expire 24 lines
11-04 18:21:16.535  1756  1949 I chatty  : uid=1000(system) ActivityManager expire 17 lines
11-04 18:21:16.592  1756  8478 I chatty  : uid=1000(system) Binder:1756_1A expire 1 line
11-04 18:21:32.006  1756  2800 I chatty  : uid=1000(system) BluetoothRouteM expire 1 line
11-04 18:21:32.044  1756  3295 I chatty  : uid=1000 system_server expire 1 line
11-04 18:21:32.096  1756  2806 I chatty  : uid=1000(system) uteStateMachine expire 10 lines
11-04 18:21:32.211  1756  4152 I chatty  : uid=1000(system) Binder:1756_E expire 2 lines
11-04 18:21:32.212  1756  1949 I chatty  : uid=1000(system) ActivityManager expire 12 lines
11-04 18:21:32.242  1756  1951 I chatty  : uid=1000(system) ActivityManager expire 10 lines
11-04 18:21:32.311  3282  9338 D ProcSpeedReader: Failed to read freq stats from null
11-04 18:21:32.327  1756  5957 I chatty  : uid=1000(system) Binder:1756_15 expire 1 line
11-04 18:21:32.438  1756  3105 I chatty  : uid=1000(system) Binder:1756_7 expire 2 lines
11-04 18:21:32.559  1756  1756 I chatty  : uid=1000 system_server expire 13 lines
11-04 18:21:32.559  1756  2807 I chatty  : uid=1000(system) CallAudioModeSt expire 4 lines
11-04 18:21:34.348  1756  8511 I chatty  : uid=1000(system) Binder:1756_1B expire 5 lines
11-04 18:21:40.706  1266  1448 E storaged: getDiskStats failed with result NOT_SUPPORTED and size 0
11-04 18:21:41.745  1756  1976 I chatty  : uid=1000(system) PowerManagerSer expire 11 lines
11-04 18:21:42.314  1756  1967 I chatty  : uid=1000(system) android.display expire 11 lines
11-04 18:21:42.584  1756  1965 I chatty  : uid=1000(system) android.fg expire 9 lines
11-04 18:21:42.746  1756  5869 I chatty  : uid=1000(system) Binder:1756_13 expire 1 line
11-04 18:21:42.766  2789  3400 E ActivityThread: Failed to find provider info for com.motorola.audiomonitor.settings.provider
11-04 18:21:42.769  2789  3402 E ActivityThread: Failed to find provider info for com.motorola.audiomonitor.settings.provider
11-04 18:21:43.438  1756  2282 I chatty  : uid=1000(system) UEventObserver expire 10 lines
11-04 18:22:34.669  1756  4260 I chatty  : uid=1000(system) Binder:1756_10 expire 10 lines
11-04 18:22:40.708  1266  1448 E storaged: getDiskStats failed with result NOT_SUPPORTED and size 0
11-04 18:23:40.713  1266  1448 E storaged: getDiskStats failed with result NOT_SUPPORTED and size 0
11-04 18:24:40.717  1266  1448 E storaged: getDiskStats failed with result NOT_SUPPORTED and size 0
11-04 18:24:55.491  1756  9657 I chatty  : uid=1000(system) Binder:1756_1D expire 1 line
11-04 18:25:40.722  1266  1448 E storaged: getDiskStats failed with result NOT_SUPPORTED and size 0
11-04 18:26:14.042  1756  1822 I chatty  : uid=1000(system) Binder:1756_1 expire 6 lines
11-04 18:26:32.750  1756  1948 I chatty  : uid=1000(system) android.bg expire 2 lines
11-04 18:26:40.727  1266  1448 E storaged: getDiskStats failed with result NOT_SUPPORTED and size 0
11-04 18:26:41.204  1756  3426 I chatty  : uid=1000(system) Binder:1756_A expire 5 lines
11-04 18:26:41.204  1756  2655 I chatty  : uid=1000(system) Binder:1756_5 expire 2 lines
11-04 18:26:41.204  1756  2504 I chatty  : uid=1000(system) ConnectivitySer expire 2 lines
11-04 18:27:40.732  1266  1448 E storaged: getDiskStats failed with result NOT_SUPPORTED and size 0
11-04 18:28:40.734  1266  1448 E storaged: getDiskStats failed with result NOT_SUPPORTED and size 0
11-04 18:29:07.144  1756  2282 I chatty  : uid=1000(system) UEventObserver expire 10 lines
11-04 18:29:40.740  1266  1448 E storaged: getDiskStats failed with result NOT_SUPPORTED and size 0
11-04 18:29:55.575  1756  3107 I chatty  : uid=1000(system) Binder:1756_9 expire 1 line
11-04 18:30:40.744  1266  1448 E storaged: getDiskStats failed with result NOT_SUPPORTED and size 0
11-04 18:31:40.750  1266  1448 E storaged: getDiskStats failed with result NOT_SUPPORTED and size 0
11-04 18:32:40.755  1266  1448 E storaged: getDiskStats failed with result NOT_SUPPORTED and size 0
11-04 18:33:40.760  1266  1448 E storaged: getDiskStats failed with result NOT_SUPPORTED and size 0
11-04 18:34:40.764  1266  1448 E storaged: getDiskStats failed with result NOT_SUPPORTED and size 0
11-04 18:35:40.770  1266  1448 E storaged: getDiskStats failed with result NOT_SUPPORTED and size 0
11-04 18:36:08.205  1756  2282 I chatty  : uid=1000(system) UEventObserver expire 10 lines
11-04 18:36:40.773  1266  1448 E storaged: getDiskStats failed with result NOT_SUPPORTED and size 0
11-04 18:37:40.778  1266  1448 E storaged: getDiskStats failed with result NOT_SUPPORTED and size 0
11-04 18:38:40.783  1266  1448 E storaged: getDiskStats failed with result NOT_SUPPORTED and size 0
11-04 18:39:40.788  1266  1448 E storaged: getDiskStats failed with result NOT_SUPPORTED and size 0
11-04 18:40:40.792  1266  1448 E storaged: getDiskStats failed with result NOT_SUPPORTED and size 0
11-04 18:41:19.366  1756  1976 I chatty  : uid=1000(system) PowerManagerSer expire 13 lines
11-04 18:41:40.797  1266  1448 E storaged: getDiskStats failed with result NOT_SUPPORTED and size 0
11-04 18:42:40.803  1266  1448 E storaged: getDiskStats failed with result NOT_SUPPORTED and size 0
11-04 18:43:40.805  1266  1448 E storaged: getDiskStats failed with result NOT_SUPPORTED and size 0
11-04 18:44:40.810  1266  1448 E storaged: getDiskStats failed with result NOT_SUPPORTED and size 0
11-04 18:44:56.095  1756  3951 I chatty  : uid=1000(system) Binder:1756_D expire 6 lines
11-04 18:45:09.641  1756  2282 I chatty  : uid=1000(system) UEventObserver expire 10 lines
11-04 18:45:24.046  1756  2547 I chatty  : uid=1000(system) Binder:1756_3 expire 6 lines
11-04 18:45:40.812  1266  1448 E storaged: getDiskStats failed with result NOT_SUPPORTED and size 0
11-04 18:46:38.530  1756  1967 I chatty  : uid=1000(system) android.display expire 10 lines
11-04 18:46:40.818  1266  1448 E storaged: getDiskStats failed with result NOT_SUPPORTED and size 0
11-04 18:46:49.189  1756  2431 I chatty  : uid=1000(system) HwBinder:1756_3 expire 1 line
11-04 18:46:49.406  1756  1953 I chatty  : uid=1000(system) batterystats-wo expire 1 line
11-04 18:46:49.808  1756  1950 I chatty  : uid=1000(system) android.ui expire 14 lines
11-04 18:47:00.492  2789  4563 E ActivityThread: Failed to find provider info for com.motorola.audiomonitor.settings.provider
11-04 18:47:00.494  2789  4564 E ActivityThread: Failed to find provider info for com.motorola.audiomonitor.settings.provider
11-04 18:47:00.649  1756  2433 I chatty  : uid=1000(system) InputReader expire 1 line
11-04 18:47:00.668  1756  1756 I chatty  : uid=1000 system_server expire 7 lines
11-04 18:47:00.865  1756  1976 I chatty  : uid=1000(system) PowerManagerSer expire 2 lines
11-04 18:47:02.320  1756  1823 I chatty  : uid=1000(system) Binder:1756_2 expire 4 lines
11-04 18:47:04.152  1756 11788 I chatty  : uid=1000(system) Binder:1756_1E expire 4 lines
11-04 18:47:04.182  1756  6983 I chatty  : uid=1000(system) Binder:1756_16 expire 5 lines
11-04 18:47:12.776  1756  1949 I chatty  : uid=1000(system) ActivityManager expire 7 lines
11-04 18:47:13.017  3282  9338 D ProcSpeedReader: Failed to read freq stats from null
11-04 18:47:18.820  3282  9338 D ProcSpeedReader: Failed to read freq stats from null
11-04 18:47:18.893  3282  9338 D ProcSpeedReader: Failed to read freq stats from null
11-04 18:47:19.142  1756  1951 I chatty  : uid=1000(system) ActivityManager expire 3 lines
11-04 18:47:19.465  4336  4707 D TextClassificationManager: Initialized SystemTextClassifier
11-04 18:47:40.617  3282  9338 D ProcSpeedReader: Failed to read freq stats from null
11-04 18:47:40.638  3282  9338 D ProcSpeedReader: Failed to read freq stats from null
11-04 18:47:40.820  1266  1448 E storaged: getDiskStats failed with result NOT_SUPPORTED and size 0
11-04 18:47:49.094  1756  2277 I chatty  : uid=1000(system) android.anim expire 5 lines
11-04 18:48:40.822  1266  1448 E storaged: getDiskStats failed with result NOT_SUPPORTED and size 0
11-04 18:49:20.683  1756  2432 I chatty  : uid=1000(system) InputDispatcher expire 1 line
11-04 18:49:20.702  3282  9338 D ProcSpeedReader: Failed to read freq stats from null
11-04 18:49:20.743  3282  9338 D ProcSpeedReader: Failed to read freq stats from null
11-04 18:49:37.560  4067  4067 E SchedPolicy: set_timerslack_ns write failed: Operation not permitted
11-04 18:49:37.561  4067  4067 I chatty  : uid=10049(com.motorola.launcher3) identical 4 lines
11-04 18:49:37.666  4067  4067 E SchedPolicy: set_timerslack_ns write failed: Operation not permitted
11-04 18:49:40.823  1266  1448 E storaged: getDiskStats failed with result NOT_SUPPORTED and size 0
11-04 18:50:40.825  1266  1448 E storaged: getDiskStats failed with result NOT_SUPPORTED and size 0
11-04 18:50:49.065  1756  8406 I chatty  : uid=1000(system) Binder:1756_19 expire 1 line
11-04 18:51:40.826  1266  1448 E storaged: getDiskStats failed with result NOT_SUPPORTED and size 0
11-04 18:52:08.701  4067  4067 E SchedPolicy: set_timerslack_ns write failed: Operation not permitted
11-04 18:52:08.829  4067  4067 E SchedPolicy: set_timerslack_ns write failed: Operation not permitted
11-04 18:52:11.189  3282  9338 D ProcSpeedReader: Failed to read freq stats from null
11-04 18:52:11.275  3282  9338 D ProcSpeedReader: Failed to read freq stats from null
11-04 18:52:12.242  1756  1967 I chatty  : uid=1000(system) android.display expire 1 line
11-04 18:52:13.836  1756  4264 I chatty  : uid=1000(system) Binder:1756_11 expire 16 lines
11-04 18:52:13.840  1756  2807 I chatty  : uid=1000(system) CallAudioModeSt expire 10 lines
11-04 18:52:13.859  1756  1756 I chatty  : uid=1000 system_server expire 19 lines
11-04 18:52:13.869  1756  2806 I chatty  : uid=1000(system) uteStateMachine expire 19 lines
11-04 18:52:13.905  1756  3488 I chatty  : uid=1000(system) Binder:1756_B expire 3 lines
11-04 18:52:13.974  1756  8689 I chatty  : uid=1000(system) Binder:1756_1C expire 28 lines
11-04 18:52:13.982  1756  1949 I chatty  : uid=1000(system) ActivityManager expire 10 lines
11-04 18:52:14.011  1756  1951 I chatty  : uid=1000(system) ActivityManager expire 4 lines
11-04 18:52:14.075  1756  4152 I chatty  : uid=1000(system) Binder:1756_E expire 4 lines
11-04 18:52:14.101  2747  2747 I Telephony: TelephonyConnectionService: notifyCreateConnectionComplete TC@79_1: (...->CSW.hCCC)->CS.crCoC->H.CS.crCoC@E-E-E-mdA
11-04 18:52:14.153  3282  9338 D ProcSpeedReader: Failed to read freq stats from null
11-04 18:52:14.199  3282  9338 D ProcSpeedReader: Failed to read freq stats from null
11-04 18:52:14.340  5042  5042 E ActivityThread: Failed to find provider info for google.ims.sipmsgprovider
11-04 18:52:14.375  5042  5068 E ActivityThread: Failed to find provider info for google.ims.sipmsgprovider
11-04 18:52:14.379  1756  4260 I chatty  : uid=1000(system) Binder:1756_10 expire 2 lines
11-04 18:52:14.807  1756  1967 I chatty  : uid=1000(system) android.display expire 1 line
11-04 18:52:14.928  1756  6983 I chatty  : uid=1000(system) Binder:1756_16 expire 17 lines
11-04 18:52:14.929  1756  2504 I chatty  : uid=1000(system) ConnectivitySer expire 1 line
11-04 18:52:19.991  1756  5957 I chatty  : uid=1000(system) Binder:1756_15 expire 16 lines
11-04 18:52:19.998  1756  3107 I chatty  : uid=1000(system) Binder:1756_9 expire 3 lines
11-04 18:52:40.829  1266  1448 E storaged: getDiskStats failed with result NOT_SUPPORTED and size 0
11-04 18:52:50.115  1756  1756 I chatty  : uid=1000 system_server expire 27 lines
11-04 18:52:50.141  1756  9657 I chatty  : uid=1000(system) Binder:1756_1D expire 6 lines
11-04 18:52:50.329  1756  2282 I chatty  : uid=1000(system) UEventObserver expire 10 lines
11-04 18:52:59.857  1756  4264 I chatty  : uid=1000(system) Binder:1756_11 expire 29 lines
11-04 18:53:00.195  1756  2806 I chatty  : uid=1000(system) uteStateMachine expire 13 lines
11-04 18:53:00.202  1756  2800 I chatty  : uid=1000(system) BluetoothRouteM expire 1 line
11-04 18:53:00.223  1756  5331 I chatty  : uid=1000 system_server expire 1 line
11-04 18:53:00.243  1756  1949 I chatty  : uid=1000(system) ActivityManager expire 10 lines
11-04 18:53:00.571  3282  9338 D ProcSpeedReader: Failed to read freq stats from null
11-04 18:53:00.623  3282  9338 D ProcSpeedReader: Failed to read freq stats from null
11-04 18:53:21.795  1756  6983 I chatty  : uid=1000(system) Binder:1756_16 expire 1 line
11-04 18:53:41.156  1266  1448 E storaged: getDiskStats failed with result NOT_SUPPORTED and size 0
11-04 18:54:41.161  1266  1448 E storaged: getDiskStats failed with result NOT_SUPPORTED and size 0
11-04 18:55:41.162  1266  1448 E storaged: getDiskStats failed with result NOT_SUPPORTED and size 0
11-04 18:56:41.164  1266  1448 E storaged: getDiskStats failed with result NOT_SUPPORTED and size 0
11-04 18:57:41.165  1266  1448 E storaged: getDiskStats failed with result NOT_SUPPORTED and size 0
11-04 18:58:41.169  1266  1448 E storaged: getDiskStats failed with result NOT_SUPPORTED and size 0
11-04 18:59:41.174  1266  1448 E storaged: getDiskStats failed with result NOT_SUPPORTED and size 0
11-04 19:00:08.846  1756  2806 I chatty  : uid=1000(system) uteStateMachine expire 3 lines
11-04 19:00:08.847  1756  2807 I chatty  : uid=1000(system) CallAudioModeSt expire 2 lines
11-04 19:00:09.055  1756  1949 I chatty  : uid=1000(system) ActivityManager expire 11 lines
11-04 19:00:09.058  1756  5957 I chatty  : uid=1000(system) Binder:1756_15 expire 11 lines
11-04 19:00:09.059  1756  2806 I chatty  : uid=1000(system) uteStateMachine expire 19 lines
11-04 19:00:09.059  1756  1756 I chatty  : uid=1000 system_server expire 10 lines
11-04 19:00:09.077  1756  8689 I chatty  : uid=1000(system) Binder:1756_1C expire 11 lines
11-04 19:00:09.135  1756  3105 I chatty  : uid=1000(system) Binder:1756_7 expire 10 lines
11-04 19:00:09.169  3282  9338 D ProcSpeedReader: Failed to read freq stats from null
11-04 19:00:09.177  2747  2747 I Telephony: TelephonyConnectionService: notifyCreateConnectionComplete TC@80_1: (...->CSW.hCCC)->CS.crCoC->H.CS.crCoC@E-E-E-mz4
11-04 19:00:09.197  1756  2807 I chatty  : uid=1000(system) CallAudioModeSt expire 9 lines
11-04 19:00:09.243  3282  9338 D ProcSpeedReader: Failed to read freq stats from null
11-04 19:00:09.357  5042  5042 E ActivityThread: Failed to find provider info for google.ims.sipmsgprovider
11-04 19:00:09.390  5042  5068 E ActivityThread: Failed to find provider info for google.ims.sipmsgprovider
11-04 19:00:09.397  1756  4257 I chatty  : uid=1000(system) Binder:1756_F expire 7 lines
11-04 19:00:09.789  1756  1967 I chatty  : uid=1000(system) android.display expire 4 lines
11-04 19:00:13.112  1756  4152 I chatty  : uid=1000(system) Binder:1756_E expire 20 lines
11-04 19:00:18.288  1756  6983 I chatty  : uid=1000(system) Binder:1756_16 expire 2 lines
11-04 19:00:41.175  1266  1448 E storaged: getDiskStats failed with result NOT_SUPPORTED and size 0
11-04 19:00:51.937  1756  2282 I chatty  : uid=1000(system) UEventObserver expire 10 lines
11-04 19:00:51.995  1756  5957 I chatty  : uid=1000(system) Binder:1756_15 expire 3 lines
11-04 19:00:52.007  1756  4152 I chatty  : uid=1000(system) Binder:1756_E expire 11 lines
11-04 19:01:41.178  1266  1448 E storaged: getDiskStats failed with result NOT_SUPPORTED and size 0
11-04 19:02:41.181  1266  1448 E storaged: getDiskStats failed with result NOT_SUPPORTED and size 0
11-04 19:03:41.182  1266  1448 E storaged: getDiskStats failed with result NOT_SUPPORTED and size 0
11-04 19:04:41.183  1266  1448 E storaged: getDiskStats failed with result NOT_SUPPORTED and size 0
11-04 19:05:09.422  1756  1953 I chatty  : uid=1000(system) batterystats-wo expire 1 line
11-04 19:05:41.186  1266  1448 E storaged: getDiskStats failed with result NOT_SUPPORTED and size 0
11-04 19:06:13.622  1756  1951 I chatty  : uid=1000(system) ActivityManager expire 5 lines
11-04 19:06:37.469  1756  2655 I chatty  : uid=1000(system) Binder:1756_5 expire 2 lines
11-04 19:06:37.470  1756  2504 I chatty  : uid=1000(system) ConnectivitySer expire 15 lines
11-04 19:06:41.190  1266  1448 E storaged: getDiskStats failed with result NOT_SUPPORTED and size 0
11-04 19:07:41.191  1266  1448 E storaged: getDiskStats failed with result NOT_SUPPORTED and size 0
11-04 19:08:41.195  1266  1448 E storaged: getDiskStats failed with result NOT_SUPPORTED and size 0
11-04 19:08:53.270  1756  2282 I chatty  : uid=1000(system) UEventObserver expire 10 lines
11-04 19:09:12.449  1756  1948 I chatty  : uid=1000(system) android.bg expire 1 line
11-04 19:09:41.197  1266  1448 E storaged: getDiskStats failed with result NOT_SUPPORTED and size 0
11-04 19:10:41.199  1266  1448 E storaged: getDiskStats failed with result NOT_SUPPORTED and size 0
11-04 19:10:45.658  1756  3107 I chatty  : uid=1000(system) Binder:1756_9 expire 2 lines
11-04 19:11:41.204  1266  1448 E storaged: getDiskStats failed with result NOT_SUPPORTED and size 0
11-04 19:12:41.207  1266  1448 E storaged: getDiskStats failed with result NOT_SUPPORTED and size 0
11-04 19:13:41.210  1266  1448 E storaged: getDiskStats failed with result NOT_SUPPORTED and size 0
11-04 19:14:41.213  1266  1448 E storaged: getDiskStats failed with result NOT_SUPPORTED and size 0
11-04 19:15:41.217  1266  1448 E storaged: getDiskStats failed with result NOT_SUPPORTED and size 0
11-04 19:15:54.550  1756  2282 I chatty  : uid=1000(system) UEventObserver expire 10 lines
11-04 19:16:41.220  1266  1448 E storaged: getDiskStats failed with result NOT_SUPPORTED and size 0
11-04 19:17:38.039  1756  3488 I chatty  : uid=1000(system) Binder:1756_B expire 6 lines
11-04 19:17:41.221  1266  1448 E storaged: getDiskStats failed with result NOT_SUPPORTED and size 0
11-04 19:18:28.908  1756  1966 I chatty  : uid=1000(system) android.io expire 2 lines
11-04 19:18:41.222  1266  1448 E storaged: getDiskStats failed with result NOT_SUPPORTED and size 0
11-04 19:18:43.133  1756  2676 I chatty  : uid=1000(system) Binder:1756_6 expire 4 lines
11-04 19:18:43.138  1756  8511 I chatty  : uid=1000(system) Binder:1756_1B expire 2 lines
11-04 19:19:41.224  1266  1448 E storaged: getDiskStats failed with result NOT_SUPPORTED and size 0
11-04 19:20:41.227  1266  1448 E storaged: getDiskStats failed with result NOT_SUPPORTED and size 0
11-04 19:21:41.396  1266  1448 E storaged: getDiskStats failed with result NOT_SUPPORTED and size 0
11-04 19:22:09.126  1756  1949 I chatty  : uid=1000(system) ActivityManager expire 15 lines
11-04 19:22:11.344  1756 12645 I chatty  : uid=1000(system) Binder:1756_1F expire 1 line
11-04 19:22:11.710  1756  3950 I chatty  : uid=1000(system) Binder:1756_C expire 2 lines
11-04 19:22:15.397  1756  7524 I chatty  : uid=1000(system) Binder:1756_17 expire 1 line
11-04 19:22:21.046  3282  9338 D ProcSpeedReader: Failed to read freq stats from null
11-04 19:22:21.078  1756  3105 I chatty  : uid=1000(system) Binder:1756_7 expire 1 line
11-04 19:22:21.132  3282  9338 D ProcSpeedReader: Failed to read freq stats from null
11-04 19:22:21.134  1756  1950 I chatty  : uid=1000(system) android.ui expire 1 line
11-04 19:22:21.565  4336  6213 D TextClassificationManager: Initialized SystemTextClassifier
11-04 19:22:41.397  1266  1448 E storaged: getDiskStats failed with result NOT_SUPPORTED and size 0
11-04 19:22:52.423  3282  9338 D ProcSpeedReader: Failed to read freq stats from null
11-04 19:22:52.445  3282  9338 D ProcSpeedReader: Failed to read freq stats from null
11-04 19:22:55.957  3282  9338 D ProcSpeedReader: Failed to read freq stats from null
11-04 19:22:55.984  3282  9338 D ProcSpeedReader: Failed to read freq stats from null
11-04 19:23:41.399  1266  1448 E storaged: getDiskStats failed with result NOT_SUPPORTED and size 0
11-04 19:23:55.831  1756  2282 I chatty  : uid=1000(system) UEventObserver expire 1 line
11-04 19:24:31.556  1756  1822 I chatty  : uid=1000(system) Binder:1756_1 expire 3 lines
11-04 19:24:31.893  1756  8145 I chatty  : uid=1000(system) Binder:1756_18 expire 7 lines
11-04 19:24:31.909  1756  8689 I chatty  : uid=1000(system) Binder:1756_1C expire 20 lines
11-04 19:24:31.926  1756  2806 I chatty  : uid=1000(system) uteStateMachine expire 10 lines
11-04 19:24:31.933  1756  2800 I chatty  : uid=1000(system) BluetoothRouteM expire 1 line
11-04 19:24:31.973  1756  6364 I chatty  : uid=1000 system_server expire 1 line
11-04 19:24:32.432  3282  9338 D ProcSpeedReader: Failed to read freq stats from null
11-04 19:24:32.491  3282  9338 D ProcSpeedReader: Failed to read freq stats from null
11-04 19:24:32.810  1756  2806 I chatty  : uid=1000(system) uteStateMachine expire 17 lines
11-04 19:24:33.993  1756  1756 I chatty  : uid=1000 system_server expire 24 lines
11-04 19:24:40.665  1266  1448 E storaged: getDiskStats failed with result NOT_SUPPORTED and size 0
11-04 19:24:55.257  1756  2282 I chatty  : uid=1000(system) UEventObserver expire 10 lines
11-04 19:25:14.387  1756  2432 I chatty  : uid=1000(system) InputDispatcher expire 1 line
11-04 19:25:14.401  3282  9338 D ProcSpeedReader: Failed to read freq stats from null
11-04 19:25:14.436  3282  9338 D ProcSpeedReader: Failed to read freq stats from null
11-04 19:25:14.511  1756  1951 I chatty  : uid=1000(system) ActivityManager expire 4 lines
11-04 19:25:14.592  1756  1967 I chatty  : uid=1000(system) android.display expire 6 lines
11-04 19:25:14.640  1756  1949 I chatty  : uid=1000(system) ActivityManager expire 10 lines
11-04 19:25:14.727  1756  3488 I chatty  : uid=1000(system) Binder:1756_B expire 1 line
11-04 19:25:14.765  1756  8406 I chatty  : uid=1000(system) Binder:1756_19 expire 6 lines
11-04 19:25:14.788  1756  8689 I chatty  : uid=1000(system) Binder:1756_1C expire 6 lines
11-04 19:25:15.779  1756  3107 I chatty  : uid=1000(system) Binder:1756_9 expire 5 lines
11-04 19:25:15.785  3282  9338 D ProcSpeedReader: Failed to read freq stats from null
11-04 19:25:15.822  3282  9338 D ProcSpeedReader: Failed to read freq stats from null
11-04 19:25:40.670  1266  1448 E storaged: getDiskStats failed with result NOT_SUPPORTED and size 0
11-04 19:25:55.458  1756 12645 I chatty  : uid=1000(system) Binder:1756_1F expire 8 lines
11-04 19:26:08.511  1756  1822 I chatty  : uid=1000(system) Binder:1756_1 expire 17 lines
11-04 19:26:08.521  1756  2807 I chatty  : uid=1000(system) CallAudioModeSt expire 8 lines
11-04 19:26:08.752  1756  9657 I chatty  : uid=1000(system) Binder:1756_1D expire 27 lines
11-04 19:26:08.817  1756  8145 I chatty  : uid=1000(system) Binder:1756_18 expire 1 line
11-04 19:26:08.843  3282  9338 D ProcSpeedReader: Failed to read freq stats from null
11-04 19:26:08.854  2747  2747 I Telephony: TelephonyConnectionService: notifyCreateConnectionComplete TC@81_1: (...->CSW.hCCC)->CS.crCoC->H.CS.crCoC@E-E-E-nKY
11-04 19:26:08.860  1756  1756 I chatty  : uid=1000 system_server expire 5 lines
11-04 19:26:08.917  3282  9338 D ProcSpeedReader: Failed to read freq stats from null
11-04 19:26:09.050  5042  5042 E ActivityThread: Failed to find provider info for google.ims.sipmsgprovider
11-04 19:26:09.080  5042  5080 E ActivityThread: Failed to find provider info for google.ims.sipmsgprovider
11-04 19:26:12.961  1756  8511 I chatty  : uid=1000(system) Binder:1756_1B expire 9 lines
11-04 19:26:14.000  1756  2655 I chatty  : uid=1000(system) Binder:1756_5 expire 4 lines
11-04 19:26:17.950  1756  2806 I chatty  : uid=1000(system) uteStateMachine expire 12 lines
11-04 19:26:40.673  1266  1448 E storaged: getDiskStats failed with result NOT_SUPPORTED and size 0
11-04 19:26:52.018  1756  9657 I chatty  : uid=1000(system) Binder:1756_1D expire 4 lines
11-04 19:26:52.797  1756  2504 I chatty  : uid=1000(system) ConnectivitySer expire 13 lines
11-04 19:27:40.676  1266  1448 E storaged: getDiskStats failed with result NOT_SUPPORTED and size 0
11-04 19:28:40.679  1266  1448 E storaged: getDiskStats failed with result NOT_SUPPORTED and size 0
11-04 19:29:13.674  1756  7524 I chatty  : uid=1000(system) Binder:1756_17 expire 2 lines
11-04 19:29:15.606  1756  3950 I chatty  : uid=1000(system) Binder:1756_C expire 3 lines
11-04 19:29:15.623  3282  9338 D ProcSpeedReader: Failed to read freq stats from null
11-04 19:29:15.689  3282  9338 D ProcSpeedReader: Failed to read freq stats from null
11-04 19:29:16.014  4336  6879 D TextClassificationManager: Initialized SystemTextClassifier
11-04 19:29:40.680  1266  1448 E storaged: getDiskStats failed with result NOT_SUPPORTED and size 0
11-04 19:29:41.376  3282  9338 D ProcSpeedReader: Failed to read freq stats from null
11-04 19:29:41.402  3282  9338 D ProcSpeedReader: Failed to read freq stats from null
11-04 19:29:43.774  1756  1822 I chatty  : uid=1000(system) Binder:1756_1 expire 1 line
11-04 19:29:43.792  3282  9338 D ProcSpeedReader: Failed to read freq stats from null
11-04 19:29:43.804  3282  9338 D ProcSpeedReader: Failed to read freq stats from null
11-04 19:29:44.083  4336  6879 D TextClassificationManager: Initialized SystemTextClassifier
11-04 19:29:56.966  1756  1948 I chatty  : uid=1000(system) android.bg expire 1 line
11-04 19:30:03.235  1756  1950 I chatty  : uid=1000(system) android.ui expire 6 lines
11-04 19:30:03.674  1756  2277 I chatty  : uid=1000(system) android.anim expire 2 lines
11-04 19:30:40.681  1266  1448 E storaged: getDiskStats failed with result NOT_SUPPORTED and size 0
11-04 19:30:40.787  1756 11788 I chatty  : uid=1000(system) Binder:1756_1E expire 4 lines
11-04 19:31:40.683  1266  1448 E storaged: getDiskStats failed with result NOT_SUPPORTED and size 0
11-04 19:31:56.588  1756  2282 I chatty  : uid=1000(system) UEventObserver expire 10 lines
11-04 19:32:40.684  1266  1448 E storaged: getDiskStats failed with result NOT_SUPPORTED and size 0
11-04 19:33:40.685  1266  1448 E storaged: getDiskStats failed with result NOT_SUPPORTED and size 0
11-04 19:33:42.430  3282  9338 D ProcSpeedReader: Failed to read freq stats from null
11-04 19:33:42.447  3282  9338 D ProcSpeedReader: Failed to read freq stats from null
11-04 19:33:44.483  3282  9338 D ProcSpeedReader: Failed to read freq stats from null
11-04 19:33:44.508  3282  9338 D ProcSpeedReader: Failed to read freq stats from null
11-04 19:34:40.689  1266  1448 E storaged: getDiskStats failed with result NOT_SUPPORTED and size 0
11-04 19:34:57.082  1756  1949 I chatty  : uid=1000(system) ActivityManager expire 6 lines
11-04 19:34:57.098  1756  1953 I chatty  : uid=1000(system) batterystats-wo expire 4 lines
11-04 19:34:57.130  1756  4257 I chatty  : uid=1000(system) Binder:1756_F expire 18 lines
11-04 19:34:57.145  1756  3105 I chatty  : uid=1000(system) Binder:1756_7 expire 1 line
11-04 19:34:57.146  1756  2504 I chatty  : uid=1000(system) ConnectivitySer expire 2 lines
11-04 19:35:40.691  1266  1448 E storaged: getDiskStats failed with result NOT_SUPPORTED and size 0
11-04 19:36:40.694  1266  1448 E storaged: getDiskStats failed with result NOT_SUPPORTED and size 0
11-04 19:37:40.696  1266  1448 E storaged: getDiskStats failed with result NOT_SUPPORTED and size 0
11-04 19:38:40.697  1266  1448 E storaged: getDiskStats failed with result NOT_SUPPORTED and size 0
11-04 19:39:08.706  1756  2800 I chatty  : uid=1000(system) BluetoothRouteM expire 1 line
11-04 19:39:08.740  1756  7261 I chatty  : uid=1000 system_server expire 1 line
11-04 19:39:08.758  1756  1756 I chatty  : uid=1000 system_server expire 32 lines
11-04 19:39:08.759  1756  2655 I chatty  : uid=1000(system) Binder:1756_5 expire 9 lines
11-04 19:39:08.774  1756  1949 I chatty  : uid=1000(system) ActivityManager expire 15 lines
11-04 19:39:08.779  1756  2806 I chatty  : uid=1000(system) uteStateMachine expire 13 lines
11-04 19:39:09.181  3282  9338 D ProcSpeedReader: Failed to read freq stats from null
11-04 19:39:09.199  1756  2807 I chatty  : uid=1000(system) CallAudioModeSt expire 13 lines
11-04 19:39:09.283  3282  9338 D ProcSpeedReader: Failed to read freq stats from null
11-04 19:39:41.580  1266  1448 E storaged: getDiskStats failed with result NOT_SUPPORTED and size 0
11-04 19:39:58.751  1756  2282 I chatty  : uid=1000(system) UEventObserver expire 10 lines
11-04 19:39:58.795  1756  1953 I chatty  : uid=1000(system) batterystats-wo expire 1 line
11-04 19:39:58.811  1756  5957 I chatty  : uid=1000(system) Binder:1756_15 expire 6 lines
11-04 19:40:41.585  1266  1448 E storaged: getDiskStats failed with result NOT_SUPPORTED and size 0
11-04 19:41:41.590  1266  1448 E storaged: getDiskStats failed with result NOT_SUPPORTED and size 0
11-04 19:41:46.712  1756  3105 I chatty  : uid=1000(system) Binder:1756_7 expire 10 lines
11-04 19:42:41.594  1266  1448 E storaged: getDiskStats failed with result NOT_SUPPORTED and size 0
11-04 19:43:26.639  1756  1951 I chatty  : uid=1000(system) ActivityManager expire 8 lines
11-04 19:43:41.598  1266  1448 E storaged: getDiskStats failed with result NOT_SUPPORTED and size 0
11-04 19:44:41.601  1266  1448 E storaged: getDiskStats failed with result NOT_SUPPORTED and size 0
11-04 19:45:41.606  1266  1448 E storaged: getDiskStats failed with result NOT_SUPPORTED and size 0
11-04 19:45:59.761  1756  2676 I chatty  : uid=1000(system) Binder:1756_6 expire 3 lines
11-04 19:45:59.776  1756  4264 I chatty  : uid=1000(system) Binder:1756_11 expire 1 line
11-04 19:46:41.610  1266  1448 E storaged: getDiskStats failed with result NOT_SUPPORTED and size 0
11-04 19:46:52.073  1756  3488 I chatty  : uid=1000(system) Binder:1756_B expire 5 lines
11-04 19:47:41.614  1266  1448 E storaged: getDiskStats failed with result NOT_SUPPORTED and size 0
11-04 19:48:41.619  1266  1448 E storaged: getDiskStats failed with result NOT_SUPPORTED and size 0
11-04 19:49:00.184  1756  2282 I chatty  : uid=1000(system) UEventObserver expire 10 lines
11-04 19:49:41.624  1266  1448 E storaged: getDiskStats failed with result NOT_SUPPORTED and size 0
11-04 19:50:04.142  1756  1948 I chatty  : uid=1000(system) android.bg expire 2 lines
11-04 19:50:41.629  1266  1448 E storaged: getDiskStats failed with result NOT_SUPPORTED and size 0
11-04 19:51:41.633  1266  1448 E storaged: getDiskStats failed with result NOT_SUPPORTED and size 0
11-04 19:52:41.637  1266  1448 E storaged: getDiskStats failed with result NOT_SUPPORTED and size 0
11-04 19:53:41.642  1266  1448 E storaged: getDiskStats failed with result NOT_SUPPORTED and size 0
11-04 19:54:33.697  3282  9338 D ProcSpeedReader: Failed to read freq stats from null
11-04 19:54:33.711  3282  9338 D ProcSpeedReader: Failed to read freq stats from null
11-04 19:54:33.965  4336  7690 D TextClassificationManager: Initialized SystemTextClassifier
11-04 19:54:34.113  1756  1967 I chatty  : uid=1000(system) android.display expire 3 lines
11-04 19:54:41.646  1266  1448 E storaged: getDiskStats failed with result NOT_SUPPORTED and size 0
11-04 19:55:40.512  1756  8145 I chatty  : uid=1000(system) Binder:1756_18 expire 3 lines
11-04 19:55:41.649  1266  1448 E storaged: getDiskStats failed with result NOT_SUPPORTED and size 0
11-04 19:56:23.716  1756  1822 I chatty  : uid=1000(system) Binder:1756_1 expire 3 lines
11-04 19:56:23.717  1756  2504 I chatty  : uid=1000(system) ConnectivitySer expire 1 line
11-04 19:56:41.650  1266  1448 E storaged: getDiskStats failed with result NOT_SUPPORTED and size 0
11-04 19:57:01.466  1756  2282 I chatty  : uid=1000(system) UEventObserver expire 10 lines
11-04 19:57:41.652  1266  1448 E storaged: getDiskStats failed with result NOT_SUPPORTED and size 0
11-04 19:58:41.656  1266  1448 E storaged: getDiskStats failed with result NOT_SUPPORTED and size 0
11-04 19:59:35.088  1756 12645 I chatty  : uid=1000(system) Binder:1756_1F expire 11 lines
11-04 19:59:41.660  1266  1448 E storaged: getDiskStats failed with result NOT_SUPPORTED and size 0
11-04 20:00:41.662  1266  1448 E storaged: getDiskStats failed with result NOT_SUPPORTED and size 0
11-04 20:01:15.893  8053  8053 D ActivityThread: Loading provider com.whatsapp.provider.contact: com.whatsapp.contact.ContactProvider
11-04 20:01:41.663  1266  1448 E storaged: getDiskStats failed with result NOT_SUPPORTED and size 0
11-04 20:02:41.665  1266  1448 E storaged: getDiskStats failed with result NOT_SUPPORTED and size 0
11-04 20:02:52.626  2747  2747 I Telephony: TelephonyConnectionService: notifyCreateConnectionComplete TC@82_1: (...->CSW.hCCC)->CS.crCoC->H.CS.crCoC@E-E-E-nZI
11-04 20:02:52.628  1756  8246 I chatty  : uid=1000 system_server expire 1 line
11-04 20:02:52.642  1756 27969 I chatty  : uid=1000(system) ContactsAsyncWo expire 2 lines
11-04 20:02:52.772  1756  3866 I chatty  : uid=1000(system) tonegenerator-d expire 1 line
11-04 20:02:52.978  5042  5042 E ActivityThread: Failed to find provider info for google.ims.sipmsgprovider
11-04 20:02:53.020  5042  5067 E ActivityThread: Failed to find provider info for google.ims.sipmsgprovider
11-04 20:02:53.083  1756  8284 I chatty  : uid=1000 system_server expire 3 lines
11-04 20:02:53.105  1756  2806 I chatty  : uid=1000(system) uteStateMachine expire 25 lines
11-04 20:02:57.572  1756  1756 I chatty  : uid=1000 system_server expire 6 lines
11-04 20:02:57.633  3282  9338 D ProcSpeedReader: Failed to read freq stats from null
11-04 20:02:57.660  3282  9338 D ProcSpeedReader: Failed to read freq stats from null
11-04 20:02:57.876  1756  3107 I chatty  : uid=1000(system) Binder:1756_9 expire 1 line
11-04 20:02:57.878  1756  3105 I chatty  : uid=1000(system) Binder:1756_7 expire 23 lines
11-04 20:02:57.897  1756  1949 I chatty  : uid=1000(system) ActivityManager expire 8 lines
11-04 20:02:57.909  1756  7524 I chatty  : uid=1000(system) Binder:1756_17 expire 1 line
11-04 20:02:58.074  1756  2807 I chatty  : uid=1000(system) CallAudioModeSt expire 3 lines
11-04 20:02:58.440  1756  6983 I chatty  : uid=1000(system) Binder:1756_16 expire 1 line
11-04 20:03:41.668  1266  1448 E storaged: getDiskStats failed with result NOT_SUPPORTED and size 0
11-04 20:04:41.669  1266  1448 E storaged: getDiskStats failed with result NOT_SUPPORTED and size 0
11-04 20:05:41.672  1266  1448 E storaged: getDiskStats failed with result NOT_SUPPORTED and size 0
11-04 20:06:03.118  1756  2282 I chatty  : uid=1000(system) UEventObserver expire 8 lines
11-04 20:06:41.675  1266  1448 E storaged: getDiskStats failed with result NOT_SUPPORTED and size 0
11-04 20:07:41.678  1266  1448 E storaged: getDiskStats failed with result NOT_SUPPORTED and size 0
11-04 20:08:20.827  1756  3105 I chatty  : uid=1000(system) Binder:1756_7 expire 2 lines
11-04 20:08:20.849  3282  9338 D ProcSpeedReader: Failed to read freq stats from null
11-04 20:08:20.878  1756  8511 I chatty  : uid=1000(system) Binder:1756_1B expire 1 line
11-04 20:08:20.941  3282  9338 D ProcSpeedReader: Failed to read freq stats from null
11-04 20:08:20.945  1756  1950 I chatty  : uid=1000(system) android.ui expire 16 lines
11-04 20:08:21.316  4336  8589 D TextClassificationManager: Initialized SystemTextClassifier
11-04 20:08:41.680  1266  1448 E storaged: getDiskStats failed with result NOT_SUPPORTED and size 0
11-04 20:09:41.681  1266  1448 E storaged: getDiskStats failed with result NOT_SUPPORTED and size 0
11-04 20:10:41.682  1266  1448 E storaged: getDiskStats failed with result NOT_SUPPORTED and size 0
11-04 20:11:41.684  1266  1448 E storaged: getDiskStats failed with result NOT_SUPPORTED and size 0
11-04 20:12:04.077  1756  2282 I chatty  : uid=1000(system) UEventObserver expire 11 lines
11-04 20:12:41.685  1266  1448 E storaged: getDiskStats failed with result NOT_SUPPORTED and size 0
11-04 20:13:08.901  3282  9338 D ProcSpeedReader: Failed to read freq stats from null
11-04 20:13:08.915  3282  9338 D ProcSpeedReader: Failed to read freq stats from null
11-04 20:13:11.004  1756  8145 I chatty  : uid=1000(system) Binder:1756_18 expire 2 lines
11-04 20:13:12.505  1756  4264 I chatty  : uid=1000(system) Binder:1756_11 expire 2 lines
11-04 20:13:12.512  3282  9338 D ProcSpeedReader: Failed to read freq stats from null
11-04 20:13:12.541  3282  9338 D ProcSpeedReader: Failed to read freq stats from null
11-04 20:13:12.979  1756  1967 I chatty  : uid=1000(system) android.display expire 9 lines
11-04 20:13:28.106  1756  2676 I chatty  : uid=1000(system) Binder:1756_6 expire 1 line
11-04 20:13:41.688  1266  1448 E storaged: getDiskStats failed with result NOT_SUPPORTED and size 0
11-04 20:14:07.030  1756  1948 I chatty  : uid=1000(system) android.bg expire 2 lines
11-04 20:14:41.691  1266  1448 E storaged: getDiskStats failed with result NOT_SUPPORTED and size 0
11-04 20:15:41.694  1266  1448 E storaged: getDiskStats failed with result NOT_SUPPORTED and size 0
11-04 20:16:41.697  1266  1448 E storaged: getDiskStats failed with result NOT_SUPPORTED and size 0
11-04 20:17:00.007  1756  1756 I chatty  : uid=1000 system_server expire 10 lines
11-04 20:17:00.046  1756  7524 I chatty  : uid=1000(system) Binder:1756_17 expire 1 line
11-04 20:17:00.047  1756  2504 I chatty  : uid=1000(system) ConnectivitySer expire 11 lines
11-04 20:17:41.699  1266  1448 E storaged: getDiskStats failed with result NOT_SUPPORTED and size 0
11-04 20:17:46.756  1756  6983 I chatty  : uid=1000(system) Binder:1756_16 expire 2 lines
11-04 20:17:47.079  1756  1949 I chatty  : uid=1000(system) ActivityManager expire 12 lines
11-04 20:18:41.700  1266  1448 E storaged: getDiskStats failed with result NOT_SUPPORTED and size 0
11-04 20:19:41.703  1266  1448 E storaged: getDiskStats failed with result NOT_SUPPORTED and size 0
11-04 20:20:05.359  1756  2282 I chatty  : uid=1000(system) UEventObserver expire 10 lines
11-04 20:20:41.705  1266  1448 E storaged: getDiskStats failed with result NOT_SUPPORTED and size 0
11-04 20:21:41.875  1266  1448 E storaged: getDiskStats failed with result NOT_SUPPORTED and size 0
11-04 20:22:41.877  1266  1448 E storaged: getDiskStats failed with result NOT_SUPPORTED and size 0
11-04 20:23:41.880  1266  1448 E storaged: getDiskStats failed with result NOT_SUPPORTED and size 0
11-04 20:23:52.649  1756  1822 I chatty  : uid=1000(system) Binder:1756_1 expire 3 lines
11-04 20:23:52.975  1756  3488 I chatty  : uid=1000(system) Binder:1756_B expire 27 lines
11-04 20:23:53.000  1756  2806 I chatty  : uid=1000(system) uteStateMachine expire 13 lines
11-04 20:23:53.001  1756  2807 I chatty  : uid=1000(system) CallAudioModeSt expire 6 lines
11-04 20:23:53.011  1756  2800 I chatty  : uid=1000(system) BluetoothRouteM expire 1 line
11-04 20:23:53.039  1756  9018 I chatty  : uid=1000 system_server expire 1 line
11-04 20:23:53.062  1756  1951 I chatty  : uid=1000(system) ActivityManager expire 5 lines
11-04 20:23:53.316  3282  9338 D ProcSpeedReader: Failed to read freq stats from null
11-04 20:23:53.356  3282  9338 D ProcSpeedReader: Failed to read freq stats from null
11-04 20:24:41.145  1266  1448 E storaged: getDiskStats failed with result NOT_SUPPORTED and size 0
11-04 20:25:41.148  1266  1448 E storaged: getDiskStats failed with result NOT_SUPPORTED and size 0
11-04 20:26:41.150  1266  1448 E storaged: getDiskStats failed with result NOT_SUPPORTED and size 0
11-04 20:27:41.155  1266  1448 E storaged: getDiskStats failed with result NOT_SUPPORTED and size 0
11-04 20:28:41.159  1266  1448 E storaged: getDiskStats failed with result NOT_SUPPORTED and size 0
11-04 20:29:06.269  1756  2282 I chatty  : uid=1000(system) UEventObserver expire 14 lines
11-04 20:29:09.437  1756  3950 I chatty  : uid=1000(system) Binder:1756_C expire 2 lines
11-04 20:29:10.128  3282  9338 D ProcSpeedReader: Failed to read freq stats from null
11-04 20:29:10.154  3282  9338 D ProcSpeedReader: Failed to read freq stats from null
11-04 20:29:12.504  1756  2277 I chatty  : uid=1000(system) android.anim expire 7 lines
11-04 20:29:20.667  1756 12645 I chatty  : uid=1000(system) Binder:1756_1F expire 1 line
11-04 20:29:20.702  3282  9338 D ProcSpeedReader: Failed to read freq stats from null
11-04 20:29:20.738  3282  9338 D ProcSpeedReader: Failed to read freq stats from null
11-04 20:29:26.234  1756  9657 I chatty  : uid=1000(system) Binder:1756_1D expire 1 line
11-04 20:29:26.341  1756  1949 I chatty  : uid=1000(system) ActivityManager expire 7 lines
11-04 20:29:26.645  1756  3107 I chatty  : uid=1000(system) Binder:1756_9 expire 1 line
11-04 20:29:31.309  3282  9338 D ProcSpeedReader: Failed to read freq stats from null
11-04 20:29:31.341  3282  9338 D ProcSpeedReader: Failed to read freq stats from null
11-04 20:29:31.461  1756  4260 I chatty  : uid=1000(system) Binder:1756_10 expire 1 line
11-04 20:29:41.160  1266  1448 E storaged: getDiskStats failed with result NOT_SUPPORTED and size 0
11-04 20:30:06.254  1756  2504 I chatty  : uid=1000(system) ConnectivitySer expire 3 lines
11-04 20:30:41.162  1266  1448 E storaged: getDiskStats failed with result NOT_SUPPORTED and size 0
11-04 20:30:52.634  1756  1966 I chatty  : uid=1000(system) android.io expire 1 line
11-04 20:30:57.556  1756  2429 I chatty  : uid=1000(system) HwBinder:1756_2 expire 2 lines
11-04 20:30:57.557  1756  1965 I chatty  : uid=1000(system) android.fg expire 1 line
11-04 20:31:00.179  1756  2547 I chatty  : uid=1000(system) Binder:1756_3 expire 1 line
11-04 20:31:03.250  1756  2431 I chatty  : uid=1000(system) HwBinder:1756_3 expire 2 lines
11-04 20:31:41.166  1266  1448 E storaged: getDiskStats failed with result NOT_SUPPORTED and size 0
11-04 20:31:41.681  1756  2655 I chatty  : uid=1000(system) Binder:1756_5 expire 1 line
11-04 20:31:45.783  1756  2282 I chatty  : uid=1000(system) UEventObserver expire 10 lines
11-04 20:32:41.170  1266  1448 E storaged: getDiskStats failed with result NOT_SUPPORTED and size 0
11-04 20:32:49.531  1756 11788 I chatty  : uid=1000(system) Binder:1756_1E expire 1 line
11-04 20:33:41.171  1266  1448 E storaged: getDiskStats failed with result NOT_SUPPORTED and size 0
11-04 20:34:41.173  1266  1448 E storaged: getDiskStats failed with result NOT_SUPPORTED and size 0
11-04 20:35:10.749  1756  2282 I chatty  : uid=1000(system) UEventObserver expire 10 lines
11-04 20:35:41.179  1266  1448 E storaged: getDiskStats failed with result NOT_SUPPORTED and size 0
11-04 20:36:41.183  1266  1448 E storaged: getDiskStats failed with result NOT_SUPPORTED and size 0
11-04 20:37:41.189  1266  1448 E storaged: getDiskStats failed with result NOT_SUPPORTED and size 0
11-04 20:37:42.067  1756  2547 I chatty  : uid=1000(system) Binder:1756_3 expire 10 lines
11-04 20:38:25.442  1756  1756 I chatty  : uid=1000 system_server expire 9 lines
11-04 20:38:41.198  1266  1448 E storaged: getDiskStats failed with result NOT_SUPPORTED and size 0
11-04 20:38:53.049  1756  4152 I chatty  : uid=1000(system) Binder:1756_E expire 2 lines
11-04 20:39:41.199  1266  1448 E storaged: getDiskStats failed with result NOT_SUPPORTED and size 0
11-04 20:40:11.713  1756  2282 I chatty  : uid=1000(system) UEventObserver expire 10 lines
11-04 20:40:41.201  1266  1448 E storaged: getDiskStats failed with result NOT_SUPPORTED and size 0
11-04 20:41:41.202  1266  1448 E storaged: getDiskStats failed with result NOT_SUPPORTED and size 0
11-04 20:41:45.970  1756  1951 I chatty  : uid=1000(system) ActivityManager expire 12 lines
11-04 20:41:46.149 10012 10012 D ActivityThread: Loading provider com.whatsapp.provider.contact: com.whatsapp.contact.ContactProvider
11-04 20:41:46.303  1756  5174 I chatty  : uid=1000(system) Binder:1756_12 expire 1 line
11-04 20:41:46.328  1756  2655 I chatty  : uid=1000(system) Binder:1756_5 expire 3 lines
11-04 20:41:46.673  1756  3912 I chatty  : uid=1000(system) backup expire 5 lines
11-04 20:41:46.753  1756  4264 I chatty  : uid=1000(system) Binder:1756_11 expire 1 line
11-04 20:41:46.753  1756  2504 I chatty  : uid=1000(system) ConnectivitySer expire 4 lines
11-04 20:41:46.753  1756  8478 I chatty  : uid=1000(system) Binder:1756_1A expire 2 lines
11-04 20:41:46.801 10005 10147 E ActivityThread: Failed to find provider info for com.spectrum.cm.ServiceProvider
11-04 20:41:46.921  1756  4257 I chatty  : uid=1000(system) Binder:1756_F expire 1 line
11-04 20:41:46.984 10005 10147 E ActivityThread: Failed to find provider info for com.spectrum.cm.ServiceProvider
11-04 20:41:47.018  1756  3488 I chatty  : uid=1000(system) Binder:1756_B expire 4 lines
11-04 20:41:47.861  1756  3106 I chatty  : uid=1000(system) Binder:1756_8 expire 5 lines
11-04 20:41:48.282  1756  6983 I chatty  : uid=1000(system) Binder:1756_16 expire 10 lines
11-04 20:41:48.786  1756  1949 I chatty  : uid=1000(system) ActivityManager expire 10 lines
11-04 20:42:10.712  1756  5942 I chatty  : uid=1000(system) Binder:1756_14 expire 6 lines
11-04 20:42:10.712  1756  4260 I chatty  : uid=1000(system) Binder:1756_10 expire 1 line
11-04 20:42:41.205  1266  1448 E storaged: getDiskStats failed with result NOT_SUPPORTED and size 0
11-04 20:43:41.207  1266  1448 E storaged: getDiskStats failed with result NOT_SUPPORTED and size 0
11-04 20:44:41.212  1266  1448 E storaged: getDiskStats failed with result NOT_SUPPORTED and size 0
11-04 20:45:41.213  1266  1448 E storaged: getDiskStats failed with result NOT_SUPPORTED and size 0
11-04 20:46:12.730  1756  2282 I chatty  : uid=1000(system) UEventObserver expire 11 lines
11-04 20:46:41.214  1266  1448 E storaged: getDiskStats failed with result NOT_SUPPORTED and size 0
11-04 20:46:47.051  1756  1951 I chatty  : uid=1000(system) ActivityManager expire 8 lines
11-04 20:46:52.743  1756  1822 I chatty  : uid=1000(system) Binder:1756_1 expire 1 line
11-04 20:47:41.215  1266  1448 E storaged: getDiskStats failed with result NOT_SUPPORTED and size 0
11-04 20:47:58.401  1756  1950 I chatty  : uid=1000(system) android.ui expire 3 lines
11-04 20:47:59.312  1756  2277 I chatty  : uid=1000(system) android.anim expire 1 line
11-04 20:48:03.878  1756  2432 I chatty  : uid=1000(system) InputDispatcher expire 1 line
11-04 20:48:03.967  3282  9338 D ProcSpeedReader: Failed to read freq stats from null
11-04 20:48:03.994  3282  9338 D ProcSpeedReader: Failed to read freq stats from null
11-04 20:48:04.054  1756  8145 I chatty  : uid=1000(system) Binder:1756_18 expire 5 lines
11-04 20:48:04.189  1756  1967 I chatty  : uid=1000(system) android.display expire 2 lines
11-04 20:48:04.456  1756 11788 I chatty  : uid=1000(system) Binder:1756_1E expire 7 lines
11-04 20:48:13.067  1756  2676 I chatty  : uid=1000(system) Binder:1756_6 expire 5 lines
11-04 20:48:41.217  1266  1448 E storaged: getDiskStats failed with result NOT_SUPPORTED and size 0
11-04 20:48:52.651  1756  8406 I chatty  : uid=1000(system) Binder:1756_19 expire 10 lines
11-04 20:49:41.218  1266  1448 E storaged: getDiskStats failed with result NOT_SUPPORTED and size 0
11-04 20:50:41.219  1266  1448 E storaged: getDiskStats failed with result NOT_SUPPORTED and size 0
11-04 20:50:52.820 11431 11431 D ActivityThread: Loading provider com.whatsapp.provider.contact: com.whatsapp.contact.ContactProvider
11-04 20:50:53.185  1756  2547 I chatty  : uid=1000(system) Binder:1756_3 expire 6 lines
11-04 20:51:41.221  1266  1448 E storaged: getDiskStats failed with result NOT_SUPPORTED and size 0
11-04 20:52:41.222  1266  1448 E storaged: getDiskStats failed with result NOT_SUPPORTED and size 0
11-04 20:53:41.223  1266  1448 E storaged: getDiskStats failed with result NOT_SUPPORTED and size 0
11-04 20:54:14.003  1756  2282 I chatty  : uid=1000(system) UEventObserver expire 10 lines
11-04 20:54:41.224  1266  1448 E storaged: getDiskStats failed with result NOT_SUPPORTED and size 0
11-04 20:55:41.225  1266  1448 E storaged: getDiskStats failed with result NOT_SUPPORTED and size 0
11-04 20:56:41.227  1266  1448 E storaged: getDiskStats failed with result NOT_SUPPORTED and size 0
11-04 20:57:41.228  1266  1448 E storaged: getDiskStats failed with result NOT_SUPPORTED and size 0
11-04 20:58:41.229  1266  1448 E storaged: getDiskStats failed with result NOT_SUPPORTED and size 0
11-04 20:58:52.485  1756  1948 I chatty  : uid=1000(system) android.bg expire 2 lines
