11-05 02:13:44.786  1756  3426 I chatty  : uid=1000(system) Binder:1756_A expire 3 lines
11-05 02:14:43.673  1266  1448 E storaged: getDiskStats failed with result NOT_SUPPORTED and size 0
11-05 02:15:25.683  1756  2282 I chatty  : uid=1000(system) UEventObserver expire 11 lines
11-05 02:15:43.679  1266  1448 E storaged: getDiskStats failed with result NOT_SUPPORTED and size 0
11-05 02:16:43.683  1266  1448 E storaged: getDiskStats failed with result NOT_SUPPORTED and size 0
11-05 02:17:43.688  1266  1448 E storaged: getDiskStats failed with result NOT_SUPPORTED and size 0
11-05 02:17:46.026  1756  5957 I chatty  : uid=1000(system) Binder:1756_15 expire 1 line
11-05 02:17:46.377  1756  1949 I chatty  : uid=1000(system) ActivityManager expire 15 lines
11-05 02:17:47.793  1756  2552 I chatty  : uid=1000(system) Binder:1756_4 expire 1 line
11-05 02:17:48.023  1756  1967 I chatty  : uid=1000(system) android.display expire 6 lines
11-05 02:17:54.085  1756  1976 I chatty  : uid=1000(system) PowerManagerSer expire 6 lines
11-05 02:18:43.694  1266  1448 E storaged: getDiskStats failed with result NOT_SUPPORTED and size 0
11-05 02:19:43.697  1266  1448 E storaged: getDiskStats failed with result NOT_SUPPORTED and size 0
11-05 02:20:43.699  1266  1448 E storaged: getDiskStats failed with result NOT_SUPPORTED and size 0
11-05 02:21:09.647  1756  5174 I chatty  : uid=1000(system) Binder:1756_12 expire 7 lines
11-05 02:21:09.697  1756  3107 I chatty  : uid=1000(system) Binder:1756_9 expire 1 line
11-05 02:21:09.698  1756  2504 I chatty  : uid=1000(system) ConnectivitySer expire 1 line
11-05 02:21:43.913  1266  1448 E storaged: getDiskStats failed with result NOT_SUPPORTED and size 0
11-05 02:22:43.918  1266  1448 E storaged: getDiskStats failed with result NOT_SUPPORTED and size 0
11-05 02:23:43.923  1266  1448 E storaged: getDiskStats failed with result NOT_SUPPORTED and size 0
11-05 02:24:43.928  1266  1448 E storaged: getDiskStats failed with result NOT_SUPPORTED and size 0
11-05 02:25:27.287  1756  2282 I chatty  : uid=1000(system) UEventObserver expire 10 lines
11-05 02:25:43.934  1266  1448 E storaged: getDiskStats failed with result NOT_SUPPORTED and size 0
11-05 02:26:43.939  1266  1448 E storaged: getDiskStats failed with result NOT_SUPPORTED and size 0
11-05 02:27:43.944  1266  1448 E storaged: getDiskStats failed with result NOT_SUPPORTED and size 0
11-05 02:28:43.949  1266  1448 E storaged: getDiskStats failed with result NOT_SUPPORTED and size 0
11-05 02:29:43.953  1266  1448 E storaged: getDiskStats failed with result NOT_SUPPORTED and size 0
11-05 02:30:02.843  1756  1823 I chatty  : uid=1000(system) Binder:1756_2 expire 1 line
11-05 02:30:43.958  1266  1448 E storaged: getDiskStats failed with result NOT_SUPPORTED and size 0
11-05 02:31:43.963  1266  1448 E storaged: getDiskStats failed with result NOT_SUPPORTED and size 0
11-05 02:32:43.969  1266  1448 E storaged: getDiskStats failed with result NOT_SUPPORTED and size 0
11-05 02:33:43.974  1266  1448 E storaged: getDiskStats failed with result NOT_SUPPORTED and size 0
11-05 02:34:44.252  1266  1448 E storaged: getDiskStats failed with result NOT_SUPPORTED and size 0
11-05 02:35:29.162  1756  2282 I chatty  : uid=1000(system) UEventObserver expire 10 lines
11-05 02:35:44.256  1266  1448 E storaged: getDiskStats failed with result NOT_SUPPORTED and size 0
11-05 02:36:44.263  1266  1448 E storaged: getDiskStats failed with result NOT_SUPPORTED and size 0
11-05 02:36:57.312  1756  3488 I chatty  : uid=1000(system) Binder:1756_B expire 1 line
11-05 02:37:44.268  1266  1448 E storaged: getDiskStats failed with result NOT_SUPPORTED and size 0
11-05 02:38:44.273  1266  1448 E storaged: getDiskStats failed with result NOT_SUPPORTED and size 0
11-05 02:39:44.278  1266  1448 E storaged: getDiskStats failed with result NOT_SUPPORTED and size 0
11-05 02:40:44.283  1266  1448 E storaged: getDiskStats failed with result NOT_SUPPORTED and size 0
11-05 02:40:48.737  1756 16668 I chatty  : uid=1000(system) Binder:1756_20 expire 3 lines
11-05 02:40:48.897  1756  1950 I chatty  : uid=1000(system) android.ui expire 1 line
11-05 02:41:44.287  1266  1448 E storaged: getDiskStats failed with result NOT_SUPPORTED and size 0
11-05 02:42:44.292  1266  1448 E storaged: getDiskStats failed with result NOT_SUPPORTED and size 0
11-05 02:43:44.295  1266  1448 E storaged: getDiskStats failed with result NOT_SUPPORTED and size 0
11-05 02:43:44.853  1756  1951 I chatty  : uid=1000(system) ActivityManager expire 5 lines
11-05 02:44:44.299  1266  1448 E storaged: getDiskStats failed with result NOT_SUPPORTED and size 0
11-05 02:45:30.760  1756  2282 I chatty  : uid=1000(system) UEventObserver expire 10 lines
11-05 02:45:44.304  1266  1448 E storaged: getDiskStats failed with result NOT_SUPPORTED and size 0
11-05 02:46:44.307  1266  1448 E storaged: getDiskStats failed with result NOT_SUPPORTED and size 0
11-05 02:46:47.702  1756  1949 I chatty  : uid=1000(system) ActivityManager expire 4 lines
11-05 02:47:44.312  1266  1448 E storaged: getDiskStats failed with result NOT_SUPPORTED and size 0
11-05 02:48:31.499  1756  3105 I chatty  : uid=1000(system) Binder:1756_7 expire 2 lines
11-05 02:48:44.319  1266  1448 E storaged: getDiskStats failed with result NOT_SUPPORTED and size 0
11-05 02:49:44.323  1266  1448 E storaged: getDiskStats failed with result NOT_SUPPORTED and size 0
11-05 02:50:44.325  1266  1448 E storaged: getDiskStats failed with result NOT_SUPPORTED and size 0
11-05 02:50:46.664  1756  6983 I chatty  : uid=1000(system) Binder:1756_16 expire 2 lines
11-05 02:51:10.348 25596 25596 D ActivityThread: Loading provider com.whatsapp.provider.contact: com.whatsapp.contact.ContactProvider
11-05 02:51:44.326  1266  1448 E storaged: getDiskStats failed with result NOT_SUPPORTED and size 0
11-05 02:52:44.331  1266  1448 E storaged: getDiskStats failed with result NOT_SUPPORTED and size 0
11-05 02:53:44.336  1266  1448 E storaged: getDiskStats failed with result NOT_SUPPORTED and size 0
11-05 02:53:46.181  1756 11788 I chatty  : uid=1000(system) Binder:1756_1E expire 2 lines
11-05 02:54:44.340  1266  1448 E storaged: getDiskStats failed with result NOT_SUPPORTED and size 0
11-05 02:55:32.360  1756  2282 I chatty  : uid=1000(system) UEventObserver expire 7 lines
11-05 02:55:44.346  1266  1448 E storaged: getDiskStats failed with result NOT_SUPPORTED and size 0
11-05 02:56:44.351  1266  1448 E storaged: getDiskStats failed with result NOT_SUPPORTED and size 0
11-05 02:57:44.355  1266  1448 E storaged: getDiskStats failed with result NOT_SUPPORTED and size 0
11-05 02:58:31.140  1756  1756 I chatty  : uid=1000 system_server expire 2 lines
11-05 02:58:44.359  1266  1448 E storaged: getDiskStats failed with result NOT_SUPPORTED and size 0
11-05 02:59:44.364  1266  1448 E storaged: getDiskStats failed with result NOT_SUPPORTED and size 0
11-05 03:00:00.418   927 25958 D vold    : idle maintenance started
11-05 03:00:00.442   927 25958 I vold    : [libfs_mgr]fs_mgr_read_fstab_dt(): failed to read fstab from dt
11-05 03:00:00.443   927 25958 I vold    : [libfs_mgr]fs_mgr_read_fstab_dt(): failed to read fstab from dt
11-05 03:00:00.443   927 25958 D vold    : Starting trim of /data
11-05 03:00:00.552   927 25958 I vold    : Trimmed 0 bytes on /data in 101ms
11-05 03:00:00.552   927 25958 D vold    : Starting trim of none
11-05 03:00:00.552   927 25958 W vold    : Failed to open none: No such file or directory
11-05 03:00:00.553   927 25958 D vold    : Starting trim of /persist
11-05 03:00:00.553   927 25958 W vold    : Failed to open /persist: Permission denied
11-05 03:00:00.553   927 25958 D vold    : Starting trim of /mnt/vendor/persist
11-05 03:00:00.553   927 25958 W vold    : Failed to open /mnt/vendor/persist: Permission denied
11-05 03:00:00.554   927 25958 I vold    : [libfs_mgr]fs_mgr_read_fstab_dt(): failed to read fstab from dt
11-05 03:00:00.555   927 25958 D vold    : idle maintenance completed
11-05 03:00:44.366  1266  1448 E storaged: getDiskStats failed with result NOT_SUPPORTED and size 0
11-05 03:01:44.373  1266  1448 E storaged: getDiskStats failed with result NOT_SUPPORTED and size 0
11-05 03:02:33.477  1756  2282 I chatty  : uid=1000(system) UEventObserver expire 10 lines
11-05 03:02:44.378  1266  1448 E storaged: getDiskStats failed with result NOT_SUPPORTED and size 0
11-05 03:03:44.383  1266  1448 E storaged: getDiskStats failed with result NOT_SUPPORTED and size 0
11-05 03:04:44.388  1266  1448 E storaged: getDiskStats failed with result NOT_SUPPORTED and size 0
11-05 03:05:44.392  1266  1448 E storaged: getDiskStats failed with result NOT_SUPPORTED and size 0
11-05 03:06:44.397  1266  1448 E storaged: getDiskStats failed with result NOT_SUPPORTED and size 0
11-05 03:06:52.382  1756  2547 I chatty  : uid=1000(system) Binder:1756_3 expire 1 line
11-05 03:07:02.404  1756 11788 I chatty  : uid=1000(system) Binder:1756_1E expire 5 lines
11-05 03:07:02.475  1756  4152 I chatty  : uid=1000(system) Binder:1756_E expire 4 lines
11-05 03:07:02.475  1756  9657 I chatty  : uid=1000(system) Binder:1756_1D expire 1 line
11-05 03:07:02.475  1756  2504 I chatty  : uid=1000(system) ConnectivitySer expire 2 lines
11-05 03:07:44.403  1266  1448 E storaged: getDiskStats failed with result NOT_SUPPORTED and size 0
11-05 03:08:44.409  1266  1448 E storaged: getDiskStats failed with result NOT_SUPPORTED and size 0
11-05 03:09:44.412  1266  1448 E storaged: getDiskStats failed with result NOT_SUPPORTED and size 0
11-05 03:10:44.416  1266  1448 E storaged: getDiskStats failed with result NOT_SUPPORTED and size 0
11-05 03:11:44.421  1266  1448 E storaged: getDiskStats failed with result NOT_SUPPORTED and size 0
11-05 03:12:35.081  1756  2282 I chatty  : uid=1000(system) UEventObserver expire 10 lines
11-05 03:12:44.425  1266  1448 E storaged: getDiskStats failed with result NOT_SUPPORTED and size 0
11-05 03:13:44.430  1266  1448 E storaged: getDiskStats failed with result NOT_SUPPORTED and size 0
11-05 03:13:50.723  1756  5942 I chatty  : uid=1000(system) Binder:1756_14 expire 2 lines
11-05 03:14:44.436  1266  1448 E storaged: getDiskStats failed with result NOT_SUPPORTED and size 0
11-05 03:15:44.441  1266  1448 E storaged: getDiskStats failed with result NOT_SUPPORTED and size 0
11-05 03:16:44.447  1266  1448 E storaged: getDiskStats failed with result NOT_SUPPORTED and size 0
11-05 03:16:57.676  1756  3105 I chatty  : uid=1000(system) Binder:1756_7 expire 3 lines
11-05 03:17:44.453  1266  1448 E storaged: getDiskStats failed with result NOT_SUPPORTED and size 0
11-05 03:18:44.458  1266  1448 E storaged: getDiskStats failed with result NOT_SUPPORTED and size 0
11-05 03:19:44.462  1266  1448 E storaged: getDiskStats failed with result NOT_SUPPORTED and size 0
11-05 03:20:44.467  1266  1448 E storaged: getDiskStats failed with result NOT_SUPPORTED and size 0
11-05 03:21:11.958  1756  1948 I chatty  : uid=1000(system) android.bg expire 3 lines
11-05 03:21:44.672  1266  1448 E storaged: getDiskStats failed with result NOT_SUPPORTED and size 0
11-05 03:22:36.683  1756  2282 I chatty  : uid=1000(system) UEventObserver expire 10 lines
11-05 03:22:44.676  1266  1448 E storaged: getDiskStats failed with result NOT_SUPPORTED and size 0
11-05 03:22:47.776  1756  1951 I chatty  : uid=1000(system) ActivityManager expire 12 lines
11-05 03:22:48.000  1756  1949 I chatty  : uid=1000(system) ActivityManager expire 10 lines
11-05 03:23:44.681  1266  1448 E storaged: getDiskStats failed with result NOT_SUPPORTED and size 0
11-05 03:24:31.801  1756  8478 I chatty  : uid=1000(system) Binder:1756_1A expire 3 lines
11-05 03:24:44.686  1266  1448 E storaged: getDiskStats failed with result NOT_SUPPORTED and size 0
11-05 03:24:56.988  1756  6983 I chatty  : uid=1000(system) Binder:1756_16 expire 1 line
11-05 03:25:44.691  1266  1448 E storaged: getDiskStats failed with result NOT_SUPPORTED and size 0
11-05 03:26:44.695  1266  1448 E storaged: getDiskStats failed with result NOT_SUPPORTED and size 0
11-05 03:26:57.887  1756  8145 I chatty  : uid=1000(system) Binder:1756_18 expire 2 lines
11-05 03:27:44.699  1266  1448 E storaged: getDiskStats failed with result NOT_SUPPORTED and size 0
11-05 03:28:44.702  1266  1448 E storaged: getDiskStats failed with result NOT_SUPPORTED and size 0
11-05 03:29:44.704  1266  1448 E storaged: getDiskStats failed with result NOT_SUPPORTED and size 0
11-05 03:29:48.280  1756  2552 I chatty  : uid=1000(system) Binder:1756_4 expire 1 line
11-05 03:29:48.573  1756  1967 I chatty  : uid=1000(system) android.display expire 4 lines
11-05 03:29:54.592  1756  1976 I chatty  : uid=1000(system) PowerManagerSer expire 4 lines
11-05 03:30:44.707  1266  1448 E storaged: getDiskStats failed with result NOT_SUPPORTED and size 0
11-05 03:31:44.710  1266  1448 E storaged: getDiskStats failed with result NOT_SUPPORTED and size 0
11-05 03:32:38.280  1756  2282 I chatty  : uid=1000(system) UEventObserver expire 10 lines
11-05 03:32:44.712  1266  1448 E storaged: getDiskStats failed with result NOT_SUPPORTED and size 0
11-05 03:33:44.716  1266  1448 E storaged: getDiskStats failed with result NOT_SUPPORTED and size 0
11-05 03:34:44.718  1266  1448 E storaged: getDiskStats failed with result NOT_SUPPORTED and size 0
11-05 03:35:44.723  1266  1448 E storaged: getDiskStats failed with result NOT_SUPPORTED and size 0
11-05 03:36:44.725  1266  1448 E storaged: getDiskStats failed with result NOT_SUPPORTED and size 0
11-05 03:37:44.729  1266  1448 E storaged: getDiskStats failed with result NOT_SUPPORTED and size 0
11-05 03:38:44.734  1266  1448 E storaged: getDiskStats failed with result NOT_SUPPORTED and size 0
11-05 03:39:44.738  1266  1448 E storaged: getDiskStats failed with result NOT_SUPPORTED and size 0
11-05 03:40:44.742  1266  1448 E storaged: getDiskStats failed with result NOT_SUPPORTED and size 0
11-05 03:41:44.745  1266  1448 E storaged: getDiskStats failed with result NOT_SUPPORTED and size 0
11-05 03:42:39.883  1756  2282 I chatty  : uid=1000(system) UEventObserver expire 10 lines
11-05 03:42:44.749  1266  1448 E storaged: getDiskStats failed with result NOT_SUPPORTED and size 0
11-05 03:43:44.755  1266  1448 E storaged: getDiskStats failed with result NOT_SUPPORTED and size 0
11-05 03:44:44.758  1266  1448 E storaged: getDiskStats failed with result NOT_SUPPORTED and size 0
11-05 03:45:44.762  1266  1448 E storaged: getDiskStats failed with result NOT_SUPPORTED and size 0
11-05 03:46:44.764  1266  1448 E storaged: getDiskStats failed with result NOT_SUPPORTED and size 0
11-05 03:47:44.768  1266  1448 E storaged: getDiskStats failed with result NOT_SUPPORTED and size 0
11-05 03:48:44.773  1266  1448 E storaged: getDiskStats failed with result NOT_SUPPORTED and size 0
11-05 03:49:44.778  1266  1448 E storaged: getDiskStats failed with result NOT_SUPPORTED and size 0
11-05 03:50:44.783  1266  1448 E storaged: getDiskStats failed with result NOT_SUPPORTED and size 0
11-05 03:51:44.789  1266  1448 E storaged: getDiskStats failed with result NOT_SUPPORTED and size 0
11-05 03:52:41.426  1756  2282 I chatty  : uid=1000(system) UEventObserver expire 10 lines
11-05 03:52:44.794  1266  1448 E storaged: getDiskStats failed with result NOT_SUPPORTED and size 0
11-05 03:52:48.815  1756  2428 I chatty  : uid=1000(system) AlarmManager expire 1 line
11-05 03:52:49.040 27456 27456 D ActivityThread: Loading provider com.whatsapp.provider.contact: com.whatsapp.contact.ContactProvider
11-05 03:52:49.071  1756 12645 I chatty  : uid=1000(system) Binder:1756_1F expire 1 line
11-05 03:53:44.798  1266  1448 E storaged: getDiskStats failed with result NOT_SUPPORTED and size 0
11-05 03:54:44.803  1266  1448 E storaged: getDiskStats failed with result NOT_SUPPORTED and size 0
11-05 03:55:44.808  1266  1448 E storaged: getDiskStats failed with result NOT_SUPPORTED and size 0
11-05 03:56:44.813  1266  1448 E storaged: getDiskStats failed with result NOT_SUPPORTED and size 0
11-05 03:57:44.817  1266  1448 E storaged: getDiskStats failed with result NOT_SUPPORTED and size 0
11-05 03:58:44.819  1266  1448 E storaged: getDiskStats failed with result NOT_SUPPORTED and size 0
11-05 03:58:48.584  1756  2676 I chatty  : uid=1000(system) Binder:1756_6 expire 1 line
11-05 03:59:44.825  1266  1448 E storaged: getDiskStats failed with result NOT_SUPPORTED and size 0
11-05 04:00:31.857  1756  1951 I chatty  : uid=1000(system) ActivityManager expire 1 line
11-05 04:00:31.900  1756  8689 I chatty  : uid=1000(system) Binder:1756_1C expire 2 lines
11-05 04:00:44.829  1266  1448 E storaged: getDiskStats failed with result NOT_SUPPORTED and size 0
11-05 04:01:44.834  1266  1448 E storaged: getDiskStats failed with result NOT_SUPPORTED and size 0
11-05 04:02:43.079  1756  2282 I chatty  : uid=1000(system) UEventObserver expire 7 lines
11-05 04:02:44.838  1266  1448 E storaged: getDiskStats failed with result NOT_SUPPORTED and size 0
11-05 04:03:44.840  1266  1448 E storaged: getDiskStats failed with result NOT_SUPPORTED and size 0
11-05 04:04:44.845  1266  1448 E storaged: getDiskStats failed with result NOT_SUPPORTED and size 0
11-05 04:05:44.849  1266  1448 E storaged: getDiskStats failed with result NOT_SUPPORTED and size 0
11-05 04:05:47.823  1756  3106 I chatty  : uid=1000(system) Binder:1756_8 expire 3 lines
11-05 04:06:44.851  1266  1448 E storaged: getDiskStats failed with result NOT_SUPPORTED and size 0
11-05 04:07:44.853  1266  1448 E storaged: getDiskStats failed with result NOT_SUPPORTED and size 0
11-05 04:08:44.858  1266  1448 E storaged: getDiskStats failed with result NOT_SUPPORTED and size 0
11-05 04:09:44.203  1756  2282 I chatty  : uid=1000(system) UEventObserver expire 10 lines
11-05 04:09:44.863  1266  1448 E storaged: getDiskStats failed with result NOT_SUPPORTED and size 0
11-05 04:10:44.869  1266  1448 E storaged: getDiskStats failed with result NOT_SUPPORTED and size 0
11-05 04:11:44.873  1266  1448 E storaged: getDiskStats failed with result NOT_SUPPORTED and size 0
11-05 04:12:44.878  1266  1448 E storaged: getDiskStats failed with result NOT_SUPPORTED and size 0
11-05 04:13:44.879  1266  1448 E storaged: getDiskStats failed with result NOT_SUPPORTED and size 0
11-05 04:14:44.884  1266  1448 E storaged: getDiskStats failed with result NOT_SUPPORTED and size 0
11-05 04:14:54.481  1756  4152 I chatty  : uid=1000(system) Binder:1756_E expire 3 lines
11-05 04:15:44.888  1266  1448 E storaged: getDiskStats failed with result NOT_SUPPORTED and size 0
11-05 04:16:44.891  1266  1448 E storaged: getDiskStats failed with result NOT_SUPPORTED and size 0
11-05 04:17:44.895  1266  1448 E storaged: getDiskStats failed with result NOT_SUPPORTED and size 0
11-05 04:18:28.906  1756  1966 I chatty  : uid=1000(system) android.io expire 2 lines
11-05 04:18:37.248  1756  1951 I chatty  : uid=1000(system) ActivityManager expire 12 lines
11-05 04:18:37.977  1756  9657 I chatty  : uid=1000(system) Binder:1756_1D expire 1 line
11-05 04:18:37.987  1756  8478 I chatty  : uid=1000(system) Binder:1756_1A expire 4 lines
11-05 04:18:42.676  1756  1949 I chatty  : uid=1000(system) ActivityManager expire 9 lines
11-05 04:18:44.897  1266  1448 E storaged: getDiskStats failed with result NOT_SUPPORTED and size 0
11-05 04:19:44.902  1266  1448 E storaged: getDiskStats failed with result NOT_SUPPORTED and size 0
11-05 04:19:45.803  1756  2282 I chatty  : uid=1000(system) UEventObserver expire 10 lines
11-05 04:20:44.907  1266  1448 E storaged: getDiskStats failed with result NOT_SUPPORTED and size 0
11-05 04:21:45.111  1266  1448 E storaged: getDiskStats failed with result NOT_SUPPORTED and size 0
11-05 04:22:45.115  1266  1448 E storaged: getDiskStats failed with result NOT_SUPPORTED and size 0
11-05 04:22:50.178  1756  3107 I chatty  : uid=1000(system) Binder:1756_9 expire 1 line
11-05 04:22:50.517  1756 11788 I chatty  : uid=1000(system) Binder:1756_1E expire 1 line
11-05 04:22:50.517  1756  2504 I chatty  : uid=1000(system) ConnectivitySer expire 3 lines
11-05 04:22:50.561  1756  1823 I chatty  : uid=1000(system) Binder:1756_2 expire 4 lines
11-05 04:23:45.120  1266  1448 E storaged: getDiskStats failed with result NOT_SUPPORTED and size 0
11-05 04:24:45.123  1266  1448 E storaged: getDiskStats failed with result NOT_SUPPORTED and size 0
11-05 04:25:45.128  1266  1448 E storaged: getDiskStats failed with result NOT_SUPPORTED and size 0
11-05 04:26:45.132  1266  1448 E storaged: getDiskStats failed with result NOT_SUPPORTED and size 0
11-05 04:26:59.068  1756  1948 I chatty  : uid=1000(system) android.bg expire 4 lines
11-05 04:27:45.136  1266  1448 E storaged: getDiskStats failed with result NOT_SUPPORTED and size 0
11-05 04:28:45.141  1266  1448 E storaged: getDiskStats failed with result NOT_SUPPORTED and size 0
11-05 04:29:45.145  1266  1448 E storaged: getDiskStats failed with result NOT_SUPPORTED and size 0
11-05 04:29:47.399  1756  2282 I chatty  : uid=1000(system) UEventObserver expire 10 lines
11-05 04:30:19.349  1756 12645 I chatty  : uid=1000(system) Binder:1756_1F expire 2 lines
11-05 04:30:40.441  1756  5957 I chatty  : uid=1000(system) Binder:1756_15 expire 1 line
11-05 04:30:44.734  1756  2552 I chatty  : uid=1000(system) Binder:1756_4 expire 8 lines
11-05 04:30:45.046  1756  1967 I chatty  : uid=1000(system) android.display expire 4 lines
11-05 04:30:45.146  1266  1448 E storaged: getDiskStats failed with result NOT_SUPPORTED and size 0
11-05 04:30:51.067  1756  1976 I chatty  : uid=1000(system) PowerManagerSer expire 4 lines
11-05 04:31:45.149  1266  1448 E storaged: getDiskStats failed with result NOT_SUPPORTED and size 0
11-05 04:32:45.152  1266  1448 E storaged: getDiskStats failed with result NOT_SUPPORTED and size 0
11-05 04:33:45.155  1266  1448 E storaged: getDiskStats failed with result NOT_SUPPORTED and size 0
11-05 04:34:45.160  1266  1448 E storaged: getDiskStats failed with result NOT_SUPPORTED and size 0
11-05 04:35:45.165  1266  1448 E storaged: getDiskStats failed with result NOT_SUPPORTED and size 0
11-05 04:36:45.167  1266  1448 E storaged: getDiskStats failed with result NOT_SUPPORTED and size 0
11-05 04:36:52.917  1756  2547 I chatty  : uid=1000(system) Binder:1756_3 expire 4 lines
11-05 04:37:45.172  1266  1448 E storaged: getDiskStats failed with result NOT_SUPPORTED and size 0
11-05 04:38:45.177  1266  1448 E storaged: getDiskStats failed with result NOT_SUPPORTED and size 0
11-05 04:39:45.182  1266  1448 E storaged: getDiskStats failed with result NOT_SUPPORTED and size 0
11-05 04:39:49.000  1756  2282 I chatty  : uid=1000(system) UEventObserver expire 10 lines
11-05 04:40:45.185  1266  1448 E storaged: getDiskStats failed with result NOT_SUPPORTED and size 0
11-05 04:41:45.186  1266  1448 E storaged: getDiskStats failed with result NOT_SUPPORTED and size 0
11-05 04:41:48.346  1756  4257 I chatty  : uid=1000(system) Binder:1756_F expire 3 lines
11-05 04:42:45.192  1266  1448 E storaged: getDiskStats failed with result NOT_SUPPORTED and size 0
11-05 04:43:45.198  1266  1448 E storaged: getDiskStats failed with result NOT_SUPPORTED and size 0
11-05 04:44:45.200  1266  1448 E storaged: getDiskStats failed with result NOT_SUPPORTED and size 0
11-05 04:45:12.193  1756  8145 I chatty  : uid=1000(system) Binder:1756_18 expire 4 lines
11-05 04:45:45.206  1266  1448 E storaged: getDiskStats failed with result NOT_SUPPORTED and size 0
11-05 04:46:45.209  1266  1448 E storaged: getDiskStats failed with result NOT_SUPPORTED and size 0
11-05 04:47:45.214  1266  1448 E storaged: getDiskStats failed with result NOT_SUPPORTED and size 0
11-05 04:48:45.217  1266  1448 E storaged: getDiskStats failed with result NOT_SUPPORTED and size 0
11-05 04:49:45.219  1266  1448 E storaged: getDiskStats failed with result NOT_SUPPORTED and size 0
11-05 04:49:50.596  1756  2282 I chatty  : uid=1000(system) UEventObserver expire 10 lines
11-05 04:50:45.224  1266  1448 E storaged: getDiskStats failed with result NOT_SUPPORTED and size 0
11-05 04:51:45.226  1266  1448 E storaged: getDiskStats failed with result NOT_SUPPORTED and size 0
11-05 04:52:45.230  1266  1448 E storaged: getDiskStats failed with result NOT_SUPPORTED and size 0
11-05 04:52:50.575  1756  5174 I chatty  : uid=1000(system) Binder:1756_12 expire 1 line
11-05 04:52:50.838 29702 29702 D ActivityThread: Loading provider com.whatsapp.provider.contact: com.whatsapp.contact.ContactProvider
11-05 04:53:45.236  1266  1448 E storaged: getDiskStats failed with result NOT_SUPPORTED and size 0
11-05 04:54:45.242  1266  1448 E storaged: getDiskStats failed with result NOT_SUPPORTED and size 0
11-05 04:55:45.247  1266  1448 E storaged: getDiskStats failed with result NOT_SUPPORTED and size 0
11-05 04:56:45.248  1266  1448 E storaged: getDiskStats failed with result NOT_SUPPORTED and size 0
11-05 04:57:32.319  1756  1756 I chatty  : uid=1000 system_server expire 2 lines
11-05 04:57:45.254  1266  1448 E storaged: getDiskStats failed with result NOT_SUPPORTED and size 0
11-05 04:58:45.258  1266  1448 E storaged: getDiskStats failed with result NOT_SUPPORTED and size 0
11-05 04:59:45.262  1266  1448 E storaged: getDiskStats failed with result NOT_SUPPORTED and size 0
11-05 04:59:52.203  1756  2282 I chatty  : uid=1000(system) UEventObserver expire 10 lines
11-05 05:00:45.269  1266  1448 E storaged: getDiskStats failed with result NOT_SUPPORTED and size 0
11-05 05:01:45.271  1266  1448 E storaged: getDiskStats failed with result NOT_SUPPORTED and size 0
11-05 05:02:45.275  1266  1448 E storaged: getDiskStats failed with result NOT_SUPPORTED and size 0
11-05 05:03:45.280  1266  1448 E storaged: getDiskStats failed with result NOT_SUPPORTED and size 0
11-05 05:04:45.282  1266  1448 E storaged: getDiskStats failed with result NOT_SUPPORTED and size 0
11-05 05:05:45.288  1266  1448 E storaged: getDiskStats failed with result NOT_SUPPORTED and size 0
11-05 05:06:45.291  1266  1448 E storaged: getDiskStats failed with result NOT_SUPPORTED and size 0
11-05 05:07:45.296  1266  1448 E storaged: getDiskStats failed with result NOT_SUPPORTED and size 0
11-05 05:08:45.300  1266  1448 E storaged: getDiskStats failed with result NOT_SUPPORTED and size 0
11-05 05:09:45.305  1266  1448 E storaged: getDiskStats failed with result NOT_SUPPORTED and size 0
11-05 05:09:53.799  1756  2282 I chatty  : uid=1000(system) UEventObserver expire 5 lines
11-05 05:10:45.310  1266  1448 E storaged: getDiskStats failed with result NOT_SUPPORTED and size 0
11-05 05:10:47.652  1756  1951 I chatty  : uid=1000(system) ActivityManager expire 5 lines
11-05 05:10:48.552  1756  3912 I chatty  : uid=1000(system) backup expire 5 lines
11-05 05:10:51.911  1756  3105 I chatty  : uid=1000(system) Binder:1756_7 expire 2 lines
11-05 05:11:42.998  1756 16668 I chatty  : uid=1000(system) Binder:1756_20 expire 1 line
11-05 05:11:43.036  1756  4260 I chatty  : uid=1000(system) Binder:1756_10 expire 5 lines
11-05 05:11:45.313  1266  1448 E storaged: getDiskStats failed with result NOT_SUPPORTED and size 0
11-05 05:12:45.318  1266  1448 E storaged: getDiskStats failed with result NOT_SUPPORTED and size 0
11-05 05:13:45.319  1266  1448 E storaged: getDiskStats failed with result NOT_SUPPORTED and size 0
11-05 05:14:42.148  1756  1949 I chatty  : uid=1000(system) ActivityManager expire 11 lines
11-05 05:14:42.166  1756  4152 I chatty  : uid=1000(system) Binder:1756_E expire 2 lines
11-05 05:14:43.184  1756  3107 I chatty  : uid=1000(system) Binder:1756_9 expire 5 lines
11-05 05:14:45.324  1266  1448 E storaged: getDiskStats failed with result NOT_SUPPORTED and size 0
11-05 05:14:54.596  1756  2282 I chatty  : uid=1000(system) UEventObserver expire 10 lines
11-05 05:15:45.329  1266  1448 E storaged: getDiskStats failed with result NOT_SUPPORTED and size 0
11-05 05:16:45.330  1266  1448 E storaged: getDiskStats failed with result NOT_SUPPORTED and size 0
11-05 05:17:45.335  1266  1448 E storaged: getDiskStats failed with result NOT_SUPPORTED and size 0
11-05 05:17:46.392  1756  2552 I chatty  : uid=1000(system) Binder:1756_4 expire 2 lines
11-05 05:17:47.830  1756  4264 I chatty  : uid=1000(system) Binder:1756_11 expire 3 lines
11-05 05:17:48.070  1756  1967 I chatty  : uid=1000(system) android.display expire 10 lines
11-05 05:17:54.081  1756  1976 I chatty  : uid=1000(system) PowerManagerSer expire 18 lines
11-05 05:18:45.340  1266  1448 E storaged: getDiskStats failed with result NOT_SUPPORTED and size 0
11-05 05:19:45.345  1266  1448 E storaged: getDiskStats failed with result NOT_SUPPORTED and size 0
11-05 05:20:45.351  1266  1448 E storaged: getDiskStats failed with result NOT_SUPPORTED and size 0
11-05 05:21:45.553  1266  1448 E storaged: getDiskStats failed with result NOT_SUPPORTED and size 0
11-05 05:22:45.555  1266  1448 E storaged: getDiskStats failed with result NOT_SUPPORTED and size 0
11-05 05:22:50.647  1756  3105 I chatty  : uid=1000(system) Binder:1756_7 expire 6 lines
11-05 05:22:51.202  1756  1951 I chatty  : uid=1000(system) ActivityManager expire 10 lines
11-05 05:22:55.715  1756  1822 I chatty  : uid=1000(system) Binder:1756_1 expire 6 lines
11-05 05:22:55.776  1756  2504 I chatty  : uid=1000(system) ConnectivitySer expire 3 lines
11-05 05:23:45.561  1266  1448 E storaged: getDiskStats failed with result NOT_SUPPORTED and size 0
11-05 05:24:45.566  1266  1448 E storaged: getDiskStats failed with result NOT_SUPPORTED and size 0
11-05 05:24:56.202  1756  2282 I chatty  : uid=1000(system) UEventObserver expire 10 lines
11-05 05:25:45.572  1266  1448 E storaged: getDiskStats failed with result NOT_SUPPORTED and size 0
11-05 05:26:45.574  1266  1448 E storaged: getDiskStats failed with result NOT_SUPPORTED and size 0
11-05 05:27:45.578  1266  1448 E storaged: getDiskStats failed with result NOT_SUPPORTED and size 0
11-05 05:28:45.583  1266  1448 E storaged: getDiskStats failed with result NOT_SUPPORTED and size 0
11-05 05:29:45.588  1266  1448 E storaged: getDiskStats failed with result NOT_SUPPORTED and size 0
11-05 05:30:45.593  1266  1448 E storaged: getDiskStats failed with result NOT_SUPPORTED and size 0
11-05 05:31:45.598  1266  1448 E storaged: getDiskStats failed with result NOT_SUPPORTED and size 0
11-05 05:32:45.603  1266  1448 E storaged: getDiskStats failed with result NOT_SUPPORTED and size 0
11-05 05:33:00.136  1756  1948 I chatty  : uid=1000(system) android.bg expire 2 lines
11-05 05:33:45.608  1266  1448 E storaged: getDiskStats failed with result NOT_SUPPORTED and size 0
11-05 05:34:45.612  1266  1448 E storaged: getDiskStats failed with result NOT_SUPPORTED and size 0
11-05 05:34:57.803  1756  2282 I chatty  : uid=1000(system) UEventObserver expire 10 lines
11-05 05:35:45.618  1266  1448 E storaged: getDiskStats failed with result NOT_SUPPORTED and size 0
11-05 05:36:45.625  1266  1448 E storaged: getDiskStats failed with result NOT_SUPPORTED and size 0
11-05 05:37:45.631  1266  1448 E storaged: getDiskStats failed with result NOT_SUPPORTED and size 0
11-05 05:38:45.633  1266  1448 E storaged: getDiskStats failed with result NOT_SUPPORTED and size 0
11-05 05:39:45.637  1266  1448 E storaged: getDiskStats failed with result NOT_SUPPORTED and size 0
11-05 05:40:45.641  1266  1448 E storaged: getDiskStats failed with result NOT_SUPPORTED and size 0
11-05 05:40:59.625  1756  3951 I chatty  : uid=1000(system) Binder:1756_D expire 2 lines
11-05 05:40:59.663  1756 12645 I chatty  : uid=1000(system) Binder:1756_1F expire 1 line
11-05 05:41:45.646  1266  1448 E storaged: getDiskStats failed with result NOT_SUPPORTED and size 0
11-05 05:42:45.652  1266  1448 E storaged: getDiskStats failed with result NOT_SUPPORTED and size 0
11-05 05:42:59.718  1756 16668 I chatty  : uid=1000(system) Binder:1756_20 expire 3 lines
11-05 05:43:45.659  1266  1448 E storaged: getDiskStats failed with result NOT_SUPPORTED and size 0
11-05 05:44:45.665  1266  1448 E storaged: getDiskStats failed with result NOT_SUPPORTED and size 0
11-05 05:44:57.827  1756  5869 I chatty  : uid=1000(system) Binder:1756_13 expire 5 lines
11-05 05:44:59.401  1756  2282 I chatty  : uid=1000(system) UEventObserver expire 10 lines
11-05 05:45:45.671  1266  1448 E storaged: getDiskStats failed with result NOT_SUPPORTED and size 0
11-05 05:46:45.677  1266  1448 E storaged: getDiskStats failed with result NOT_SUPPORTED and size 0
11-05 05:46:47.300  1756  1949 I chatty  : uid=1000(system) ActivityManager expire 11 lines
11-05 05:47:45.678  1266  1448 E storaged: getDiskStats failed with result NOT_SUPPORTED and size 0
11-05 05:48:45.681  1266  1448 E storaged: getDiskStats failed with result NOT_SUPPORTED and size 0
11-05 05:49:45.685  1266  1448 E storaged: getDiskStats failed with result NOT_SUPPORTED and size 0
11-05 05:50:45.691  1266  1448 E storaged: getDiskStats failed with result NOT_SUPPORTED and size 0
11-05 05:51:06.444  1756  2429 I chatty  : uid=1000(system) HwBinder:1756_2 expire 1 line
11-05 05:51:06.445  1756  1965 I chatty  : uid=1000(system) android.fg expire 11 lines
11-05 05:51:06.552  1756  1756 I chatty  : uid=1000 system_server expire 10 lines
11-05 05:51:06.611  1756  1953 I chatty  : uid=1000(system) batterystats-wo expire 1 line
11-05 05:51:07.902  1756  3950 I chatty  : uid=1000(system) Binder:1756_C expire 1 line
11-05 05:51:10.976  1756  5942 I chatty  : uid=1000(system) Binder:1756_14 expire 1 line
11-05 05:51:17.584 12451 32093 E ActivityThread: Failed to find provider info for com.motorola.audiomonitor.settings.provider
11-05 05:51:17.588 12451 32094 E ActivityThread: Failed to find provider info for com.motorola.audiomonitor.settings.provider
11-05 05:51:21.928  1756  1756 I chatty  : uid=1000 system_server expire 10 lines
11-05 05:51:25.001  1756  2433 I chatty  : uid=1000(system) InputReader expire 1 line
11-05 05:51:35.974 12451 32097 E ActivityThread: Failed to find provider info for com.motorola.audiomonitor.settings.provider
11-05 05:51:35.977 12451 32097 E ActivityThread: Failed to find provider info for com.motorola.audiomonitor.settings.provider
11-05 05:51:44.396  1756  1976 I chatty  : uid=1000(system) PowerManagerSer expire 9 lines
11-05 05:51:45.696  1266  1448 E storaged: getDiskStats failed with result NOT_SUPPORTED and size 0
11-05 05:51:47.045  1756  1967 I chatty  : uid=1000(system) android.display expire 10 lines
11-05 05:53:39.953  1756  1965 I chatty  : uid=1000(system) android.fg expire 3 lines
11-05 05:53:39.962  2561  2561 D StatusBarKeyguardViewManager: requestUnlock collapse=true
11-05 05:53:39.963  1756  8689 I chatty  : uid=1000(system) Binder:1756_1C expire 2 lines
11-05 05:53:55.159  1756 11788 I chatty  : uid=1000(system) Binder:1756_1E expire 1 line
11-05 05:54:15.366  1266  1448 E storaged: getDiskStats failed with result NOT_SUPPORTED and size 0
11-05 05:54:36.639  1756  2282 I chatty  : uid=1000(system) UEventObserver expire 9 lines
11-05 05:54:46.070  1756  8511 I chatty  : uid=1000(system) Binder:1756_1B expire 4 lines
11-05 05:54:46.136  1756  1756 I chatty  : uid=1000 system_server expire 3 lines
11-05 05:54:46.205  3282  9338 D ProcSpeedReader: Failed to read freq stats from null
11-05 05:54:46.429  1756  1949 I chatty  : uid=1000(system) ActivityManager expire 8 lines
11-05 05:54:46.489  1756  5957 I chatty  : uid=1000(system) Binder:1756_15 expire 8 lines
11-05 05:55:00.314  1756  1950 I chatty  : uid=1000(system) android.ui expire 3 lines
11-05 05:55:00.747  4067  4067 E SchedPolicy: set_timerslack_ns write failed: Operation not permitted
11-05 05:55:00.748  4067  4067 I chatty  : uid=10049(com.motorola.launcher3) identical 4 lines
11-05 05:55:00.951  4067  4067 E SchedPolicy: set_timerslack_ns write failed: Operation not permitted
11-05 05:55:01.412  1756  2277 I chatty  : uid=1000(system) android.anim expire 3 lines
11-05 05:55:02.173  4067  4067 E SchedPolicy: set_timerslack_ns write failed: Operation not permitted
11-05 05:55:02.309  4067  4067 E SchedPolicy: set_timerslack_ns write failed: Operation not permitted
11-05 05:55:04.406  1756  4257 I chatty  : uid=1000(system) Binder:1756_F expire 4 lines
11-05 05:55:04.475  3282  9338 D ProcSpeedReader: Failed to read freq stats from null
11-05 05:55:04.523  1756  1951 I chatty  : uid=1000(system) ActivityManager expire 3 lines
11-05 05:55:04.552  3282  9338 D ProcSpeedReader: Failed to read freq stats from null
11-05 05:55:04.562  1756  5174 I chatty  : uid=1000(system) Binder:1756_12 expire 1 line
11-05 05:55:08.307  1756  2428 I chatty  : uid=1000(system) AlarmManager expire 1 line
11-05 05:55:15.369  1266  1448 E storaged: getDiskStats failed with result NOT_SUPPORTED and size 0
11-05 05:55:25.637  1756  3488 I chatty  : uid=1000(system) Binder:1756_B expire 2 lines
11-05 05:56:15.370  1266  1448 E storaged: getDiskStats failed with result NOT_SUPPORTED and size 0
11-05 05:57:15.373  1266  1448 E storaged: getDiskStats failed with result NOT_SUPPORTED and size 0
11-05 05:58:15.374  1266  1448 E storaged: getDiskStats failed with result NOT_SUPPORTED and size 0
11-05 05:59:15.375  1266  1448 E storaged: getDiskStats failed with result NOT_SUPPORTED and size 0
11-05 06:00:15.376  1266  1448 E storaged: getDiskStats failed with result NOT_SUPPORTED and size 0
11-05 06:01:15.380  1266  1448 E storaged: getDiskStats failed with result NOT_SUPPORTED and size 0
11-05 06:02:14.922  1756  2432 I chatty  : uid=1000(system) InputDispatcher expire 1 line
11-05 06:02:14.982  3282  9338 D ProcSpeedReader: Failed to read freq stats from null
11-05 06:02:15.013  3282  9338 D ProcSpeedReader: Failed to read freq stats from null
11-05 06:02:15.184  1756  1967 I chatty  : uid=1000(system) android.display expire 2 lines
11-05 06:02:15.382  1266  1448 E storaged: getDiskStats failed with result NOT_SUPPORTED and size 0
11-05 06:02:18.382  1756  3106 I chatty  : uid=1000(system) Binder:1756_8 expire 2 lines
11-05 06:02:18.409  3282  9338 D ProcSpeedReader: Failed to read freq stats from null
11-05 06:02:18.438  3282  9338 D ProcSpeedReader: Failed to read freq stats from null
11-05 06:02:34.583  1756  2432 I chatty  : uid=1000(system) InputDispatcher expire 5 lines
11-05 06:02:34.590  3282  9338 D ProcSpeedReader: Failed to read freq stats from null
11-05 06:02:34.626  3282  9338 D ProcSpeedReader: Failed to read freq stats from null
11-05 06:02:34.656  1756  1949 I chatty  : uid=1000(system) ActivityManager expire 10 lines
11-05 06:02:34.786  1756  1967 I chatty  : uid=1000(system) android.display expire 11 lines
11-05 06:02:34.786  1756  1756 I chatty  : uid=1000 system_server expire 17 lines
11-05 06:02:34.875  1756  4257 I chatty  : uid=1000(system) Binder:1756_F expire 7 lines
11-05 06:02:35.357  1756  8689 I chatty  : uid=1000(system) Binder:1756_1C expire 4 lines
11-05 06:02:35.367  1756  2282 I chatty  : uid=1000(system) UEventObserver expire 10 lines
11-05 06:02:35.462  1756  4260 I chatty  : uid=1000(system) Binder:1756_10 expire 8 lines
11-05 06:02:36.316  1756  1950 I chatty  : uid=1000(system) android.ui expire 10 lines
11-05 06:02:36.514  4067  4067 E SchedPolicy: set_timerslack_ns write failed: Operation not permitted
11-05 06:02:36.515  4067  4067 I chatty  : uid=10049(com.motorola.launcher3) identical 10 lines
11-05 06:02:36.637  4067  4067 E SchedPolicy: set_timerslack_ns write failed: Operation not permitted
11-05 06:02:36.712  1756  8478 I chatty  : uid=1000(system) Binder:1756_1A expire 5 lines
11-05 06:02:36.980  1756  2277 I chatty  : uid=1000(system) android.anim expire 9 lines
11-05 06:02:38.101  1756  2676 I chatty  : uid=1000(system) Binder:1756_6 expire 5 lines
11-05 06:02:38.146  4067  4067 E SchedPolicy: set_timerslack_ns write failed: Operation not permitted
11-05 06:02:38.276  4067  4067 E SchedPolicy: set_timerslack_ns write failed: Operation not permitted
11-05 06:02:43.584  3282  9338 D ProcSpeedReader: Failed to read freq stats from null
11-05 06:02:43.610  3282  9338 D ProcSpeedReader: Failed to read freq stats from null
11-05 06:03:15.383  1266  1448 E storaged: getDiskStats failed with result NOT_SUPPORTED and size 0
11-05 06:04:15.387  1266  1448 E storaged: getDiskStats failed with result NOT_SUPPORTED and size 0
11-05 06:05:15.392  1266  1448 E storaged: getDiskStats failed with result NOT_SUPPORTED and size 0
11-05 06:06:15.393  1266  1448 E storaged: getDiskStats failed with result NOT_SUPPORTED and size 0
11-05 06:07:15.395  1266  1448 E storaged: getDiskStats failed with result NOT_SUPPORTED and size 0
11-05 06:08:10.997  1756  8511 I chatty  : uid=1000(system) Binder:1756_1B expire 11 lines
11-05 06:08:15.396  1266  1448 E storaged: getDiskStats failed with result NOT_SUPPORTED and size 0
11-05 06:09:15.400  1266  1448 E storaged: getDiskStats failed with result NOT_SUPPORTED and size 0
11-05 06:10:15.406  1266  1448 E storaged: getDiskStats failed with result NOT_SUPPORTED and size 0
11-05 06:10:39.193  1756  2282 I chatty  : uid=1000(system) UEventObserver expire 10 lines
11-05 06:10:39.265  1756  5957 I chatty  : uid=1000(system) Binder:1756_15 expire 2 lines
11-05 06:11:15.409  1266  1448 E storaged: getDiskStats failed with result NOT_SUPPORTED and size 0
11-05 06:12:00.549  1756  3951 I chatty  : uid=1000(system) Binder:1756_D expire 7 lines
11-05 06:12:15.414  1266  1448 E storaged: getDiskStats failed with result NOT_SUPPORTED and size 0
11-05 06:13:15.418  1266  1448 E storaged: getDiskStats failed with result NOT_SUPPORTED and size 0
11-05 06:14:15.423  1266  1448 E storaged: getDiskStats failed with result NOT_SUPPORTED and size 0
11-05 06:15:15.424  1266  1448 E storaged: getDiskStats failed with result NOT_SUPPORTED and size 0
11-05 06:16:15.426  1266  1448 E storaged: getDiskStats failed with result NOT_SUPPORTED and size 0
11-05 06:16:42.880  1756  7524 I chatty  : uid=1000(system) Binder:1756_17 expire 4 lines
11-05 06:17:15.428  1266  1448 E storaged: getDiskStats failed with result NOT_SUPPORTED and size 0
11-05 06:18:15.432  1266  1448 E storaged: getDiskStats failed with result NOT_SUPPORTED and size 0
11-05 06:18:21.110  3282  9338 D ProcSpeedReader: Failed to read freq stats from null
11-05 06:18:21.130  3282  9338 D ProcSpeedReader: Failed to read freq stats from null
11-05 06:18:21.382  1756  3950 I chatty  : uid=1000(system) Binder:1756_C expire 3 lines
11-05 06:18:26.949  4067  4067 E SchedPolicy: set_timerslack_ns write failed: Operation not permitted
11-05 06:18:27.068  4067  4067 E SchedPolicy: set_timerslack_ns write failed: Operation not permitted
11-05 06:18:27.290  1756  6983 I chatty  : uid=1000(system) Binder:1756_16 expire 2 lines
11-05 06:18:35.196  4067  4067 E SchedPolicy: set_timerslack_ns write failed: Operation not permitted
11-05 06:18:35.322  4067  4067 E SchedPolicy: set_timerslack_ns write failed: Operation not permitted
11-05 06:18:37.348  1756  1948 I chatty  : uid=1000(system) android.bg expire 1 line
11-05 06:18:40.690  1756  2282 I chatty  : uid=1000(system) UEventObserver expire 10 lines
11-05 06:18:43.495  1756  1950 I chatty  : uid=1000(system) android.ui expire 10 lines
11-05 06:18:43.672  4067  4067 E SchedPolicy: set_timerslack_ns write failed: Operation not permitted
11-05 06:18:43.829  4067  4067 E SchedPolicy: set_timerslack_ns write failed: Operation not permitted
11-05 06:19:15.435  1266  1448 E storaged: getDiskStats failed with result NOT_SUPPORTED and size 0
11-05 06:20:15.439  1266  1448 E storaged: getDiskStats failed with result NOT_SUPPORTED and size 0
11-05 06:21:15.445  1266  1448 E storaged: getDiskStats failed with result NOT_SUPPORTED and size 0
11-05 06:22:00.049  1756  5942 I chatty  : uid=1000(system) Binder:1756_14 expire 3 lines
11-05 06:22:00.050  1756  2504 I chatty  : uid=1000(system) ConnectivitySer expire 18 lines
11-05 06:22:15.449  1266  1448 E storaged: getDiskStats failed with result NOT_SUPPORTED and size 0
11-05 06:23:15.682  1266  1448 E storaged: getDiskStats failed with result NOT_SUPPORTED and size 0
11-05 06:23:32.424  4067  4067 E SchedPolicy: set_timerslack_ns write failed: Operation not permitted
11-05 06:23:32.424  4067  4067 I chatty  : uid=10049(com.motorola.launcher3) identical 4 lines
11-05 06:23:32.425  4067  4067 E SchedPolicy: set_timerslack_ns write failed: Operation not permitted
11-05 06:23:32.519  1756  9657 I chatty  : uid=1000(system) Binder:1756_1D expire 2 lines
11-05 06:23:32.568  4067  4067 E SchedPolicy: set_timerslack_ns write failed: Operation not permitted
11-05 06:23:35.880  3282  9338 D ProcSpeedReader: Failed to read freq stats from null
11-05 06:23:35.917  3282  9338 D ProcSpeedReader: Failed to read freq stats from null
11-05 06:23:42.550  3282  9338 D ProcSpeedReader: Failed to read freq stats from null
11-05 06:23:42.571  3282  9338 D ProcSpeedReader: Failed to read freq stats from null
11-05 06:23:51.755  1756  1951 I chatty  : uid=1000(system) ActivityManager expire 6 lines
11-05 06:24:15.686  1266  1448 E storaged: getDiskStats failed with result NOT_SUPPORTED and size 0
11-05 06:24:41.774  1756  1823 I chatty  : uid=1000(system) Binder:1756_2 expire 6 lines
11-05 06:25:12.333  4067  4067 E SchedPolicy: set_timerslack_ns write failed: Operation not permitted
11-05 06:25:12.503  4067  4067 E SchedPolicy: set_timerslack_ns write failed: Operation not permitted
11-05 06:25:12.674  1756  5869 I chatty  : uid=1000(system) Binder:1756_13 expire 2 lines
11-05 06:25:15.693  1266  1448 E storaged: getDiskStats failed with result NOT_SUPPORTED and size 0
11-05 06:26:15.697  1266  1448 E storaged: getDiskStats failed with result NOT_SUPPORTED and size 0
11-05 06:26:41.971  1756  2282 I chatty  : uid=1000(system) UEventObserver expire 11 lines
11-05 06:27:15.702  1266  1448 E storaged: getDiskStats failed with result NOT_SUPPORTED and size 0
11-05 06:27:56.259  1756  4152 I chatty  : uid=1000(system) Binder:1756_E expire 2 lines
11-05 06:27:56.874  1756  3426 I chatty  : uid=1000(system) Binder:1756_A expire 2 lines
11-05 06:28:15.703  1266  1448 E storaged: getDiskStats failed with result NOT_SUPPORTED and size 0
11-05 06:29:15.708  1266  1448 E storaged: getDiskStats failed with result NOT_SUPPORTED and size 0
11-05 06:29:48.815  1756  8406 I chatty  : uid=1000(system) Binder:1756_19 expire 1 line
11-05 06:30:15.710  1266  1448 E storaged: getDiskStats failed with result NOT_SUPPORTED and size 0
11-05 06:30:38.471  1756  2547 I chatty  : uid=1000(system) Binder:1756_3 expire 1 line
11-05 06:30:39.077  1756  1949 I chatty  : uid=1000(system) ActivityManager expire 4 lines
11-05 06:30:41.298  3920  3945 I AlwaysOnHotwordDetector: onDetected
11-05 06:30:43.337  1756  2800 I chatty  : uid=1000(system) BluetoothRouteM expire 1 line
11-05 06:30:43.342  1756  2806 I chatty  : uid=1000(system) uteStateMachine expire 10 lines
11-05 06:30:53.452  1756  2504 I chatty  : uid=1000(system) ConnectivitySer expire 2 lines
11-05 06:31:15.711  1266  1448 E storaged: getDiskStats failed with result NOT_SUPPORTED and size 0
11-05 06:31:23.534  1756  1950 I chatty  : uid=1000(system) android.ui expire 3 lines
11-05 06:31:23.672  4067  4067 E SchedPolicy: set_timerslack_ns write failed: Operation not permitted
11-05 06:31:23.938  4067  4067 E SchedPolicy: set_timerslack_ns write failed: Operation not permitted
11-05 06:31:26.365  1756 12645 I chatty  : uid=1000(system) Binder:1756_1F expire 7 lines
11-05 06:31:27.796  1756  1756 I chatty  : uid=1000 system_server expire 3 lines
11-05 06:31:55.965  3282  9338 D ProcSpeedReader: Failed to read freq stats from null
11-05 06:31:56.006  3282  9338 D ProcSpeedReader: Failed to read freq stats from null
11-05 06:31:56.415  1756  1967 I chatty  : uid=1000(system) android.display expire 1 line
11-05 06:32:15.713  1266  1448 E storaged: getDiskStats failed with result NOT_SUPPORTED and size 0
11-05 06:32:42.970  1756  3105 I chatty  : uid=1000(system) Binder:1756_7 expire 2 lines
11-05 06:33:15.714  1266  1448 E storaged: getDiskStats failed with result NOT_SUPPORTED and size 0
11-05 06:34:15.715  1266  1448 E storaged: getDiskStats failed with result NOT_SUPPORTED and size 0
11-05 06:35:15.716  1266  1448 E storaged: getDiskStats failed with result NOT_SUPPORTED and size 0
11-05 06:35:43.406  1756  2282 I chatty  : uid=1000(system) UEventObserver expire 2 lines
11-05 06:35:48.836  1756 11788 I chatty  : uid=1000(system) Binder:1756_1E expire 13 lines
11-05 06:36:15.717  1266  1448 E storaged: getDiskStats failed with result NOT_SUPPORTED and size 0
11-05 06:36:48.993  1756  8478 I chatty  : uid=1000(system) Binder:1756_1A expire 6 lines
11-05 06:37:15.719  1266  1448 E storaged: getDiskStats failed with result NOT_SUPPORTED and size 0
11-05 06:37:26.334  2561  2561 V DeadZone: consuming errant click: (782.0,55.0)
11-05 06:37:26.334  2561  2561 V DeadZone: consuming errant click: (782.0,55.0)
11-05 06:37:26.468  2561  2561 V DeadZone: consuming errant click: (775.0,43.0)
11-05 06:37:26.468  2561  2561 V DeadZone: consuming errant click: (775.0,43.0)
11-05 06:37:29.461  1756  2282 I chatty  : uid=1000(system) UEventObserver expire 11 lines
11-05 06:37:43.766  1756 12645 I chatty  : uid=1000(system) Binder:1756_1F expire 11 lines
11-05 06:38:15.720  1266  1448 E storaged: getDiskStats failed with result NOT_SUPPORTED and size 0
11-05 06:38:40.774  1756  1948 I chatty  : uid=1000(system) android.bg expire 3 lines
11-05 06:39:16.186  1266  1448 E storaged: getDiskStats failed with result NOT_SUPPORTED and size 0
11-05 06:40:16.189  1266  1448 E storaged: getDiskStats failed with result NOT_SUPPORTED and size 0
11-05 06:40:21.303  1756  3426 I chatty  : uid=1000(system) Binder:1756_A expire 8 lines
11-05 06:41:16.190  1266  1448 E storaged: getDiskStats failed with result NOT_SUPPORTED and size 0
11-05 06:42:16.191  1266  1448 E storaged: getDiskStats failed with result NOT_SUPPORTED and size 0
11-05 06:42:50.377  1756  8511 I chatty  : uid=1000(system) Binder:1756_1B expire 5 lines
11-05 06:43:16.193  1266  1448 E storaged: getDiskStats failed with result NOT_SUPPORTED and size 0
11-05 06:44:10.290  1756  1951 I chatty  : uid=1000(system) ActivityManager expire 8 lines
